Java HotSpot(TM) 64-Bit Server VM (25.92-b14) for windows-amd64 JRE (1.8.0_92-b14), built on Mar 31 2016 21:03:04 by "java_re" with MS VC++ 10.0 (VS2010)
Memory: 4k page, physical 16672176k(7610424k free), swap 19424688k(8414144k free)
CommandLine flags: -XX:CMSInitiatingOccupancyFraction=50 -XX:CMSMaxAbortablePrecleanTime=6000 -XX:+CMSParallelRemarkEnabled -XX:+CMSScavengeBeforeRemark -XX:ConcGCThreads=4 -XX:GCLogFileSize=20971520 -XX:InitialHeapSize=536870912 -XX:MaxHeapSize=536870912 -XX:MaxTenuringThreshold=8 -XX:NewRatio=3 -XX:NumberOfGCLogFiles=9 -XX:OldPLABSize=16 -XX:-OmitStackTraceInFastThrow -XX:ParallelGCThreads=4 -XX:+ParallelRefProcEnabled -XX:PretenureSizeThreshold=67108864 -XX:+PrintGC -XX:+PrintGCApplicationStoppedTime -XX:+PrintGCDateStamps -XX:+PrintGCDetails -XX:+PrintGCTimeStamps -XX:+PrintHeapAtGC -XX:+PrintTenuringDistribution -XX:SurvivorRatio=4 -XX:TargetSurvivorRatio=90 -XX:ThreadStackSize=256 -XX:+UseCMSInitiatingOccupancyOnly -XX:+UseCompressedClassPointers -XX:+UseCompressedOops -XX:+UseConcMarkSweepGC -XX:+UseGCLogFileRotation -XX:-UseLargePagesIndividualAllocation -XX:+UseParNewGC 
2018-12-17T12:08:52.930+0300: 1.042: Total time for which application threads were stopped: 0.0002978 seconds, Stopping threads took: 0.0000516 seconds
2018-12-17T12:08:53.931+0300: 2.043: Total time for which application threads were stopped: 0.0002129 seconds, Stopping threads took: 0.0000597 seconds
2018-12-17T12:08:54.420+0300: 2.532: Total time for which application threads were stopped: 0.0003435 seconds, Stopping threads took: 0.0000550 seconds
2018-12-17T12:08:55.421+0300: 3.533: Total time for which application threads were stopped: 0.0001451 seconds, Stopping threads took: 0.0000555 seconds
2018-12-17T12:08:55.686+0300: 3.798: Total time for which application threads were stopped: 0.0001775 seconds, Stopping threads took: 0.0000247 seconds
2018-12-17T12:08:55.989+0300: 4.101: Total time for which application threads were stopped: 0.0003021 seconds, Stopping threads took: 0.0000201 seconds
2018-12-17T12:08:56.148+0300: 4.260: Total time for which application threads were stopped: 0.0001562 seconds, Stopping threads took: 0.0000252 seconds
2018-12-17T12:08:57.149+0300: 5.261: Total time for which application threads were stopped: 0.0001122 seconds, Stopping threads took: 0.0000252 seconds
2018-12-17T12:08:58.149+0300: 6.261: Total time for which application threads were stopped: 0.0001387 seconds, Stopping threads took: 0.0000341 seconds
2018-12-17T12:08:58.254+0300: 6.367: Total time for which application threads were stopped: 0.0001562 seconds, Stopping threads took: 0.0001075 seconds
2018-12-17T12:08:58.254+0300: 6.367: Total time for which application threads were stopped: 0.0000580 seconds, Stopping threads took: 0.0000179 seconds
2018-12-17T12:08:58.255+0300: 6.368: Total time for which application threads were stopped: 0.0000734 seconds, Stopping threads took: 0.0000235 seconds
2018-12-17T12:08:58.255+0300: 6.368: Total time for which application threads were stopped: 0.0000789 seconds, Stopping threads took: 0.0000333 seconds
2018-12-17T12:08:58.283+0300: 6.394: Total time for which application threads were stopped: 0.0004036 seconds, Stopping threads took: 0.0000640 seconds
2018-12-17T12:08:58.318+0300: 6.430: Total time for which application threads were stopped: 0.0003951 seconds, Stopping threads took: 0.0000503 seconds
2018-12-17T12:08:58.622+0300: 6.735: Total time for which application threads were stopped: 0.0003930 seconds, Stopping threads took: 0.0000427 seconds
2018-12-17T12:08:59.414+0300: 7.526: Total time for which application threads were stopped: 0.0002453 seconds, Stopping threads took: 0.0000218 seconds
{Heap before GC invocations=0 (full 0):
 par new generation   total 109248K, used 87424K [0x00000000e0000000, 0x00000000e8000000, 0x00000000e8000000)
  eden space 87424K, 100% used [0x00000000e0000000, 0x00000000e5560000, 0x00000000e5560000)
  from space 21824K,   0% used [0x00000000e5560000, 0x00000000e5560000, 0x00000000e6ab0000)
  to   space 21824K,   0% used [0x00000000e6ab0000, 0x00000000e6ab0000, 0x00000000e8000000)
 concurrent mark-sweep generation total 393216K, used 0K [0x00000000e8000000, 0x0000000100000000, 0x0000000100000000)
 Metaspace       used 18373K, capacity 18728K, committed 19072K, reserved 1067008K
  class space    used 2236K, capacity 2381K, committed 2432K, reserved 1048576K
2018-12-17T12:08:59.723+0300: 7.835: [GC (Allocation Failure) 2018-12-17T12:08:59.723+0300: 7.835: [ParNew
Desired survivor size 20112992 bytes, new threshold 8 (max 8)
- age   1:   11720840 bytes,   11720840 total
: 87424K->11548K(109248K), 0.0193241 secs] 87424K->11548K(502464K), 0.0194338 secs] [Times: user=0.09 sys=0.03, real=0.02 secs] 
Heap after GC invocations=1 (full 0):
 par new generation   total 109248K, used 11548K [0x00000000e0000000, 0x00000000e8000000, 0x00000000e8000000)
  eden space 87424K,   0% used [0x00000000e0000000, 0x00000000e0000000, 0x00000000e5560000)
  from space 21824K,  52% used [0x00000000e6ab0000, 0x00000000e75f7208, 0x00000000e8000000)
  to   space 21824K,   0% used [0x00000000e5560000, 0x00000000e5560000, 0x00000000e6ab0000)
 concurrent mark-sweep generation total 393216K, used 0K [0x00000000e8000000, 0x0000000100000000, 0x0000000100000000)
 Metaspace       used 18373K, capacity 18728K, committed 19072K, reserved 1067008K
  class space    used 2236K, capacity 2381K, committed 2432K, reserved 1048576K
}
2018-12-17T12:08:59.742+0300: 7.854: Total time for which application threads were stopped: 0.0199428 seconds, Stopping threads took: 0.0000311 seconds
2018-12-17T12:08:59.744+0300: 7.856: Total time for which application threads were stopped: 0.0001498 seconds, Stopping threads took: 0.0000495 seconds
2018-12-17T12:08:59.745+0300: 7.856: Total time for which application threads were stopped: 0.0001378 seconds, Stopping threads took: 0.0000324 seconds
2018-12-17T12:08:59.745+0300: 7.857: Total time for which application threads were stopped: 0.0002001 seconds, Stopping threads took: 0.0001173 seconds
2018-12-17T12:08:59.745+0300: 7.857: Total time for which application threads were stopped: 0.0001028 seconds, Stopping threads took: 0.0000427 seconds
2018-12-17T12:08:59.746+0300: 7.858: Total time for which application threads were stopped: 0.0001156 seconds, Stopping threads took: 0.0000269 seconds
2018-12-17T12:08:59.747+0300: 7.859: Total time for which application threads were stopped: 0.0001024 seconds, Stopping threads took: 0.0000375 seconds
2018-12-17T12:08:59.747+0300: 7.859: Total time for which application threads were stopped: 0.0000751 seconds, Stopping threads took: 0.0000188 seconds
2018-12-17T12:08:59.748+0300: 7.859: Total time for which application threads were stopped: 0.0001126 seconds, Stopping threads took: 0.0000405 seconds
2018-12-17T12:08:59.748+0300: 7.860: Total time for which application threads were stopped: 0.0001041 seconds, Stopping threads took: 0.0000448 seconds
2018-12-17T12:08:59.748+0300: 7.860: Total time for which application threads were stopped: 0.0000964 seconds, Stopping threads took: 0.0000414 seconds
2018-12-17T12:08:59.748+0300: 7.860: Total time for which application threads were stopped: 0.0000670 seconds, Stopping threads took: 0.0000132 seconds
2018-12-17T12:08:59.748+0300: 7.860: Total time for which application threads were stopped: 0.0000657 seconds, Stopping threads took: 0.0000132 seconds
2018-12-17T12:08:59.748+0300: 7.860: Total time for which application threads were stopped: 0.0000627 seconds, Stopping threads took: 0.0000107 seconds
2018-12-17T12:08:59.748+0300: 7.860: Total time for which application threads were stopped: 0.0000610 seconds, Stopping threads took: 0.0000111 seconds
2018-12-17T12:08:59.748+0300: 7.860: Total time for which application threads were stopped: 0.0000606 seconds, Stopping threads took: 0.0000107 seconds
2018-12-17T12:08:59.748+0300: 7.860: Total time for which application threads were stopped: 0.0000593 seconds, Stopping threads took: 0.0000102 seconds
2018-12-17T12:08:59.748+0300: 7.860: Total time for which application threads were stopped: 0.0000670 seconds, Stopping threads took: 0.0000141 seconds
2018-12-17T12:08:59.749+0300: 7.860: Total time for which application threads were stopped: 0.0000905 seconds, Stopping threads took: 0.0000358 seconds
2018-12-17T12:08:59.749+0300: 7.861: Total time for which application threads were stopped: 0.0000781 seconds, Stopping threads took: 0.0000367 seconds
2018-12-17T12:08:59.749+0300: 7.861: Total time for which application threads were stopped: 0.0000853 seconds, Stopping threads took: 0.0000188 seconds
2018-12-17T12:08:59.749+0300: 7.861: Total time for which application threads were stopped: 0.0000695 seconds, Stopping threads took: 0.0000171 seconds
2018-12-17T12:08:59.749+0300: 7.861: Total time for which application threads were stopped: 0.0000713 seconds, Stopping threads took: 0.0000265 seconds
2018-12-17T12:08:59.749+0300: 7.861: Total time for which application threads were stopped: 0.0000802 seconds, Stopping threads took: 0.0000269 seconds
2018-12-17T12:08:59.749+0300: 7.861: Total time for which application threads were stopped: 0.0001045 seconds, Stopping threads took: 0.0000205 seconds
2018-12-17T12:08:59.750+0300: 7.862: Total time for which application threads were stopped: 0.0004267 seconds, Stopping threads took: 0.0003388 seconds
2018-12-17T12:08:59.750+0300: 7.862: Total time for which application threads were stopped: 0.0001557 seconds, Stopping threads took: 0.0000998 seconds
2018-12-17T12:09:00.750+0300: 8.862: Total time for which application threads were stopped: 0.0002364 seconds, Stopping threads took: 0.0000550 seconds
2018-12-17T12:09:00.986+0300: 9.098: Total time for which application threads were stopped: 0.0002278 seconds, Stopping threads took: 0.0000448 seconds
2018-12-17T12:09:01.191+0300: 9.302: Total time for which application threads were stopped: 0.0002074 seconds, Stopping threads took: 0.0000563 seconds
2018-12-17T12:09:01.742+0300: 9.854: [GC (CMS Initial Mark) [1 CMS-initial-mark: 0K(393216K)] 43637K(502464K), 0.0053333 secs] [Times: user=0.00 sys=0.00, real=0.00 secs] 
2018-12-17T12:09:01.747+0300: 9.859: Total time for which application threads were stopped: 0.0055083 seconds, Stopping threads took: 0.0000678 seconds
2018-12-17T12:09:01.747+0300: 9.859: [CMS-concurrent-mark-start]
2018-12-17T12:09:01.747+0300: 9.860: [CMS-concurrent-mark: 0.000/0.000 secs] [Times: user=0.00 sys=0.00, real=0.00 secs] 
2018-12-17T12:09:01.747+0300: 9.860: [CMS-concurrent-preclean-start]
2018-12-17T12:09:01.749+0300: 9.861: [CMS-concurrent-preclean: 0.001/0.001 secs] [Times: user=0.00 sys=0.00, real=0.00 secs] 
2018-12-17T12:09:01.749+0300: 9.861: [CMS-concurrent-abortable-preclean-start]
2018-12-17T12:09:01.919+0300: 10.030: Total time for which application threads were stopped: 0.0002995 seconds, Stopping threads took: 0.0000410 seconds
2018-12-17T12:09:01.949+0300: 10.060: Total time for which application threads were stopped: 0.0001071 seconds, Stopping threads took: 0.0000461 seconds
2018-12-17T12:09:01.951+0300: 10.062: Total time for which application threads were stopped: 0.0002944 seconds, Stopping threads took: 0.0000230 seconds
2018-12-17T12:09:01.952+0300: 10.064: Total time for which application threads were stopped: 0.0002876 seconds, Stopping threads took: 0.0000405 seconds
2018-12-17T12:09:02.017+0300: 10.129: Total time for which application threads were stopped: 0.0001007 seconds, Stopping threads took: 0.0000282 seconds
2018-12-17T12:09:02.090+0300: 10.202: Total time for which application threads were stopped: 0.0001058 seconds, Stopping threads took: 0.0000371 seconds
2018-12-17T12:09:02.105+0300: 10.217: Total time for which application threads were stopped: 0.0005175 seconds, Stopping threads took: 0.0000832 seconds
2018-12-17T12:09:02.109+0300: 10.221: Total time for which application threads were stopped: 0.0001020 seconds, Stopping threads took: 0.0000367 seconds
2018-12-17T12:09:02.134+0300: 10.246: Total time for which application threads were stopped: 0.0000917 seconds, Stopping threads took: 0.0000294 seconds
2018-12-17T12:09:02.181+0300: 10.292: Total time for which application threads were stopped: 0.0000845 seconds, Stopping threads took: 0.0000222 seconds
2018-12-17T12:09:02.181+0300: 10.292: Total time for which application threads were stopped: 0.0000474 seconds, Stopping threads took: 0.0000213 seconds
2018-12-17T12:09:02.251+0300: 10.363: Total time for which application threads were stopped: 0.0000896 seconds, Stopping threads took: 0.0000218 seconds
2018-12-17T12:09:02.280+0300: 10.392: Total time for which application threads were stopped: 0.0001169 seconds, Stopping threads took: 0.0000311 seconds
2018-12-17T12:09:02.289+0300: 10.401: Total time for which application threads were stopped: 0.0001267 seconds, Stopping threads took: 0.0000307 seconds
2018-12-17T12:09:02.340+0300: 10.452: Total time for which application threads were stopped: 0.0000832 seconds, Stopping threads took: 0.0000247 seconds
2018-12-17T12:09:02.391+0300: 10.503: Total time for which application threads were stopped: 0.0000909 seconds, Stopping threads took: 0.0000205 seconds
2018-12-17T12:09:02.431+0300: 10.543: Total time for which application threads were stopped: 0.0000717 seconds, Stopping threads took: 0.0000252 seconds
2018-12-17T12:09:02.493+0300: 10.604: Total time for which application threads were stopped: 0.0000909 seconds, Stopping threads took: 0.0000239 seconds
2018-12-17T12:09:02.501+0300: 10.613: Total time for which application threads were stopped: 0.0000828 seconds, Stopping threads took: 0.0000179 seconds
2018-12-17T12:09:02.512+0300: 10.624: Total time for which application threads were stopped: 0.0000849 seconds, Stopping threads took: 0.0000213 seconds
2018-12-17T12:09:02.559+0300: 10.671: Total time for which application threads were stopped: 0.0000875 seconds, Stopping threads took: 0.0000235 seconds
2018-12-17T12:09:02.664+0300: 10.776: Total time for which application threads were stopped: 0.0005423 seconds, Stopping threads took: 0.0001685 seconds
2018-12-17T12:09:02.745+0300: 10.858: Total time for which application threads were stopped: 0.0001156 seconds, Stopping threads took: 0.0000465 seconds
2018-12-17T12:09:03.746+0300: 11.857: Total time for which application threads were stopped: 0.0001835 seconds, Stopping threads took: 0.0000448 seconds
 CMS: abort preclean due to time 2018-12-17T12:09:07.886+0300: 15.998: [CMS-concurrent-abortable-preclean: 2.929/6.137 secs] [Times: user=4.55 sys=0.05, real=6.14 secs] 
2018-12-17T12:09:07.886+0300: 15.998: [GC (CMS Final Remark) [YG occupancy: 83374 K (109248 K)]{Heap before GC invocations=1 (full 1):
 par new generation   total 109248K, used 83374K [0x00000000e0000000, 0x00000000e8000000, 0x00000000e8000000)
  eden space 87424K,  82% used [0x00000000e0000000, 0x00000000e4624760, 0x00000000e5560000)
  from space 21824K,  52% used [0x00000000e6ab0000, 0x00000000e75f7208, 0x00000000e8000000)
  to   space 21824K,   0% used [0x00000000e5560000, 0x00000000e5560000, 0x00000000e6ab0000)
 concurrent mark-sweep generation total 393216K, used 0K [0x00000000e8000000, 0x0000000100000000, 0x0000000100000000)
 Metaspace       used 24314K, capacity 24870K, committed 25204K, reserved 1071104K
  class space    used 2961K, capacity 3149K, committed 3172K, reserved 1048576K
2018-12-17T12:09:07.887+0300: 15.999: [GC (CMS Final Remark) 2018-12-17T12:09:07.887+0300: 15.999: [ParNew
Desired survivor size 20112992 bytes, new threshold 8 (max 8)
- age   1:    5359864 bytes,    5359864 total
- age   2:    5053256 bytes,   10413120 total
: 83374K->13693K(109248K), 0.0254643 secs] 83374K->13693K(502464K), 0.0255833 secs] [Times: user=0.06 sys=0.00, real=0.02 secs] 
Heap after GC invocations=2 (full 1):
 par new generation   total 109248K, used 13693K [0x00000000e0000000, 0x00000000e8000000, 0x00000000e8000000)
  eden space 87424K,   0% used [0x00000000e0000000, 0x00000000e0000000, 0x00000000e5560000)
  from space 21824K,  62% used [0x00000000e5560000, 0x00000000e62bf780, 0x00000000e6ab0000)
  to   space 21824K,   0% used [0x00000000e6ab0000, 0x00000000e6ab0000, 0x00000000e8000000)
 concurrent mark-sweep generation total 393216K, used 0K [0x00000000e8000000, 0x0000000100000000, 0x0000000100000000)
 Metaspace       used 24314K, capacity 24870K, committed 25204K, reserved 1071104K
  class space    used 2961K, capacity 3149K, committed 3172K, reserved 1048576K
}
2018-12-17T12:09:07.912+0300: 16.024: [Rescan (parallel) , 0.0053867 secs]2018-12-17T12:09:07.918+0300: 16.030: [weak refs processing, 0.0009067 secs]2018-12-17T12:09:07.919+0300: 16.031: [class unloading, 0.0057745 secs]2018-12-17T12:09:07.924+0300: 16.037: [scrub symbol table, 0.0058812 secs]2018-12-17T12:09:07.930+0300: 16.043: [scrub string table, 0.0003371 secs][1 CMS-remark: 0K(393216K)] 13693K(502464K), 0.0453986 secs] [Times: user=0.08 sys=0.00, real=0.05 secs] 
2018-12-17T12:09:07.932+0300: 16.044: Total time for which application threads were stopped: 0.0455347 seconds, Stopping threads took: 0.0000320 seconds
2018-12-17T12:09:07.932+0300: 16.044: [CMS-concurrent-sweep-start]
2018-12-17T12:09:07.932+0300: 16.044: [CMS-concurrent-sweep: 0.000/0.000 secs] [Times: user=0.00 sys=0.00, real=0.00 secs] 
2018-12-17T12:09:07.932+0300: 16.044: [CMS-concurrent-reset-start]
2018-12-17T12:09:07.934+0300: 16.046: Total time for which application threads were stopped: 0.0003153 seconds, Stopping threads took: 0.0000218 seconds
2018-12-17T12:09:07.936+0300: 16.048: Total time for which application threads were stopped: 0.0001263 seconds, Stopping threads took: 0.0000218 seconds
2018-12-17T12:09:07.937+0300: 16.049: Total time for which application threads were stopped: 0.0001041 seconds, Stopping threads took: 0.0000183 seconds
2018-12-17T12:09:07.938+0300: 16.050: [CMS-concurrent-reset: 0.005/0.006 secs] [Times: user=0.00 sys=0.00, real=0.01 secs] 
2018-12-17T12:09:13.667+0300: 21.778: Total time for which application threads were stopped: 0.0001408 seconds, Stopping threads took: 0.0000282 seconds
2018-12-17T12:09:13.668+0300: 21.779: Total time for which application threads were stopped: 0.0001062 seconds, Stopping threads took: 0.0000235 seconds
2018-12-17T12:09:13.668+0300: 21.779: Total time for which application threads were stopped: 0.0000832 seconds, Stopping threads took: 0.0000213 seconds
2018-12-17T12:09:13.668+0300: 21.780: Total time for which application threads were stopped: 0.0001399 seconds, Stopping threads took: 0.0000649 seconds
2018-12-17T12:09:14.142+0300: 22.254: Total time for which application threads were stopped: 0.0009361 seconds, Stopping threads took: 0.0006750 seconds
2018-12-17T12:09:14.143+0300: 22.255: Total time for which application threads were stopped: 0.0002270 seconds, Stopping threads took: 0.0000943 seconds
2018-12-17T12:09:14.144+0300: 22.256: Total time for which application threads were stopped: 0.0002859 seconds, Stopping threads took: 0.0000465 seconds
2018-12-17T12:09:14.145+0300: 22.257: Total time for which application threads were stopped: 0.0002906 seconds, Stopping threads took: 0.0000900 seconds
2018-12-17T12:09:14.145+0300: 22.257: Total time for which application threads were stopped: 0.0002121 seconds, Stopping threads took: 0.0000806 seconds
2018-12-17T12:09:14.145+0300: 22.258: Total time for which application threads were stopped: 0.0002061 seconds, Stopping threads took: 0.0000892 seconds
2018-12-17T12:09:14.146+0300: 22.258: Total time for which application threads were stopped: 0.0004855 seconds, Stopping threads took: 0.0003499 seconds
2018-12-17T12:09:14.147+0300: 22.259: Total time for which application threads were stopped: 0.0003051 seconds, Stopping threads took: 0.0000734 seconds
2018-12-17T12:09:14.147+0300: 22.260: Total time for which application threads were stopped: 0.0003247 seconds, Stopping threads took: 0.0001540 seconds
2018-12-17T12:09:14.148+0300: 22.260: Total time for which application threads were stopped: 0.0002615 seconds, Stopping threads took: 0.0000930 seconds
2018-12-17T12:09:14.148+0300: 22.260: Total time for which application threads were stopped: 0.0002761 seconds, Stopping threads took: 0.0000503 seconds
2018-12-17T12:09:14.148+0300: 22.261: Total time for which application threads were stopped: 0.0002287 seconds, Stopping threads took: 0.0000550 seconds
2018-12-17T12:09:14.149+0300: 22.261: Total time for which application threads were stopped: 0.0002364 seconds, Stopping threads took: 0.0000772 seconds
2018-12-17T12:09:14.149+0300: 22.261: Total time for which application threads were stopped: 0.0002739 seconds, Stopping threads took: 0.0001126 seconds
2018-12-17T12:09:14.149+0300: 22.262: Total time for which application threads were stopped: 0.0002470 seconds, Stopping threads took: 0.0000414 seconds
2018-12-17T12:09:14.150+0300: 22.262: Total time for which application threads were stopped: 0.0002684 seconds, Stopping threads took: 0.0001011 seconds
2018-12-17T12:09:14.150+0300: 22.263: Total time for which application threads were stopped: 0.0003221 seconds, Stopping threads took: 0.0001075 seconds
2018-12-17T12:09:14.150+0300: 22.263: Total time for which application threads were stopped: 0.0002594 seconds, Stopping threads took: 0.0000926 seconds
2018-12-17T12:09:14.151+0300: 22.263: Total time for which application threads were stopped: 0.0003072 seconds, Stopping threads took: 0.0001442 seconds
2018-12-17T12:09:14.151+0300: 22.264: Total time for which application threads were stopped: 0.0002334 seconds, Stopping threads took: 0.0000802 seconds
2018-12-17T12:09:14.153+0300: 22.264: Total time for which application threads were stopped: 0.0005047 seconds, Stopping threads took: 0.0003524 seconds
2018-12-17T12:09:14.153+0300: 22.265: Total time for which application threads were stopped: 0.0002889 seconds, Stopping threads took: 0.0001135 seconds
2018-12-17T12:09:14.153+0300: 22.265: Total time for which application threads were stopped: 0.0002278 seconds, Stopping threads took: 0.0000828 seconds
2018-12-17T12:09:14.154+0300: 22.265: Total time for which application threads were stopped: 0.0002679 seconds, Stopping threads took: 0.0001105 seconds
2018-12-17T12:09:14.154+0300: 22.266: Total time for which application threads were stopped: 0.0002761 seconds, Stopping threads took: 0.0001254 seconds
2018-12-17T12:09:14.155+0300: 22.266: Total time for which application threads were stopped: 0.0002543 seconds, Stopping threads took: 0.0000721 seconds
2018-12-17T12:09:14.155+0300: 22.266: Total time for which application threads were stopped: 0.0002197 seconds, Stopping threads took: 0.0000969 seconds
2018-12-17T12:09:14.155+0300: 22.267: Total time for which application threads were stopped: 0.0004160 seconds, Stopping threads took: 0.0000730 seconds
2018-12-17T12:09:14.156+0300: 22.268: Total time for which application threads were stopped: 0.0003806 seconds, Stopping threads took: 0.0002014 seconds
2018-12-17T12:09:14.157+0300: 22.268: Total time for which application threads were stopped: 0.0002325 seconds, Stopping threads took: 0.0000713 seconds
2018-12-17T12:09:14.157+0300: 22.269: Total time for which application threads were stopped: 0.0003422 seconds, Stopping threads took: 0.0001779 seconds
2018-12-17T12:09:14.158+0300: 22.269: Total time for which application threads were stopped: 0.0003503 seconds, Stopping threads took: 0.0001481 seconds
2018-12-17T12:09:14.158+0300: 22.270: Total time for which application threads were stopped: 0.0003302 seconds, Stopping threads took: 0.0001293 seconds
2018-12-17T12:09:14.159+0300: 22.270: Total time for which application threads were stopped: 0.0002475 seconds, Stopping threads took: 0.0000819 seconds
2018-12-17T12:09:14.159+0300: 22.271: Total time for which application threads were stopped: 0.0002761 seconds, Stopping threads took: 0.0000794 seconds
2018-12-17T12:09:14.160+0300: 22.272: Total time for which application threads were stopped: 0.0004894 seconds, Stopping threads took: 0.0003281 seconds
2018-12-17T12:09:14.161+0300: 22.273: Total time for which application threads were stopped: 0.0004053 seconds, Stopping threads took: 0.0002620 seconds
2018-12-17T12:09:14.162+0300: 22.273: Total time for which application threads were stopped: 0.0003127 seconds, Stopping threads took: 0.0001306 seconds
2018-12-17T12:09:14.162+0300: 22.273: Total time for which application threads were stopped: 0.0002317 seconds, Stopping threads took: 0.0000998 seconds
2018-12-17T12:09:14.162+0300: 22.274: Total time for which application threads were stopped: 0.0001788 seconds, Stopping threads took: 0.0000503 seconds
2018-12-17T12:09:14.163+0300: 22.274: Total time for which application threads were stopped: 0.0003900 seconds, Stopping threads took: 0.0002603 seconds
2018-12-17T12:09:14.163+0300: 22.275: Total time for which application threads were stopped: 0.0003405 seconds, Stopping threads took: 0.0002266 seconds
2018-12-17T12:09:14.164+0300: 22.275: Total time for which application threads were stopped: 0.0004642 seconds, Stopping threads took: 0.0003524 seconds
2018-12-17T12:09:14.165+0300: 22.276: Total time for which application threads were stopped: 0.0004066 seconds, Stopping threads took: 0.0002308 seconds
2018-12-17T12:09:14.165+0300: 22.276: Total time for which application threads were stopped: 0.0001562 seconds, Stopping threads took: 0.0000354 seconds
2018-12-17T12:09:14.166+0300: 22.277: Total time for which application threads were stopped: 0.0004075 seconds, Stopping threads took: 0.0002556 seconds
2018-12-17T12:09:14.166+0300: 22.277: Total time for which application threads were stopped: 0.0001604 seconds, Stopping threads took: 0.0000384 seconds
2018-12-17T12:09:14.166+0300: 22.278: Total time for which application threads were stopped: 0.0001609 seconds, Stopping threads took: 0.0000384 seconds
2018-12-17T12:09:14.166+0300: 22.278: Total time for which application threads were stopped: 0.0001617 seconds, Stopping threads took: 0.0000380 seconds
2018-12-17T12:09:14.167+0300: 22.278: Total time for which application threads were stopped: 0.0001813 seconds, Stopping threads took: 0.0000576 seconds
2018-12-17T12:09:14.167+0300: 22.279: Total time for which application threads were stopped: 0.0004365 seconds, Stopping threads took: 0.0000375 seconds
2018-12-17T12:09:14.170+0300: 22.281: Total time for which application threads were stopped: 0.0003648 seconds, Stopping threads took: 0.0001762 seconds
2018-12-17T12:09:14.170+0300: 22.282: Total time for which application threads were stopped: 0.0004032 seconds, Stopping threads took: 0.0002330 seconds
2018-12-17T12:09:14.171+0300: 22.282: Total time for which application threads were stopped: 0.0003985 seconds, Stopping threads took: 0.0001737 seconds
2018-12-17T12:09:14.171+0300: 22.283: Total time for which application threads were stopped: 0.0004996 seconds, Stopping threads took: 0.0003230 seconds
2018-12-17T12:09:14.173+0300: 22.284: Total time for which application threads were stopped: 0.0003401 seconds, Stopping threads took: 0.0001553 seconds
2018-12-17T12:09:14.174+0300: 22.285: Total time for which application threads were stopped: 0.0002615 seconds, Stopping threads took: 0.0000841 seconds
2018-12-17T12:09:14.175+0300: 22.287: Total time for which application threads were stopped: 0.0004314 seconds, Stopping threads took: 0.0001890 seconds
2018-12-17T12:09:14.176+0300: 22.287: Total time for which application threads were stopped: 0.0002953 seconds, Stopping threads took: 0.0000836 seconds
2018-12-17T12:09:14.176+0300: 22.288: Total time for which application threads were stopped: 0.0002705 seconds, Stopping threads took: 0.0000973 seconds
2018-12-17T12:09:14.177+0300: 22.289: Total time for which application threads were stopped: 0.0003106 seconds, Stopping threads took: 0.0000828 seconds
2018-12-17T12:09:14.178+0300: 22.290: Total time for which application threads were stopped: 0.0007428 seconds, Stopping threads took: 0.0004885 seconds
2018-12-17T12:09:14.180+0300: 22.291: Total time for which application threads were stopped: 0.0003631 seconds, Stopping threads took: 0.0000973 seconds
2018-12-17T12:09:14.180+0300: 22.292: Total time for which application threads were stopped: 0.0004471 seconds, Stopping threads took: 0.0000503 seconds
2018-12-17T12:09:14.182+0300: 22.293: Total time for which application threads were stopped: 0.0003243 seconds, Stopping threads took: 0.0001041 seconds
2018-12-17T12:09:14.182+0300: 22.294: Total time for which application threads were stopped: 0.0002897 seconds, Stopping threads took: 0.0001033 seconds
2018-12-17T12:09:14.183+0300: 22.294: Total time for which application threads were stopped: 0.0003004 seconds, Stopping threads took: 0.0000900 seconds
2018-12-17T12:09:14.183+0300: 22.294: Total time for which application threads were stopped: 0.0002197 seconds, Stopping threads took: 0.0000725 seconds
2018-12-17T12:09:14.198+0300: 22.309: Total time for which application threads were stopped: 0.0002654 seconds, Stopping threads took: 0.0000772 seconds
2018-12-17T12:09:14.214+0300: 22.326: Total time for which application threads were stopped: 0.0009754 seconds, Stopping threads took: 0.0007697 seconds
2018-12-17T12:09:14.219+0300: 22.330: Total time for which application threads were stopped: 0.0002193 seconds, Stopping threads took: 0.0000593 seconds
2018-12-17T12:09:14.252+0300: 22.364: Total time for which application threads were stopped: 0.0001826 seconds, Stopping threads took: 0.0000435 seconds
2018-12-17T12:09:14.258+0300: 22.369: Total time for which application threads were stopped: 0.0001847 seconds, Stopping threads took: 0.0000700 seconds
2018-12-17T12:09:14.258+0300: 22.370: Total time for which application threads were stopped: 0.0001741 seconds, Stopping threads took: 0.0000785 seconds
2018-12-17T12:09:14.259+0300: 22.371: Total time for which application threads were stopped: 0.0001335 seconds, Stopping threads took: 0.0000393 seconds
2018-12-17T12:09:14.324+0300: 22.436: Total time for which application threads were stopped: 0.0006127 seconds, Stopping threads took: 0.0002500 seconds
2018-12-17T12:09:14.325+0300: 22.437: Total time for which application threads were stopped: 0.0001557 seconds, Stopping threads took: 0.0000538 seconds
2018-12-17T12:09:14.329+0300: 22.441: Total time for which application threads were stopped: 0.0002240 seconds, Stopping threads took: 0.0000909 seconds
2018-12-17T12:09:14.331+0300: 22.442: Total time for which application threads were stopped: 0.0001519 seconds, Stopping threads took: 0.0000393 seconds
2018-12-17T12:09:14.331+0300: 22.443: Total time for which application threads were stopped: 0.0001015 seconds, Stopping threads took: 0.0000243 seconds
2018-12-17T12:09:14.332+0300: 22.444: Total time for which application threads were stopped: 0.0001502 seconds, Stopping threads took: 0.0000495 seconds
2018-12-17T12:09:14.342+0300: 22.454: Total time for which application threads were stopped: 0.0002863 seconds, Stopping threads took: 0.0001737 seconds
2018-12-17T12:09:14.343+0300: 22.455: Total time for which application threads were stopped: 0.0001545 seconds, Stopping threads took: 0.0000358 seconds
2018-12-17T12:09:14.463+0300: 22.575: Total time for which application threads were stopped: 0.0001963 seconds, Stopping threads took: 0.0000640 seconds
2018-12-17T12:09:14.463+0300: 22.576: Total time for which application threads were stopped: 0.0001190 seconds, Stopping threads took: 0.0000256 seconds
2018-12-17T12:09:14.743+0300: 22.854: Total time for which application threads were stopped: 0.0003998 seconds, Stopping threads took: 0.0001502 seconds
2018-12-17T12:09:14.747+0300: 22.859: Total time for which application threads were stopped: 0.0002517 seconds, Stopping threads took: 0.0000546 seconds
2018-12-17T12:09:14.749+0300: 22.860: Total time for which application threads were stopped: 0.0002402 seconds, Stopping threads took: 0.0000576 seconds
2018-12-17T12:09:14.749+0300: 22.861: Total time for which application threads were stopped: 0.0005389 seconds, Stopping threads took: 0.0003546 seconds
2018-12-17T12:09:14.751+0300: 22.862: Total time for which application threads were stopped: 0.0005082 seconds, Stopping threads took: 0.0002598 seconds
2018-12-17T12:09:14.751+0300: 22.863: Total time for which application threads were stopped: 0.0002594 seconds, Stopping threads took: 0.0000721 seconds
2018-12-17T12:09:14.752+0300: 22.863: Total time for which application threads were stopped: 0.0004437 seconds, Stopping threads took: 0.0002436 seconds
2018-12-17T12:09:14.771+0300: 22.883: Total time for which application threads were stopped: 0.0002935 seconds, Stopping threads took: 0.0000589 seconds
2018-12-17T12:09:14.827+0300: 22.939: Total time for which application threads were stopped: 0.0002982 seconds, Stopping threads took: 0.0000794 seconds
2018-12-17T12:09:14.829+0300: 22.941: Total time for which application threads were stopped: 0.0001997 seconds, Stopping threads took: 0.0000503 seconds
2018-12-17T12:09:14.872+0300: 22.984: Total time for which application threads were stopped: 0.0002816 seconds, Stopping threads took: 0.0000555 seconds
2018-12-17T12:09:14.872+0300: 22.984: Total time for which application threads were stopped: 0.0001924 seconds, Stopping threads took: 0.0000303 seconds
2018-12-17T12:09:14.873+0300: 22.985: Total time for which application threads were stopped: 0.0001993 seconds, Stopping threads took: 0.0000414 seconds
2018-12-17T12:09:14.874+0300: 22.986: Total time for which application threads were stopped: 0.0002202 seconds, Stopping threads took: 0.0000375 seconds
2018-12-17T12:09:14.876+0300: 22.988: Total time for which application threads were stopped: 0.0002167 seconds, Stopping threads took: 0.0000606 seconds
2018-12-17T12:09:15.229+0300: 23.342: Total time for which application threads were stopped: 0.0003025 seconds, Stopping threads took: 0.0000772 seconds
2018-12-17T12:09:15.230+0300: 23.342: Total time for which application threads were stopped: 0.0002210 seconds, Stopping threads took: 0.0000401 seconds
2018-12-17T12:09:15.230+0300: 23.342: Total time for which application threads were stopped: 0.0001749 seconds, Stopping threads took: 0.0000290 seconds
2018-12-17T12:09:15.231+0300: 23.344: Total time for which application threads were stopped: 0.0004416 seconds, Stopping threads took: 0.0000474 seconds
2018-12-17T12:09:15.239+0300: 23.352: Total time for which application threads were stopped: 0.0003379 seconds, Stopping threads took: 0.0001216 seconds
2018-12-17T12:09:15.240+0300: 23.352: Total time for which application threads were stopped: 0.0002543 seconds, Stopping threads took: 0.0000521 seconds
2018-12-17T12:09:15.240+0300: 23.352: Total time for which application threads were stopped: 0.0002274 seconds, Stopping threads took: 0.0000653 seconds
2018-12-17T12:09:15.242+0300: 23.354: Total time for which application threads were stopped: 0.0003204 seconds, Stopping threads took: 0.0000759 seconds
2018-12-17T12:09:15.264+0300: 23.376: Total time for which application threads were stopped: 0.0003017 seconds, Stopping threads took: 0.0001229 seconds
2018-12-17T12:09:15.264+0300: 23.376: Total time for which application threads were stopped: 0.0003409 seconds, Stopping threads took: 0.0001818 seconds
2018-12-17T12:09:15.265+0300: 23.376: Total time for which application threads were stopped: 0.0002180 seconds, Stopping threads took: 0.0000815 seconds
2018-12-17T12:09:15.266+0300: 23.377: Total time for which application threads were stopped: 0.0003908 seconds, Stopping threads took: 0.0001975 seconds
2018-12-17T12:09:15.266+0300: 23.378: Total time for which application threads were stopped: 0.0002039 seconds, Stopping threads took: 0.0000550 seconds
2018-12-17T12:09:15.267+0300: 23.378: Total time for which application threads were stopped: 0.0003494 seconds, Stopping threads took: 0.0001869 seconds
2018-12-17T12:09:15.268+0300: 23.379: Total time for which application threads were stopped: 0.0003503 seconds, Stopping threads took: 0.0001856 seconds
2018-12-17T12:09:15.268+0300: 23.380: Total time for which application threads were stopped: 0.0002321 seconds, Stopping threads took: 0.0000994 seconds
2018-12-17T12:09:15.268+0300: 23.380: Total time for which application threads were stopped: 0.0002274 seconds, Stopping threads took: 0.0000482 seconds
2018-12-17T12:09:15.269+0300: 23.381: Total time for which application threads were stopped: 0.0002125 seconds, Stopping threads took: 0.0000811 seconds
2018-12-17T12:09:15.269+0300: 23.381: Total time for which application threads were stopped: 0.0002487 seconds, Stopping threads took: 0.0000380 seconds
2018-12-17T12:09:15.270+0300: 23.381: Total time for which application threads were stopped: 0.0002257 seconds, Stopping threads took: 0.0000836 seconds
2018-12-17T12:09:15.270+0300: 23.382: Total time for which application threads were stopped: 0.0004599 seconds, Stopping threads took: 0.0003298 seconds
2018-12-17T12:09:15.271+0300: 23.383: Total time for which application threads were stopped: 0.0003507 seconds, Stopping threads took: 0.0001732 seconds
2018-12-17T12:09:15.271+0300: 23.383: Total time for which application threads were stopped: 0.0001634 seconds, Stopping threads took: 0.0000422 seconds
2018-12-17T12:09:15.272+0300: 23.383: Total time for which application threads were stopped: 0.0002628 seconds, Stopping threads took: 0.0000435 seconds
2018-12-17T12:09:15.272+0300: 23.384: Total time for which application threads were stopped: 0.0003558 seconds, Stopping threads took: 0.0002227 seconds
2018-12-17T12:09:15.273+0300: 23.385: Total time for which application threads were stopped: 0.0005453 seconds, Stopping threads took: 0.0001626 seconds
2018-12-17T12:09:15.273+0300: 23.385: Total time for which application threads were stopped: 0.0001681 seconds, Stopping threads took: 0.0000461 seconds
2018-12-17T12:09:15.274+0300: 23.386: Total time for which application threads were stopped: 0.0003375 seconds, Stopping threads took: 0.0001984 seconds
2018-12-17T12:09:15.274+0300: 23.386: Total time for which application threads were stopped: 0.0003290 seconds, Stopping threads took: 0.0001451 seconds
2018-12-17T12:09:15.275+0300: 23.387: Total time for which application threads were stopped: 0.0002189 seconds, Stopping threads took: 0.0000811 seconds
2018-12-17T12:09:15.275+0300: 23.387: Total time for which application threads were stopped: 0.0002125 seconds, Stopping threads took: 0.0000947 seconds
2018-12-17T12:09:15.276+0300: 23.387: Total time for which application threads were stopped: 0.0002697 seconds, Stopping threads took: 0.0001195 seconds
2018-12-17T12:09:15.276+0300: 23.388: Total time for which application threads were stopped: 0.0002402 seconds, Stopping threads took: 0.0000934 seconds
2018-12-17T12:09:15.277+0300: 23.389: Total time for which application threads were stopped: 0.0006357 seconds, Stopping threads took: 0.0001775 seconds
2018-12-17T12:09:15.278+0300: 23.390: Total time for which application threads were stopped: 0.0002970 seconds, Stopping threads took: 0.0001532 seconds
2018-12-17T12:09:15.278+0300: 23.390: Total time for which application threads were stopped: 0.0003883 seconds, Stopping threads took: 0.0002351 seconds
2018-12-17T12:09:15.279+0300: 23.391: Total time for which application threads were stopped: 0.0004719 seconds, Stopping threads took: 0.0003200 seconds
2018-12-17T12:09:15.280+0300: 23.392: Total time for which application threads were stopped: 0.0003942 seconds, Stopping threads took: 0.0002330 seconds
2018-12-17T12:09:15.281+0300: 23.393: Total time for which application threads were stopped: 0.0002193 seconds, Stopping threads took: 0.0000747 seconds
2018-12-17T12:09:15.281+0300: 23.393: Total time for which application threads were stopped: 0.0003802 seconds, Stopping threads took: 0.0002313 seconds
2018-12-17T12:09:15.852+0300: 23.963: Total time for which application threads were stopped: 0.0003998 seconds, Stopping threads took: 0.0001540 seconds
2018-12-17T12:09:15.852+0300: 23.964: Total time for which application threads were stopped: 0.0002368 seconds, Stopping threads took: 0.0001045 seconds
2018-12-17T12:09:15.943+0300: 24.055: Total time for which application threads were stopped: 0.0004343 seconds, Stopping threads took: 0.0001566 seconds
2018-12-17T12:09:15.944+0300: 24.056: Total time for which application threads were stopped: 0.0003776 seconds, Stopping threads took: 0.0001233 seconds
2018-12-17T12:09:16.222+0300: 24.334: Total time for which application threads were stopped: 0.0003789 seconds, Stopping threads took: 0.0002317 seconds
2018-12-17T12:09:16.223+0300: 24.334: Total time for which application threads were stopped: 0.0003571 seconds, Stopping threads took: 0.0002266 seconds
2018-12-17T12:09:16.224+0300: 24.336: Total time for which application threads were stopped: 0.0001596 seconds, Stopping threads took: 0.0000555 seconds
2018-12-17T12:09:16.224+0300: 24.336: Total time for which application threads were stopped: 0.0001532 seconds, Stopping threads took: 0.0000589 seconds
2018-12-17T12:09:16.225+0300: 24.336: Total time for which application threads were stopped: 0.0001434 seconds, Stopping threads took: 0.0000499 seconds
2018-12-17T12:09:16.226+0300: 24.337: Total time for which application threads were stopped: 0.0001463 seconds, Stopping threads took: 0.0000546 seconds
2018-12-17T12:09:16.235+0300: 24.347: Total time for which application threads were stopped: 0.0001877 seconds, Stopping threads took: 0.0000636 seconds
2018-12-17T12:09:16.453+0300: 24.565: Total time for which application threads were stopped: 0.0001020 seconds, Stopping threads took: 0.0000329 seconds
2018-12-17T12:09:16.453+0300: 24.565: Total time for which application threads were stopped: 0.0000734 seconds, Stopping threads took: 0.0000235 seconds
2018-12-17T12:09:16.453+0300: 24.565: Total time for which application threads were stopped: 0.0000550 seconds, Stopping threads took: 0.0000166 seconds
2018-12-17T12:09:16.453+0300: 24.565: Total time for which application threads were stopped: 0.0000585 seconds, Stopping threads took: 0.0000171 seconds
2018-12-17T12:09:16.482+0300: 24.594: Total time for which application threads were stopped: 0.0000789 seconds, Stopping threads took: 0.0000282 seconds
2018-12-17T12:09:16.482+0300: 24.594: Total time for which application threads were stopped: 0.0000533 seconds, Stopping threads took: 0.0000179 seconds
2018-12-17T12:09:16.482+0300: 24.594: Total time for which application threads were stopped: 0.0000482 seconds, Stopping threads took: 0.0000166 seconds
2018-12-17T12:09:16.482+0300: 24.595: Total time for which application threads were stopped: 0.0000525 seconds, Stopping threads took: 0.0000171 seconds
2018-12-17T12:09:16.483+0300: 24.595: Total time for which application threads were stopped: 0.0001165 seconds, Stopping threads took: 0.0000606 seconds
2018-12-17T12:09:16.484+0300: 24.597: Total time for which application threads were stopped: 0.0001323 seconds, Stopping threads took: 0.0000683 seconds
2018-12-17T12:09:16.485+0300: 24.597: Total time for which application threads were stopped: 0.0001378 seconds, Stopping threads took: 0.0000619 seconds
2018-12-17T12:09:16.485+0300: 24.597: Total time for which application threads were stopped: 0.0000832 seconds, Stopping threads took: 0.0000265 seconds
2018-12-17T12:09:16.486+0300: 24.598: Total time for which application threads were stopped: 0.0001271 seconds, Stopping threads took: 0.0000452 seconds
2018-12-17T12:09:16.486+0300: 24.598: Total time for which application threads were stopped: 0.0001015 seconds, Stopping threads took: 0.0000397 seconds
2018-12-17T12:09:16.486+0300: 24.598: Total time for which application threads were stopped: 0.0002159 seconds, Stopping threads took: 0.0000751 seconds
2018-12-17T12:09:16.487+0300: 24.600: Total time for which application threads were stopped: 0.0001131 seconds, Stopping threads took: 0.0000495 seconds
2018-12-17T12:09:16.534+0300: 24.647: Total time for which application threads were stopped: 0.0000943 seconds, Stopping threads took: 0.0000307 seconds
2018-12-17T12:09:16.535+0300: 24.647: Total time for which application threads were stopped: 0.0002219 seconds, Stopping threads took: 0.0000154 seconds
2018-12-17T12:09:16.535+0300: 24.647: Total time for which application threads were stopped: 0.0000678 seconds, Stopping threads took: 0.0000196 seconds
2018-12-17T12:09:16.536+0300: 24.649: Total time for which application threads were stopped: 0.0000956 seconds, Stopping threads took: 0.0000324 seconds
2018-12-17T12:09:16.537+0300: 24.649: Total time for which application threads were stopped: 0.0000747 seconds, Stopping threads took: 0.0000222 seconds
2018-12-17T12:09:16.539+0300: 24.651: Total time for which application threads were stopped: 0.0001331 seconds, Stopping threads took: 0.0000478 seconds
2018-12-17T12:09:16.542+0300: 24.655: Total time for which application threads were stopped: 0.0001562 seconds, Stopping threads took: 0.0000704 seconds
2018-12-17T12:09:16.545+0300: 24.658: Total time for which application threads were stopped: 0.0002257 seconds, Stopping threads took: 0.0001365 seconds
2018-12-17T12:09:16.545+0300: 24.658: Total time for which application threads were stopped: 0.0001216 seconds, Stopping threads took: 0.0000371 seconds
2018-12-17T12:09:16.546+0300: 24.658: Total time for which application threads were stopped: 0.0001126 seconds, Stopping threads took: 0.0000550 seconds
2018-12-17T12:09:16.546+0300: 24.658: Total time for which application threads were stopped: 0.0001975 seconds, Stopping threads took: 0.0000329 seconds
2018-12-17T12:09:16.546+0300: 24.659: Total time for which application threads were stopped: 0.0001037 seconds, Stopping threads took: 0.0000525 seconds
2018-12-17T12:09:16.546+0300: 24.659: Total time for which application threads were stopped: 0.0000858 seconds, Stopping threads took: 0.0000175 seconds
2018-12-17T12:09:16.552+0300: 24.664: Total time for which application threads were stopped: 0.0001933 seconds, Stopping threads took: 0.0000986 seconds
2018-12-17T12:09:16.552+0300: 24.664: Total time for which application threads were stopped: 0.0001314 seconds, Stopping threads took: 0.0000375 seconds
2018-12-17T12:09:16.553+0300: 24.665: Total time for which application threads were stopped: 0.0001293 seconds, Stopping threads took: 0.0000486 seconds
2018-12-17T12:09:16.555+0300: 24.668: Total time for which application threads were stopped: 0.0001468 seconds, Stopping threads took: 0.0000529 seconds
{Heap before GC invocations=2 (full 1):
 par new generation   total 109248K, used 101117K [0x00000000e0000000, 0x00000000e8000000, 0x00000000e8000000)
  eden space 87424K, 100% used [0x00000000e0000000, 0x00000000e5560000, 0x00000000e5560000)
  from space 21824K,  62% used [0x00000000e5560000, 0x00000000e62bf780, 0x00000000e6ab0000)
  to   space 21824K,   0% used [0x00000000e6ab0000, 0x00000000e6ab0000, 0x00000000e8000000)
 concurrent mark-sweep generation total 393216K, used 0K [0x00000000e8000000, 0x0000000100000000, 0x0000000100000000)
 Metaspace       used 28238K, capacity 28922K, committed 29028K, reserved 1075200K
  class space    used 3470K, capacity 3659K, committed 3684K, reserved 1048576K
2018-12-17T12:09:16.613+0300: 24.725: [GC (Allocation Failure) 2018-12-17T12:09:16.613+0300: 24.725: [ParNew
Desired survivor size 20112992 bytes, new threshold 8 (max 8)
- age   1:    7099984 bytes,    7099984 total
- age   2:    2578544 bytes,    9678528 total
- age   3:    4922336 bytes,   14600864 total
: 101117K->16573K(109248K), 0.0141576 secs] 101117K->16573K(502464K), 0.0143027 secs] [Times: user=0.06 sys=0.00, real=0.01 secs] 
Heap after GC invocations=3 (full 1):
 par new generation   total 109248K, used 16573K [0x00000000e0000000, 0x00000000e8000000, 0x00000000e8000000)
  eden space 87424K,   0% used [0x00000000e0000000, 0x00000000e0000000, 0x00000000e5560000)
  from space 21824K,  75% used [0x00000000e6ab0000, 0x00000000e7adf4e0, 0x00000000e8000000)
  to   space 21824K,   0% used [0x00000000e5560000, 0x00000000e5560000, 0x00000000e6ab0000)
 concurrent mark-sweep generation total 393216K, used 0K [0x00000000e8000000, 0x0000000100000000, 0x0000000100000000)
 Metaspace       used 28238K, capacity 28922K, committed 29028K, reserved 1075200K
  class space    used 3470K, capacity 3659K, committed 3684K, reserved 1048576K
}
2018-12-17T12:09:16.628+0300: 24.739: Total time for which application threads were stopped: 0.0146078 seconds, Stopping threads took: 0.0000546 seconds
2018-12-17T12:09:16.629+0300: 24.740: Total time for which application threads were stopped: 0.0001097 seconds, Stopping threads took: 0.0000474 seconds
2018-12-17T12:09:16.742+0300: 24.854: Total time for which application threads were stopped: 0.0003708 seconds, Stopping threads took: 0.0000290 seconds
2018-12-17T12:09:16.774+0300: 24.886: Total time for which application threads were stopped: 0.0001638 seconds, Stopping threads took: 0.0000649 seconds
2018-12-17T12:09:16.786+0300: 24.898: Total time for which application threads were stopped: 0.0004147 seconds, Stopping threads took: 0.0000286 seconds
{Heap before GC invocations=3 (full 1):
 par new generation   total 109248K, used 103997K [0x00000000e0000000, 0x00000000e8000000, 0x00000000e8000000)
  eden space 87424K, 100% used [0x00000000e0000000, 0x00000000e5560000, 0x00000000e5560000)
  from space 21824K,  75% used [0x00000000e6ab0000, 0x00000000e7adf4e0, 0x00000000e8000000)
  to   space 21824K,   0% used [0x00000000e5560000, 0x00000000e5560000, 0x00000000e6ab0000)
 concurrent mark-sweep generation total 393216K, used 0K [0x00000000e8000000, 0x0000000100000000, 0x0000000100000000)
 Metaspace       used 28805K, capacity 29468K, committed 29668K, reserved 1075200K
  class space    used 3514K, capacity 3692K, committed 3812K, reserved 1048576K
2018-12-17T12:09:16.839+0300: 24.951: [GC (Allocation Failure) 2018-12-17T12:09:16.839+0300: 24.951: [ParNew
Desired survivor size 20112992 bytes, new threshold 8 (max 8)
- age   1:     503400 bytes,     503400 total
- age   2:    3011488 bytes,    3514888 total
- age   3:    2552080 bytes,    6066968 total
- age   4:    4919960 bytes,   10986928 total
: 103997K->12075K(109248K), 0.0114376 secs] 103997K->12075K(502464K), 0.0115708 secs] [Times: user=0.06 sys=0.00, real=0.01 secs] 
Heap after GC invocations=4 (full 1):
 par new generation   total 109248K, used 12075K [0x00000000e0000000, 0x00000000e8000000, 0x00000000e8000000)
  eden space 87424K,   0% used [0x00000000e0000000, 0x00000000e0000000, 0x00000000e5560000)
  from space 21824K,  55% used [0x00000000e5560000, 0x00000000e612ac00, 0x00000000e6ab0000)
  to   space 21824K,   0% used [0x00000000e6ab0000, 0x00000000e6ab0000, 0x00000000e8000000)
 concurrent mark-sweep generation total 393216K, used 0K [0x00000000e8000000, 0x0000000100000000, 0x0000000100000000)
 Metaspace       used 28805K, capacity 29468K, committed 29668K, reserved 1075200K
  class space    used 3514K, capacity 3692K, committed 3812K, reserved 1048576K
}
2018-12-17T12:09:16.851+0300: 24.963: Total time for which application threads were stopped: 0.0118434 seconds, Stopping threads took: 0.0000329 seconds
2018-12-17T12:09:16.859+0300: 24.972: Total time for which application threads were stopped: 0.0000977 seconds, Stopping threads took: 0.0000371 seconds
2018-12-17T12:09:16.997+0300: 25.108: Total time for which application threads were stopped: 0.0001344 seconds, Stopping threads took: 0.0000277 seconds
2018-12-17T12:09:17.065+0300: 25.177: Total time for which application threads were stopped: 0.0001165 seconds, Stopping threads took: 0.0000337 seconds
2018-12-17T12:09:17.199+0300: 25.311: Total time for which application threads were stopped: 0.0001327 seconds, Stopping threads took: 0.0000499 seconds
2018-12-17T12:09:17.199+0300: 25.312: Total time for which application threads were stopped: 0.0001263 seconds, Stopping threads took: 0.0000802 seconds
2018-12-17T12:09:17.200+0300: 25.312: Total time for which application threads were stopped: 0.0000879 seconds, Stopping threads took: 0.0000401 seconds
2018-12-17T12:09:17.219+0300: 25.331: Total time for which application threads were stopped: 0.0001233 seconds, Stopping threads took: 0.0000422 seconds
2018-12-17T12:09:17.219+0300: 25.332: Total time for which application threads were stopped: 0.0000781 seconds, Stopping threads took: 0.0000247 seconds
2018-12-17T12:09:17.220+0300: 25.332: Total time for which application threads were stopped: 0.0000597 seconds, Stopping threads took: 0.0000179 seconds
2018-12-17T12:09:17.220+0300: 25.332: Total time for which application threads were stopped: 0.0000576 seconds, Stopping threads took: 0.0000175 seconds
2018-12-17T12:09:17.220+0300: 25.332: Total time for which application threads were stopped: 0.0000623 seconds, Stopping threads took: 0.0000196 seconds
2018-12-17T12:09:17.220+0300: 25.332: Total time for which application threads were stopped: 0.0000589 seconds, Stopping threads took: 0.0000179 seconds
2018-12-17T12:09:17.220+0300: 25.332: Total time for which application threads were stopped: 0.0000572 seconds, Stopping threads took: 0.0000175 seconds
2018-12-17T12:09:17.220+0300: 25.332: Total time for which application threads were stopped: 0.0000576 seconds, Stopping threads took: 0.0000175 seconds
2018-12-17T12:09:17.235+0300: 25.347: Total time for which application threads were stopped: 0.0001105 seconds, Stopping threads took: 0.0000358 seconds
2018-12-17T12:09:17.235+0300: 25.347: Total time for which application threads were stopped: 0.0001075 seconds, Stopping threads took: 0.0000444 seconds
2018-12-17T12:09:17.236+0300: 25.348: Total time for which application threads were stopped: 0.0001229 seconds, Stopping threads took: 0.0000414 seconds
2018-12-17T12:09:17.236+0300: 25.348: Total time for which application threads were stopped: 0.0001425 seconds, Stopping threads took: 0.0000734 seconds
2018-12-17T12:09:17.236+0300: 25.348: Total time for which application threads were stopped: 0.0000798 seconds, Stopping threads took: 0.0000230 seconds
2018-12-17T12:09:17.250+0300: 25.362: Total time for which application threads were stopped: 0.0000964 seconds, Stopping threads took: 0.0000329 seconds
2018-12-17T12:09:17.264+0300: 25.376: Total time for which application threads were stopped: 0.0001024 seconds, Stopping threads took: 0.0000333 seconds
2018-12-17T12:09:17.269+0300: 25.382: Total time for which application threads were stopped: 0.0001318 seconds, Stopping threads took: 0.0000290 seconds
2018-12-17T12:09:17.270+0300: 25.382: Total time for which application threads were stopped: 0.0000781 seconds, Stopping threads took: 0.0000247 seconds
2018-12-17T12:09:17.270+0300: 25.382: Total time for which application threads were stopped: 0.0000785 seconds, Stopping threads took: 0.0000329 seconds
2018-12-17T12:09:17.301+0300: 25.414: Total time for which application threads were stopped: 0.0001766 seconds, Stopping threads took: 0.0000294 seconds
2018-12-17T12:09:17.301+0300: 25.414: Total time for which application threads were stopped: 0.0000926 seconds, Stopping threads took: 0.0000141 seconds
2018-12-17T12:09:17.301+0300: 25.414: Total time for which application threads were stopped: 0.0000781 seconds, Stopping threads took: 0.0000137 seconds
{Heap before GC invocations=4 (full 1):
 par new generation   total 109248K, used 99499K [0x00000000e0000000, 0x00000000e8000000, 0x00000000e8000000)
  eden space 87424K, 100% used [0x00000000e0000000, 0x00000000e5560000, 0x00000000e5560000)
  from space 21824K,  55% used [0x00000000e5560000, 0x00000000e612ac00, 0x00000000e6ab0000)
  to   space 21824K,   0% used [0x00000000e6ab0000, 0x00000000e6ab0000, 0x00000000e8000000)
 concurrent mark-sweep generation total 393216K, used 0K [0x00000000e8000000, 0x0000000100000000, 0x0000000100000000)
 Metaspace       used 29760K, capacity 30434K, committed 30820K, reserved 1077248K
  class space    used 3643K, capacity 3865K, committed 3940K, reserved 1048576K
2018-12-17T12:09:17.361+0300: 25.473: [GC (Allocation Failure) 2018-12-17T12:09:17.361+0300: 25.473: [ParNew
Desired survivor size 20112992 bytes, new threshold 8 (max 8)
- age   1:    3094728 bytes,    3094728 total
- age   2:     203184 bytes,    3297912 total
- age   3:    2988960 bytes,    6286872 total
- age   4:    2551408 bytes,    8838280 total
- age   5:    4919160 bytes,   13757440 total
: 99499K->19365K(109248K), 0.0134336 secs] 99499K->19365K(502464K), 0.0135287 secs] [Times: user=0.05 sys=0.00, real=0.01 secs] 
Heap after GC invocations=5 (full 1):
 par new generation   total 109248K, used 19365K [0x00000000e0000000, 0x00000000e8000000, 0x00000000e8000000)
  eden space 87424K,   0% used [0x00000000e0000000, 0x00000000e0000000, 0x00000000e5560000)
  from space 21824K,  88% used [0x00000000e6ab0000, 0x00000000e7d994e8, 0x00000000e8000000)
  to   space 21824K,   0% used [0x00000000e5560000, 0x00000000e5560000, 0x00000000e6ab0000)
 concurrent mark-sweep generation total 393216K, used 0K [0x00000000e8000000, 0x0000000100000000, 0x0000000100000000)
 Metaspace       used 29760K, capacity 30434K, committed 30820K, reserved 1077248K
  class space    used 3643K, capacity 3865K, committed 3940K, reserved 1048576K
}
2018-12-17T12:09:17.375+0300: 25.486: Total time for which application threads were stopped: 0.0137561 seconds, Stopping threads took: 0.0000414 seconds
2018-12-17T12:09:17.382+0300: 25.494: Total time for which application threads were stopped: 0.0001489 seconds, Stopping threads took: 0.0000538 seconds
2018-12-17T12:09:17.390+0300: 25.502: Total time for which application threads were stopped: 0.0003605 seconds, Stopping threads took: 0.0002551 seconds
2018-12-17T12:09:17.394+0300: 25.506: Total time for which application threads were stopped: 0.0001690 seconds, Stopping threads took: 0.0000474 seconds
2018-12-17T12:09:17.394+0300: 25.506: Total time for which application threads were stopped: 0.0001259 seconds, Stopping threads took: 0.0000346 seconds
{Heap before GC invocations=5 (full 1):
 par new generation   total 109248K, used 106789K [0x00000000e0000000, 0x00000000e8000000, 0x00000000e8000000)
  eden space 87424K, 100% used [0x00000000e0000000, 0x00000000e5560000, 0x00000000e5560000)
  from space 21824K,  88% used [0x00000000e6ab0000, 0x00000000e7d994e8, 0x00000000e8000000)
  to   space 21824K,   0% used [0x00000000e5560000, 0x00000000e5560000, 0x00000000e6ab0000)
 concurrent mark-sweep generation total 393216K, used 0K [0x00000000e8000000, 0x0000000100000000, 0x0000000100000000)
 Metaspace       used 29986K, capacity 30726K, committed 31076K, reserved 1077248K
  class space    used 3676K, capacity 3871K, committed 3940K, reserved 1048576K
2018-12-17T12:09:17.491+0300: 25.603: [GC (Allocation Failure) 2018-12-17T12:09:17.491+0300: 25.603: [ParNew
Desired survivor size 20112992 bytes, new threshold 8 (max 8)
- age   1:     497856 bytes,     497856 total
- age   2:    2297184 bytes,    2795040 total
- age   3:     203120 bytes,    2998160 total
- age   4:    2989144 bytes,    5987304 total
- age   5:    2551344 bytes,    8538648 total
- age   6:    4921536 bytes,   13460184 total
: 106789K->17560K(109248K), 0.0158579 secs] 106789K->17560K(502464K), 0.0159778 secs] [Times: user=0.01 sys=0.00, real=0.02 secs] 
Heap after GC invocations=6 (full 1):
 par new generation   total 109248K, used 17560K [0x00000000e0000000, 0x00000000e8000000, 0x00000000e8000000)
  eden space 87424K,   0% used [0x00000000e0000000, 0x00000000e0000000, 0x00000000e5560000)
  from space 21824K,  80% used [0x00000000e5560000, 0x00000000e66860c8, 0x00000000e6ab0000)
  to   space 21824K,   0% used [0x00000000e6ab0000, 0x00000000e6ab0000, 0x00000000e8000000)
 concurrent mark-sweep generation total 393216K, used 0K [0x00000000e8000000, 0x0000000100000000, 0x0000000100000000)
 Metaspace       used 29986K, capacity 30726K, committed 31076K, reserved 1077248K
  class space    used 3676K, capacity 3871K, committed 3940K, reserved 1048576K
}
2018-12-17T12:09:17.507+0300: 25.619: Total time for which application threads were stopped: 0.0162684 seconds, Stopping threads took: 0.0000589 seconds
{Heap before GC invocations=6 (full 1):
 par new generation   total 109248K, used 104984K [0x00000000e0000000, 0x00000000e8000000, 0x00000000e8000000)
  eden space 87424K, 100% used [0x00000000e0000000, 0x00000000e5560000, 0x00000000e5560000)
  from space 21824K,  80% used [0x00000000e5560000, 0x00000000e66860c8, 0x00000000e6ab0000)
  to   space 21824K,   0% used [0x00000000e6ab0000, 0x00000000e6ab0000, 0x00000000e8000000)
 concurrent mark-sweep generation total 393216K, used 0K [0x00000000e8000000, 0x0000000100000000, 0x0000000100000000)
 Metaspace       used 30107K, capacity 30852K, committed 31076K, reserved 1077248K
  class space    used 3691K, capacity 3908K, committed 3940K, reserved 1048576K
2018-12-17T12:09:17.564+0300: 25.676: [GC (Allocation Failure) 2018-12-17T12:09:17.564+0300: 25.676: [ParNew
Desired survivor size 20112992 bytes, new threshold 8 (max 8)
- age   1:     772216 bytes,     772216 total
- age   2:     100856 bytes,     873072 total
- age   3:    2296912 bytes,    3169984 total
- age   4:     203120 bytes,    3373104 total
- age   5:    2988488 bytes,    6361592 total
- age   6:    2551384 bytes,    8912976 total
- age   7:    4919896 bytes,   13832872 total
: 104984K->17198K(109248K), 0.0136559 secs] 104984K->17198K(502464K), 0.0137941 secs] [Times: user=0.06 sys=0.00, real=0.01 secs] 
Heap after GC invocations=7 (full 1):
 par new generation   total 109248K, used 17198K [0x00000000e0000000, 0x00000000e8000000, 0x00000000e8000000)
  eden space 87424K,   0% used [0x00000000e0000000, 0x00000000e0000000, 0x00000000e5560000)
  from space 21824K,  78% used [0x00000000e6ab0000, 0x00000000e7b7b830, 0x00000000e8000000)
  to   space 21824K,   0% used [0x00000000e5560000, 0x00000000e5560000, 0x00000000e6ab0000)
 concurrent mark-sweep generation total 393216K, used 0K [0x00000000e8000000, 0x0000000100000000, 0x0000000100000000)
 Metaspace       used 30107K, capacity 30852K, committed 31076K, reserved 1077248K
  class space    used 3691K, capacity 3908K, committed 3940K, reserved 1048576K
}
2018-12-17T12:09:17.578+0300: 25.690: Total time for which application threads were stopped: 0.0140911 seconds, Stopping threads took: 0.0000503 seconds
2018-12-17T12:09:17.665+0300: 25.777: Total time for which application threads were stopped: 0.0002091 seconds, Stopping threads took: 0.0000555 seconds
2018-12-17T12:09:17.665+0300: 25.777: Total time for which application threads were stopped: 0.0001515 seconds, Stopping threads took: 0.0000431 seconds
{Heap before GC invocations=7 (full 1):
 par new generation   total 109248K, used 104622K [0x00000000e0000000, 0x00000000e8000000, 0x00000000e8000000)
  eden space 87424K, 100% used [0x00000000e0000000, 0x00000000e5560000, 0x00000000e5560000)
  from space 21824K,  78% used [0x00000000e6ab0000, 0x00000000e7b7b830, 0x00000000e8000000)
  to   space 21824K,   0% used [0x00000000e5560000, 0x00000000e5560000, 0x00000000e6ab0000)
 concurrent mark-sweep generation total 393216K, used 0K [0x00000000e8000000, 0x0000000100000000, 0x0000000100000000)
 Metaspace       used 30327K, capacity 31030K, committed 31460K, reserved 1077248K
  class space    used 3721K, capacity 3945K, committed 4068K, reserved 1048576K
2018-12-17T12:09:17.685+0300: 25.797: [GC (Allocation Failure) 2018-12-17T12:09:17.685+0300: 25.797: [ParNew
Desired survivor size 20112992 bytes, new threshold 8 (max 8)
- age   1:     645480 bytes,     645480 total
- age   2:     149336 bytes,     794816 total
- age   3:      99920 bytes,     894736 total
- age   4:    2296664 bytes,    3191400 total
- age   5:     203120 bytes,    3394520 total
- age   6:    2988120 bytes,    6382640 total
- age   7:    2551112 bytes,    8933752 total
- age   8:    4919248 bytes,   13853000 total
: 104622K->20738K(109248K), 0.0143650 secs] 104622K->20738K(502464K), 0.0144892 secs] [Times: user=0.06 sys=0.00, real=0.01 secs] 
Heap after GC invocations=8 (full 1):
 par new generation   total 109248K, used 20738K [0x00000000e0000000, 0x00000000e8000000, 0x00000000e8000000)
  eden space 87424K,   0% used [0x00000000e0000000, 0x00000000e0000000, 0x00000000e5560000)
  from space 21824K,  95% used [0x00000000e5560000, 0x00000000e69a0830, 0x00000000e6ab0000)
  to   space 21824K,   0% used [0x00000000e6ab0000, 0x00000000e6ab0000, 0x00000000e8000000)
 concurrent mark-sweep generation total 393216K, used 0K [0x00000000e8000000, 0x0000000100000000, 0x0000000100000000)
 Metaspace       used 30327K, capacity 31030K, committed 31460K, reserved 1077248K
  class space    used 3721K, capacity 3945K, committed 4068K, reserved 1048576K
}
2018-12-17T12:09:17.700+0300: 25.811: Total time for which application threads were stopped: 0.0147550 seconds, Stopping threads took: 0.0000397 seconds
2018-12-17T12:09:17.791+0300: 25.903: Total time for which application threads were stopped: 0.0001097 seconds, Stopping threads took: 0.0000230 seconds
2018-12-17T12:09:17.792+0300: 25.903: Total time for which application threads were stopped: 0.0000892 seconds, Stopping threads took: 0.0000145 seconds
2018-12-17T12:09:17.792+0300: 25.904: Total time for which application threads were stopped: 0.0000691 seconds, Stopping threads took: 0.0000137 seconds
2018-12-17T12:09:17.792+0300: 25.904: Total time for which application threads were stopped: 0.0000627 seconds, Stopping threads took: 0.0000141 seconds
2018-12-17T12:09:17.792+0300: 25.904: Total time for which application threads were stopped: 0.0000713 seconds, Stopping threads took: 0.0000145 seconds
2018-12-17T12:09:17.823+0300: 25.934: Total time for which application threads were stopped: 0.0001139 seconds, Stopping threads took: 0.0000230 seconds
2018-12-17T12:09:17.823+0300: 25.935: Total time for which application threads were stopped: 0.0000862 seconds, Stopping threads took: 0.0000154 seconds
2018-12-17T12:09:17.823+0300: 25.935: Total time for which application threads were stopped: 0.0000789 seconds, Stopping threads took: 0.0000213 seconds
{Heap before GC invocations=8 (full 1):
 par new generation   total 109248K, used 108162K [0x00000000e0000000, 0x00000000e8000000, 0x00000000e8000000)
  eden space 87424K, 100% used [0x00000000e0000000, 0x00000000e5560000, 0x00000000e5560000)
  from space 21824K,  95% used [0x00000000e5560000, 0x00000000e69a0830, 0x00000000e6ab0000)
  to   space 21824K,   0% used [0x00000000e6ab0000, 0x00000000e6ab0000, 0x00000000e8000000)
 concurrent mark-sweep generation total 393216K, used 0K [0x00000000e8000000, 0x0000000100000000, 0x0000000100000000)
 Metaspace       used 30973K, capacity 31676K, committed 31972K, reserved 1077248K
  class space    used 3805K, capacity 4010K, committed 4068K, reserved 1048576K
2018-12-17T12:09:18.012+0300: 26.123: [GC (Allocation Failure) 2018-12-17T12:09:18.012+0300: 26.123: [ParNew
Desired survivor size 20112992 bytes, new threshold 8 (max 8)
- age   1:     916464 bytes,     916464 total
- age   2:     137872 bytes,    1054336 total
- age   3:     148480 bytes,    1202816 total
- age   4:      98608 bytes,    1301424 total
- age   5:    2287592 bytes,    3589016 total
- age   6:     203120 bytes,    3792136 total
- age   7:    2984072 bytes,    6776208 total
- age   8:    2549624 bytes,    9325832 total
: 108162K->12688K(109248K), 0.0327671 secs] 108162K->18021K(502464K), 0.0329770 secs] [Times: user=0.11 sys=0.00, real=0.03 secs] 
Heap after GC invocations=9 (full 1):
 par new generation   total 109248K, used 12688K [0x00000000e0000000, 0x00000000e8000000, 0x00000000e8000000)
  eden space 87424K,   0% used [0x00000000e0000000, 0x00000000e0000000, 0x00000000e5560000)
  from space 21824K,  58% used [0x00000000e6ab0000, 0x00000000e77143c0, 0x00000000e8000000)
  to   space 21824K,   0% used [0x00000000e5560000, 0x00000000e5560000, 0x00000000e6ab0000)
 concurrent mark-sweep generation total 393216K, used 5332K [0x00000000e8000000, 0x0000000100000000, 0x0000000100000000)
 Metaspace       used 30973K, capacity 31676K, committed 31972K, reserved 1077248K
  class space    used 3805K, capacity 4010K, committed 4068K, reserved 1048576K
}
2018-12-17T12:09:18.045+0300: 26.156: Total time for which application threads were stopped: 0.0335518 seconds, Stopping threads took: 0.0002765 seconds
2018-12-17T12:09:18.054+0300: 26.166: Total time for which application threads were stopped: 0.0004924 seconds, Stopping threads took: 0.0000320 seconds
2018-12-17T12:09:18.103+0300: 26.215: Total time for which application threads were stopped: 0.0004433 seconds, Stopping threads took: 0.0000311 seconds
2018-12-17T12:09:18.116+0300: 26.228: Total time for which application threads were stopped: 0.0000862 seconds, Stopping threads took: 0.0000294 seconds
2018-12-17T12:09:18.120+0300: 26.232: Total time for which application threads were stopped: 0.0000806 seconds, Stopping threads took: 0.0000260 seconds
2018-12-17T12:09:18.142+0300: 26.254: Total time for which application threads were stopped: 0.0002325 seconds, Stopping threads took: 0.0001472 seconds
2018-12-17T12:09:18.211+0300: 26.323: Total time for which application threads were stopped: 0.0004646 seconds, Stopping threads took: 0.0003567 seconds
2018-12-17T12:09:18.232+0300: 26.344: Total time for which application threads were stopped: 0.0001570 seconds, Stopping threads took: 0.0000508 seconds
2018-12-17T12:09:18.235+0300: 26.347: Total time for which application threads were stopped: 0.0002790 seconds, Stopping threads took: 0.0001451 seconds
2018-12-17T12:09:18.448+0300: 26.559: Total time for which application threads were stopped: 0.0006477 seconds, Stopping threads took: 0.0001434 seconds
2018-12-17T12:09:18.641+0300: 26.753: Total time for which application threads were stopped: 0.0001335 seconds, Stopping threads took: 0.0000346 seconds
2018-12-17T12:09:18.641+0300: 26.753: Total time for which application threads were stopped: 0.0000764 seconds, Stopping threads took: 0.0000222 seconds
2018-12-17T12:09:18.641+0300: 26.753: Total time for which application threads were stopped: 0.0000674 seconds, Stopping threads took: 0.0000226 seconds
2018-12-17T12:09:18.641+0300: 26.753: Total time for which application threads were stopped: 0.0000602 seconds, Stopping threads took: 0.0000162 seconds
2018-12-17T12:09:18.641+0300: 26.754: Total time for which application threads were stopped: 0.0000623 seconds, Stopping threads took: 0.0000265 seconds
2018-12-17T12:09:18.641+0300: 26.754: Total time for which application threads were stopped: 0.0000555 seconds, Stopping threads took: 0.0000226 seconds
2018-12-17T12:09:18.642+0300: 26.755: Total time for which application threads were stopped: 0.0001212 seconds, Stopping threads took: 0.0000294 seconds
2018-12-17T12:09:18.642+0300: 26.755: Total time for which application threads were stopped: 0.0000896 seconds, Stopping threads took: 0.0000388 seconds
2018-12-17T12:09:18.643+0300: 26.755: Total time for which application threads were stopped: 0.0001041 seconds, Stopping threads took: 0.0000563 seconds
2018-12-17T12:09:18.643+0300: 26.755: Total time for which application threads were stopped: 0.0001037 seconds, Stopping threads took: 0.0000538 seconds
2018-12-17T12:09:18.643+0300: 26.755: Total time for which application threads were stopped: 0.0000998 seconds, Stopping threads took: 0.0000418 seconds
2018-12-17T12:09:18.643+0300: 26.755: Total time for which application threads were stopped: 0.0000875 seconds, Stopping threads took: 0.0000375 seconds
2018-12-17T12:09:18.643+0300: 26.756: Total time for which application threads were stopped: 0.0001434 seconds, Stopping threads took: 0.0000503 seconds
2018-12-17T12:09:18.643+0300: 26.756: Total time for which application threads were stopped: 0.0000606 seconds, Stopping threads took: 0.0000158 seconds
2018-12-17T12:09:19.044+0300: 27.156: Total time for which application threads were stopped: 0.0002342 seconds, Stopping threads took: 0.0000567 seconds
2018-12-17T12:09:19.046+0300: 27.157: Total time for which application threads were stopped: 0.0001417 seconds, Stopping threads took: 0.0000491 seconds
2018-12-17T12:09:19.046+0300: 27.157: Total time for which application threads were stopped: 0.0001011 seconds, Stopping threads took: 0.0000286 seconds
2018-12-17T12:09:19.046+0300: 27.157: Total time for which application threads were stopped: 0.0000896 seconds, Stopping threads took: 0.0000277 seconds
2018-12-17T12:09:19.046+0300: 27.157: Total time for which application threads were stopped: 0.0000802 seconds, Stopping threads took: 0.0000213 seconds
2018-12-17T12:09:19.307+0300: 27.420: Total time for which application threads were stopped: 0.0001732 seconds, Stopping threads took: 0.0000550 seconds
2018-12-17T12:09:19.380+0300: 27.491: Total time for which application threads were stopped: 0.0001033 seconds, Stopping threads took: 0.0000439 seconds
2018-12-17T12:09:19.380+0300: 27.491: Total time for which application threads were stopped: 0.0000546 seconds, Stopping threads took: 0.0000166 seconds
2018-12-17T12:09:19.380+0300: 27.492: Total time for which application threads were stopped: 0.0000448 seconds, Stopping threads took: 0.0000141 seconds
2018-12-17T12:09:19.386+0300: 27.498: Total time for which application threads were stopped: 0.0000939 seconds, Stopping threads took: 0.0000337 seconds
2018-12-17T12:09:19.386+0300: 27.498: Total time for which application threads were stopped: 0.0000973 seconds, Stopping threads took: 0.0000393 seconds
2018-12-17T12:09:19.387+0300: 27.498: Total time for which application threads were stopped: 0.0000905 seconds, Stopping threads took: 0.0000299 seconds
2018-12-17T12:09:19.387+0300: 27.498: Total time for which application threads were stopped: 0.0000832 seconds, Stopping threads took: 0.0000252 seconds
2018-12-17T12:09:19.387+0300: 27.498: Total time for which application threads were stopped: 0.0000772 seconds, Stopping threads took: 0.0000299 seconds
2018-12-17T12:09:19.387+0300: 27.499: Total time for which application threads were stopped: 0.0001220 seconds, Stopping threads took: 0.0000636 seconds
2018-12-17T12:09:19.387+0300: 27.499: Total time for which application threads were stopped: 0.0001003 seconds, Stopping threads took: 0.0000640 seconds
2018-12-17T12:09:19.434+0300: 27.546: Total time for which application threads were stopped: 0.0007620 seconds, Stopping threads took: 0.0000427 seconds
2018-12-17T12:09:19.553+0300: 27.665: Total time for which application threads were stopped: 0.0001455 seconds, Stopping threads took: 0.0000538 seconds
2018-12-17T12:09:19.560+0300: 27.672: Total time for which application threads were stopped: 0.0001523 seconds, Stopping threads took: 0.0000708 seconds
2018-12-17T12:09:19.562+0300: 27.674: Total time for which application threads were stopped: 0.0001762 seconds, Stopping threads took: 0.0000631 seconds
2018-12-17T12:09:19.563+0300: 27.674: Total time for which application threads were stopped: 0.0001459 seconds, Stopping threads took: 0.0000644 seconds
2018-12-17T12:09:19.563+0300: 27.675: Total time for which application threads were stopped: 0.0002573 seconds, Stopping threads took: 0.0001796 seconds
2018-12-17T12:09:19.568+0300: 27.679: Total time for which application threads were stopped: 0.0004945 seconds, Stopping threads took: 0.0003597 seconds
2018-12-17T12:09:19.586+0300: 27.698: Total time for which application threads were stopped: 0.0001677 seconds, Stopping threads took: 0.0000363 seconds
2018-12-17T12:09:19.588+0300: 27.700: Total time for which application threads were stopped: 0.0001523 seconds, Stopping threads took: 0.0000341 seconds
{Heap before GC invocations=9 (full 1):
 par new generation   total 109248K, used 100112K [0x00000000e0000000, 0x00000000e8000000, 0x00000000e8000000)
  eden space 87424K, 100% used [0x00000000e0000000, 0x00000000e5560000, 0x00000000e5560000)
  from space 21824K,  58% used [0x00000000e6ab0000, 0x00000000e77143c0, 0x00000000e8000000)
  to   space 21824K,   0% used [0x00000000e5560000, 0x00000000e5560000, 0x00000000e6ab0000)
 concurrent mark-sweep generation total 393216K, used 5332K [0x00000000e8000000, 0x0000000100000000, 0x0000000100000000)
 Metaspace       used 34316K, capacity 35184K, committed 35300K, reserved 1079296K
  class space    used 4294K, capacity 4508K, committed 4580K, reserved 1048576K
2018-12-17T12:09:19.775+0300: 27.886: [GC (Allocation Failure) 2018-12-17T12:09:19.775+0300: 27.886: [ParNew
Desired survivor size 20112992 bytes, new threshold 8 (max 8)
- age   1:    4981792 bytes,    4981792 total
- age   2:     297240 bytes,    5279032 total
- age   3:     137712 bytes,    5416744 total
- age   4:     148480 bytes,    5565224 total
- age   5:      98608 bytes,    5663832 total
- age   6:     509696 bytes,    6173528 total
- age   7:     202992 bytes,    6376520 total
- age   8:    2980152 bytes,    9356672 total
: 100112K->12503K(109248K), 0.0288763 secs] 105445K->20396K(502464K), 0.0290551 secs] [Times: user=0.08 sys=0.00, real=0.03 secs] 
Heap after GC invocations=10 (full 1):
 par new generation   total 109248K, used 12503K [0x00000000e0000000, 0x00000000e8000000, 0x00000000e8000000)
  eden space 87424K,   0% used [0x00000000e0000000, 0x00000000e0000000, 0x00000000e5560000)
  from space 21824K,  57% used [0x00000000e5560000, 0x00000000e6195d70, 0x00000000e6ab0000)
  to   space 21824K,   0% used [0x00000000e6ab0000, 0x00000000e6ab0000, 0x00000000e8000000)
 concurrent mark-sweep generation total 393216K, used 7893K [0x00000000e8000000, 0x0000000100000000, 0x0000000100000000)
 Metaspace       used 34316K, capacity 35184K, committed 35300K, reserved 1079296K
  class space    used 4294K, capacity 4508K, committed 4580K, reserved 1048576K
}
2018-12-17T12:09:19.804+0300: 27.916: Total time for which application threads were stopped: 0.0294157 seconds, Stopping threads took: 0.0000346 seconds
2018-12-17T12:09:19.851+0300: 27.963: Total time for which application threads were stopped: 0.0000943 seconds, Stopping threads took: 0.0000307 seconds
2018-12-17T12:09:19.921+0300: 28.034: Total time for which application threads were stopped: 0.0002257 seconds, Stopping threads took: 0.0000256 seconds
2018-12-17T12:09:20.058+0300: 28.170: Total time for which application threads were stopped: 0.0001510 seconds, Stopping threads took: 0.0000333 seconds
2018-12-17T12:09:20.059+0300: 28.170: Total time for which application threads were stopped: 0.0001203 seconds, Stopping threads took: 0.0000320 seconds
2018-12-17T12:09:20.059+0300: 28.170: Total time for which application threads were stopped: 0.0000926 seconds, Stopping threads took: 0.0000218 seconds
2018-12-17T12:09:20.059+0300: 28.171: Total time for which application threads were stopped: 0.0001122 seconds, Stopping threads took: 0.0000316 seconds
2018-12-17T12:09:20.063+0300: 28.175: Total time for which application threads were stopped: 0.0000964 seconds, Stopping threads took: 0.0000401 seconds
2018-12-17T12:09:20.135+0300: 28.247: Total time for which application threads were stopped: 0.0001186 seconds, Stopping threads took: 0.0000491 seconds
2018-12-17T12:09:20.135+0300: 28.247: Total time for which application threads were stopped: 0.0001075 seconds, Stopping threads took: 0.0000252 seconds
2018-12-17T12:09:20.136+0300: 28.247: Total time for which application threads were stopped: 0.0001003 seconds, Stopping threads took: 0.0000145 seconds
2018-12-17T12:09:20.140+0300: 28.252: Total time for which application threads were stopped: 0.0001660 seconds, Stopping threads took: 0.0000461 seconds
2018-12-17T12:09:20.155+0300: 28.267: Total time for which application threads were stopped: 0.0001404 seconds, Stopping threads took: 0.0000452 seconds
2018-12-17T12:09:20.155+0300: 28.267: Total time for which application threads were stopped: 0.0001310 seconds, Stopping threads took: 0.0000341 seconds
2018-12-17T12:09:20.157+0300: 28.269: Total time for which application threads were stopped: 0.0001519 seconds, Stopping threads took: 0.0000576 seconds
2018-12-17T12:09:20.160+0300: 28.272: Total time for which application threads were stopped: 0.0002035 seconds, Stopping threads took: 0.0000636 seconds
2018-12-17T12:09:20.160+0300: 28.272: Total time for which application threads were stopped: 0.0002684 seconds, Stopping threads took: 0.0000623 seconds
2018-12-17T12:09:20.163+0300: 28.275: Total time for which application threads were stopped: 0.0005568 seconds, Stopping threads took: 0.0003443 seconds
2018-12-17T12:09:20.168+0300: 28.280: Total time for which application threads were stopped: 0.0001749 seconds, Stopping threads took: 0.0000486 seconds
2018-12-17T12:09:20.178+0300: 28.290: Total time for which application threads were stopped: 0.0002330 seconds, Stopping threads took: 0.0000649 seconds
2018-12-17T12:09:20.179+0300: 28.291: Total time for which application threads were stopped: 0.0004032 seconds, Stopping threads took: 0.0000563 seconds
{Heap before GC invocations=10 (full 1):
 par new generation   total 109248K, used 99927K [0x00000000e0000000, 0x00000000e8000000, 0x00000000e8000000)
  eden space 87424K, 100% used [0x00000000e0000000, 0x00000000e5560000, 0x00000000e5560000)
  from space 21824K,  57% used [0x00000000e5560000, 0x00000000e6195d70, 0x00000000e6ab0000)
  to   space 21824K,   0% used [0x00000000e6ab0000, 0x00000000e6ab0000, 0x00000000e8000000)
 concurrent mark-sweep generation total 393216K, used 7893K [0x00000000e8000000, 0x0000000100000000, 0x0000000100000000)
 Metaspace       used 35643K, capacity 36614K, committed 36708K, reserved 1081344K
  class space    used 4426K, capacity 4651K, committed 4708K, reserved 1048576K
2018-12-17T12:09:20.268+0300: 28.380: [GC (Allocation Failure) 2018-12-17T12:09:20.268+0300: 28.380: [ParNew
Desired survivor size 20112992 bytes, new threshold 8 (max 8)
- age   1:    3253872 bytes,    3253872 total
- age   2:    2581368 bytes,    5835240 total
- age   3:     294424 bytes,    6129664 total
- age   4:     137680 bytes,    6267344 total
- age   5:     147760 bytes,    6415104 total
- age   6:      97776 bytes,    6512880 total
- age   7:     501776 bytes,    7014656 total
- age   8:     197808 bytes,    7212464 total
: 99927K->9353K(109248K), 0.0157448 secs] 107820K->20175K(502464K), 0.0158323 secs] [Times: user=0.06 sys=0.00, real=0.02 secs] 
Heap after GC invocations=11 (full 1):
 par new generation   total 109248K, used 9353K [0x00000000e0000000, 0x00000000e8000000, 0x00000000e8000000)
  eden space 87424K,   0% used [0x00000000e0000000, 0x00000000e0000000, 0x00000000e5560000)
  from space 21824K,  42% used [0x00000000e6ab0000, 0x00000000e73d2700, 0x00000000e8000000)
  to   space 21824K,   0% used [0x00000000e5560000, 0x00000000e5560000, 0x00000000e6ab0000)
 concurrent mark-sweep generation total 393216K, used 10821K [0x00000000e8000000, 0x0000000100000000, 0x0000000100000000)
 Metaspace       used 35643K, capacity 36614K, committed 36708K, reserved 1081344K
  class space    used 4426K, capacity 4651K, committed 4708K, reserved 1048576K
}
2018-12-17T12:09:20.284+0300: 28.396: Total time for which application threads were stopped: 0.0161873 seconds, Stopping threads took: 0.0000529 seconds
2018-12-17T12:09:20.628+0300: 28.740: Total time for which application threads were stopped: 0.0001498 seconds, Stopping threads took: 0.0000444 seconds
2018-12-17T12:09:20.628+0300: 28.740: Total time for which application threads were stopped: 0.0000930 seconds, Stopping threads took: 0.0000188 seconds
2018-12-17T12:09:20.628+0300: 28.740: Total time for which application threads were stopped: 0.0000862 seconds, Stopping threads took: 0.0000209 seconds
2018-12-17T12:09:20.629+0300: 28.741: Total time for which application threads were stopped: 0.0001459 seconds, Stopping threads took: 0.0000435 seconds
2018-12-17T12:09:20.629+0300: 28.741: Total time for which application threads were stopped: 0.0000990 seconds, Stopping threads took: 0.0000290 seconds
2018-12-17T12:09:20.663+0300: 28.776: Total time for which application threads were stopped: 0.0001195 seconds, Stopping threads took: 0.0000354 seconds
2018-12-17T12:09:21.665+0300: 29.777: Total time for which application threads were stopped: 0.0002074 seconds, Stopping threads took: 0.0000529 seconds
2018-12-17T12:09:22.553+0300: 30.666: Total time for which application threads were stopped: 0.0002641 seconds, Stopping threads took: 0.0000759 seconds
2018-12-17T12:09:22.554+0300: 30.666: Total time for which application threads were stopped: 0.0002193 seconds, Stopping threads took: 0.0000849 seconds
2018-12-17T12:09:22.554+0300: 30.666: Total time for which application threads were stopped: 0.0001630 seconds, Stopping threads took: 0.0000435 seconds
2018-12-17T12:09:22.554+0300: 30.667: Total time for which application threads were stopped: 0.0001472 seconds, Stopping threads took: 0.0000290 seconds
2018-12-17T12:09:22.555+0300: 30.667: Total time for which application threads were stopped: 0.0001975 seconds, Stopping threads took: 0.0000610 seconds
2018-12-17T12:09:22.556+0300: 30.669: Total time for which application threads were stopped: 0.0002364 seconds, Stopping threads took: 0.0000567 seconds
2018-12-17T12:09:22.557+0300: 30.670: Total time for which application threads were stopped: 0.0005393 seconds, Stopping threads took: 0.0000491 seconds
2018-12-17T12:09:23.558+0300: 31.670: Total time for which application threads were stopped: 0.0002897 seconds, Stopping threads took: 0.0001003 seconds
2018-12-17T12:09:25.264+0300: 33.376: Total time for which application threads were stopped: 0.0003264 seconds, Stopping threads took: 0.0000341 seconds
2018-12-17T12:09:25.534+0300: 33.646: Total time for which application threads were stopped: 0.0005594 seconds, Stopping threads took: 0.0000427 seconds
{Heap before GC invocations=11 (full 1):
 par new generation   total 109248K, used 96777K [0x00000000e0000000, 0x00000000e8000000, 0x00000000e8000000)
  eden space 87424K, 100% used [0x00000000e0000000, 0x00000000e5560000, 0x00000000e5560000)
  from space 21824K,  42% used [0x00000000e6ab0000, 0x00000000e73d2700, 0x00000000e8000000)
  to   space 21824K,   0% used [0x00000000e5560000, 0x00000000e5560000, 0x00000000e6ab0000)
 concurrent mark-sweep generation total 393216K, used 10821K [0x00000000e8000000, 0x0000000100000000, 0x0000000100000000)
 Metaspace       used 37772K, capacity 38828K, committed 39012K, reserved 1083392K
  class space    used 4708K, capacity 4962K, committed 4964K, reserved 1048576K
2018-12-17T12:09:25.568+0300: 33.680: [GC (Allocation Failure) 2018-12-17T12:09:25.568+0300: 33.680: [ParNew
Desired survivor size 20112992 bytes, new threshold 8 (max 8)
- age   1:    8719072 bytes,    8719072 total
- age   2:     894168 bytes,    9613240 total
- age   3:    2563696 bytes,   12176936 total
- age   4:     292496 bytes,   12469432 total
- age   5:     137328 bytes,   12606760 total
- age   6:     147568 bytes,   12754328 total
- age   7:      97360 bytes,   12851688 total
- age   8:     490208 bytes,   13341896 total
: 96777K->14544K(109248K), 0.0135509 secs] 107599K->25539K(502464K), 0.0136563 secs] [Times: user=0.00 sys=0.00, real=0.01 secs] 
Heap after GC invocations=12 (full 1):
 par new generation   total 109248K, used 14544K [0x00000000e0000000, 0x00000000e8000000, 0x00000000e8000000)
  eden space 87424K,   0% used [0x00000000e0000000, 0x00000000e0000000, 0x00000000e5560000)
  from space 21824K,  66% used [0x00000000e5560000, 0x00000000e63940e0, 0x00000000e6ab0000)
  to   space 21824K,   0% used [0x00000000e6ab0000, 0x00000000e6ab0000, 0x00000000e8000000)
 concurrent mark-sweep generation total 393216K, used 10995K [0x00000000e8000000, 0x0000000100000000, 0x0000000100000000)
 Metaspace       used 37772K, capacity 38828K, committed 39012K, reserved 1083392K
  class space    used 4708K, capacity 4962K, committed 4964K, reserved 1048576K
}
2018-12-17T12:09:25.581+0300: 33.694: Total time for which application threads were stopped: 0.0140092 seconds, Stopping threads took: 0.0000329 seconds
2018-12-17T12:09:25.591+0300: 33.703: Total time for which application threads were stopped: 0.0005572 seconds, Stopping threads took: 0.0000333 seconds
2018-12-17T12:09:25.623+0300: 33.735: Total time for which application threads were stopped: 0.0007834 seconds, Stopping threads took: 0.0006822 seconds
2018-12-17T12:09:25.637+0300: 33.749: Total time for which application threads were stopped: 0.0001331 seconds, Stopping threads took: 0.0000427 seconds
2018-12-17T12:09:25.661+0300: 33.773: Total time for which application threads were stopped: 0.0005491 seconds, Stopping threads took: 0.0000337 seconds
2018-12-17T12:09:25.804+0300: 33.915: Total time for which application threads were stopped: 0.0005303 seconds, Stopping threads took: 0.0000388 seconds
2018-12-17T12:09:25.969+0300: 34.080: Total time for which application threads were stopped: 0.0010594 seconds, Stopping threads took: 0.0000538 seconds
2018-12-17T12:09:26.471+0300: 34.583: Total time for which application threads were stopped: 0.0001963 seconds, Stopping threads took: 0.0000538 seconds
2018-12-17T12:09:26.497+0300: 34.609: Total time for which application threads were stopped: 0.0212399 seconds, Stopping threads took: 0.0211191 seconds
2018-12-17T12:09:26.566+0300: 34.678: Total time for which application threads were stopped: 0.0003119 seconds, Stopping threads took: 0.0002010 seconds
2018-12-17T12:09:26.618+0300: 34.730: Total time for which application threads were stopped: 0.0061615 seconds, Stopping threads took: 0.0060480 seconds
2018-12-17T12:09:26.618+0300: 34.730: Total time for which application threads were stopped: 0.0001468 seconds, Stopping threads took: 0.0000759 seconds
2018-12-17T12:09:26.619+0300: 34.731: Total time for which application threads were stopped: 0.0001220 seconds, Stopping threads took: 0.0000491 seconds
2018-12-17T12:09:27.000+0300: 35.112: Total time for which application threads were stopped: 0.0002679 seconds, Stopping threads took: 0.0000785 seconds
2018-12-17T12:09:28.000+0300: 36.112: Total time for which application threads were stopped: 0.0002569 seconds, Stopping threads took: 0.0000777 seconds
2018-12-17T12:09:46.010+0300: 54.122: Total time for which application threads were stopped: 0.0001865 seconds, Stopping threads took: 0.0000533 seconds
2018-12-17T12:09:52.372+0300: 60.484: Total time for which application threads were stopped: 0.0002121 seconds, Stopping threads took: 0.0000542 seconds
2018-12-17T12:09:52.373+0300: 60.485: Total time for which application threads were stopped: 0.0001916 seconds, Stopping threads took: 0.0000435 seconds
2018-12-17T12:10:06.573+0300: 74.685: Total time for which application threads were stopped: 0.0001459 seconds, Stopping threads took: 0.0000354 seconds
2018-12-17T12:10:06.574+0300: 74.686: Total time for which application threads were stopped: 0.0001212 seconds, Stopping threads took: 0.0000329 seconds
2018-12-17T12:10:06.574+0300: 74.687: Total time for which application threads were stopped: 0.0001523 seconds, Stopping threads took: 0.0000452 seconds
2018-12-17T12:10:06.575+0300: 74.687: Total time for which application threads were stopped: 0.0001242 seconds, Stopping threads took: 0.0000422 seconds
2018-12-17T12:10:06.575+0300: 74.687: Total time for which application threads were stopped: 0.0001344 seconds, Stopping threads took: 0.0000171 seconds
2018-12-17T12:10:06.576+0300: 74.689: Total time for which application threads were stopped: 0.0002138 seconds, Stopping threads took: 0.0000427 seconds
2018-12-17T12:10:06.577+0300: 74.689: Total time for which application threads were stopped: 0.0001412 seconds, Stopping threads took: 0.0000247 seconds
2018-12-17T12:10:06.577+0300: 74.689: Total time for which application threads were stopped: 0.0001229 seconds, Stopping threads took: 0.0000196 seconds
2018-12-17T12:10:06.577+0300: 74.689: Total time for which application threads were stopped: 0.0001387 seconds, Stopping threads took: 0.0000282 seconds
2018-12-17T12:10:06.577+0300: 74.690: Total time for which application threads were stopped: 0.0001391 seconds, Stopping threads took: 0.0000290 seconds
2018-12-17T12:10:06.581+0300: 74.693: Total time for which application threads were stopped: 0.0002812 seconds, Stopping threads took: 0.0001438 seconds
2018-12-17T12:10:06.581+0300: 74.694: Total time for which application threads were stopped: 0.0001796 seconds, Stopping threads took: 0.0000418 seconds
2018-12-17T12:10:06.581+0300: 74.694: Total time for which application threads were stopped: 0.0001506 seconds, Stopping threads took: 0.0000333 seconds
2018-12-17T12:10:06.582+0300: 74.694: Total time for which application threads were stopped: 0.0001566 seconds, Stopping threads took: 0.0000439 seconds
2018-12-17T12:10:06.582+0300: 74.694: Total time for which application threads were stopped: 0.0001378 seconds, Stopping threads took: 0.0000299 seconds
2018-12-17T12:10:06.614+0300: 74.725: Total time for which application threads were stopped: 0.0309563 seconds, Stopping threads took: 0.0307848 seconds
2018-12-17T12:10:06.614+0300: 74.726: Total time for which application threads were stopped: 0.0002167 seconds, Stopping threads took: 0.0000602 seconds
2018-12-17T12:10:06.619+0300: 74.730: Total time for which application threads were stopped: 0.0001805 seconds, Stopping threads took: 0.0000346 seconds
2018-12-17T12:10:07.619+0300: 75.731: Total time for which application threads were stopped: 0.0002487 seconds, Stopping threads took: 0.0000585 seconds
2018-12-17T12:10:10.002+0300: 78.114: Total time for which application threads were stopped: 0.0011226 seconds, Stopping threads took: 0.0004975 seconds
2018-12-17T12:10:11.003+0300: 79.114: Total time for which application threads were stopped: 0.0003998 seconds, Stopping threads took: 0.0000725 seconds
2018-12-17T12:10:13.393+0300: 81.505: Total time for which application threads were stopped: 0.0007659 seconds, Stopping threads took: 0.0000367 seconds
2018-12-17T12:10:13.445+0300: 81.557: Total time for which application threads were stopped: 0.0001455 seconds, Stopping threads took: 0.0000444 seconds
2018-12-17T12:10:13.500+0300: 81.612: Total time for which application threads were stopped: 0.0001067 seconds, Stopping threads took: 0.0000380 seconds
2018-12-17T12:10:13.565+0300: 81.677: Total time for which application threads were stopped: 0.0005346 seconds, Stopping threads took: 0.0000269 seconds
2018-12-17T12:10:13.584+0300: 81.695: Total time for which application threads were stopped: 0.0001229 seconds, Stopping threads took: 0.0000414 seconds
2018-12-17T12:10:13.590+0300: 81.701: Total time for which application threads were stopped: 0.0001109 seconds, Stopping threads took: 0.0000354 seconds
2018-12-17T12:10:14.590+0300: 82.702: Total time for which application threads were stopped: 0.0002308 seconds, Stopping threads took: 0.0000649 seconds
2018-12-17T12:11:13.623+0300: 141.735: Total time for which application threads were stopped: 0.0003584 seconds, Stopping threads took: 0.0000909 seconds
2018-12-17T12:11:14.623+0300: 142.735: Total time for which application threads were stopped: 0.0002671 seconds, Stopping threads took: 0.0000845 seconds
2018-12-17T12:12:14.654+0300: 202.766: Total time for which application threads were stopped: 0.0002799 seconds, Stopping threads took: 0.0000806 seconds
2018-12-17T12:13:14.685+0300: 262.797: Total time for which application threads were stopped: 0.0004245 seconds, Stopping threads took: 0.0001105 seconds
2018-12-17T12:13:30.696+0300: 278.807: Total time for which application threads were stopped: 0.0000960 seconds, Stopping threads took: 0.0000273 seconds
2018-12-17T12:13:49.704+0300: 297.816: Total time for which application threads were stopped: 0.0003157 seconds, Stopping threads took: 0.0000734 seconds
2018-12-17T12:13:51.335+0300: 299.447: Total time for which application threads were stopped: 0.0001271 seconds, Stopping threads took: 0.0000316 seconds
2018-12-17T12:13:51.341+0300: 299.453: Total time for which application threads were stopped: 0.0001246 seconds, Stopping threads took: 0.0000303 seconds
2018-12-17T12:13:51.341+0300: 299.453: Total time for which application threads were stopped: 0.0000875 seconds, Stopping threads took: 0.0000218 seconds
2018-12-17T12:13:51.341+0300: 299.453: Total time for which application threads were stopped: 0.0000721 seconds, Stopping threads took: 0.0000179 seconds
2018-12-17T12:13:51.363+0300: 299.475: Total time for which application threads were stopped: 0.0001365 seconds, Stopping threads took: 0.0000316 seconds
2018-12-17T12:13:51.382+0300: 299.494: Total time for which application threads were stopped: 0.0001276 seconds, Stopping threads took: 0.0000427 seconds
2018-12-17T12:13:51.545+0300: 299.657: [GC (CMS Initial Mark) [1 CMS-initial-mark: 10995K(393216K)] 101280K(502464K), 0.0123251 secs] [Times: user=0.06 sys=0.00, real=0.01 secs] 
2018-12-17T12:13:51.557+0300: 299.669: Total time for which application threads were stopped: 0.0124958 seconds, Stopping threads took: 0.0000265 seconds
2018-12-17T12:13:51.557+0300: 299.669: [CMS-concurrent-mark-start]
2018-12-17T12:13:51.583+0300: 299.695: [CMS-concurrent-mark: 0.026/0.026 secs] [Times: user=0.03 sys=0.00, real=0.03 secs] 
2018-12-17T12:13:51.583+0300: 299.695: [CMS-concurrent-preclean-start]
2018-12-17T12:13:51.585+0300: 299.697: [CMS-concurrent-preclean: 0.002/0.002 secs] [Times: user=0.00 sys=0.00, real=0.00 secs] 
2018-12-17T12:13:51.585+0300: 299.697: [CMS-concurrent-abortable-preclean-start]
 CMS: abort preclean due to time 2018-12-17T12:13:57.681+0300: 305.793: [CMS-concurrent-abortable-preclean: 3.595/6.096 secs] [Times: user=3.56 sys=0.00, real=6.10 secs] 
2018-12-17T12:13:57.682+0300: 305.794: [GC (CMS Final Remark) [YG occupancy: 90285 K (109248 K)]{Heap before GC invocations=12 (full 2):
 par new generation   total 109248K, used 90285K [0x00000000e0000000, 0x00000000e8000000, 0x00000000e8000000)
  eden space 87424K,  86% used [0x00000000e0000000, 0x00000000e49f7580, 0x00000000e5560000)
  from space 21824K,  66% used [0x00000000e5560000, 0x00000000e63940e0, 0x00000000e6ab0000)
  to   space 21824K,   0% used [0x00000000e6ab0000, 0x00000000e6ab0000, 0x00000000e8000000)
 concurrent mark-sweep generation total 393216K, used 10995K [0x00000000e8000000, 0x0000000100000000, 0x0000000100000000)
 Metaspace       used 40872K, capacity 42095K, committed 42340K, reserved 1085440K
  class space    used 5079K, capacity 5352K, committed 5476K, reserved 1048576K
2018-12-17T12:13:57.682+0300: 305.794: [GC (CMS Final Remark) 2018-12-17T12:13:57.682+0300: 305.794: [ParNew
Desired survivor size 20112992 bytes, new threshold 8 (max 8)
- age   1:    7823880 bytes,    7823880 total
- age   2:    6415152 bytes,   14239032 total
- age   3:     881376 bytes,   15120408 total
- age   4:    2559200 bytes,   17679608 total
- age   5:     292424 bytes,   17972032 total
- age   6:     137264 bytes,   18109296 total
- age   7:     147536 bytes,   18256832 total
- age   8:      97264 bytes,   18354096 total
: 90285K->21064K(109248K), 0.0267635 secs] 101280K->32546K(502464K), 0.0268770 secs] [Times: user=0.06 sys=0.02, real=0.03 secs] 
Heap after GC invocations=13 (full 2):
 par new generation   total 109248K, used 21064K [0x00000000e0000000, 0x00000000e8000000, 0x00000000e8000000)
  eden space 87424K,   0% used [0x00000000e0000000, 0x00000000e0000000, 0x00000000e5560000)
  from space 21824K,  96% used [0x00000000e6ab0000, 0x00000000e7f42380, 0x00000000e8000000)
  to   space 21824K,   0% used [0x00000000e5560000, 0x00000000e5560000, 0x00000000e6ab0000)
 concurrent mark-sweep generation total 393216K, used 11481K [0x00000000e8000000, 0x0000000100000000, 0x0000000100000000)
 Metaspace       used 40872K, capacity 42095K, committed 42340K, reserved 1085440K
  class space    used 5079K, capacity 5352K, committed 5476K, reserved 1048576K
}
2018-12-17T12:13:57.709+0300: 305.821: [Rescan (parallel) , 0.0057941 secs]2018-12-17T12:13:57.714+0300: 305.827: [weak refs processing, 0.0010249 secs]2018-12-17T12:13:57.716+0300: 305.828: [class unloading, 0.0106394 secs]2018-12-17T12:13:57.726+0300: 305.838: [scrub symbol table, 0.0086327 secs]2018-12-17T12:13:57.735+0300: 305.847: [scrub string table, 0.0006217 secs][1 CMS-remark: 11481K(393216K)] 32546K(502464K), 0.0550882 secs] [Times: user=0.08 sys=0.02, real=0.06 secs] 
2018-12-17T12:13:57.737+0300: 305.849: Total time for which application threads were stopped: 0.0552721 seconds, Stopping threads took: 0.0000350 seconds
2018-12-17T12:13:57.737+0300: 305.849: [CMS-concurrent-sweep-start]
2018-12-17T12:13:57.737+0300: 305.849: Total time for which application threads were stopped: 0.0000704 seconds, Stopping threads took: 0.0000175 seconds
2018-12-17T12:13:57.738+0300: 305.850: Total time for which application threads were stopped: 0.0000602 seconds, Stopping threads took: 0.0000149 seconds
2018-12-17T12:13:57.738+0300: 305.850: Total time for which application threads were stopped: 0.0000384 seconds, Stopping threads took: 0.0000098 seconds
2018-12-17T12:13:57.742+0300: 305.855: [CMS-concurrent-sweep: 0.005/0.006 secs] [Times: user=0.02 sys=0.00, real=0.01 secs] 
2018-12-17T12:13:57.742+0300: 305.855: [CMS-concurrent-reset-start]
2018-12-17T12:13:57.743+0300: 305.855: [CMS-concurrent-reset: 0.001/0.001 secs] [Times: user=0.00 sys=0.00, real=0.00 secs] 
2018-12-17T12:14:02.742+0300: 310.854: Total time for which application threads were stopped: 0.0003093 seconds, Stopping threads took: 0.0000815 seconds
2018-12-17T12:14:04.744+0300: 312.855: Total time for which application threads were stopped: 0.0001382 seconds, Stopping threads took: 0.0000282 seconds
2018-12-17T12:14:13.747+0300: 321.859: Total time for which application threads were stopped: 0.0002876 seconds, Stopping threads took: 0.0000755 seconds
2018-12-17T12:14:14.748+0300: 322.859: Total time for which application threads were stopped: 0.0003021 seconds, Stopping threads took: 0.0000768 seconds
2018-12-17T12:14:23.606+0300: 331.718: Total time for which application threads were stopped: 0.0001438 seconds, Stopping threads took: 0.0000350 seconds
2018-12-17T12:14:24.606+0300: 332.718: Total time for which application threads were stopped: 0.0002291 seconds, Stopping threads took: 0.0000606 seconds
2018-12-17T12:14:31.609+0300: 339.721: Total time for which application threads were stopped: 0.0001459 seconds, Stopping threads took: 0.0000324 seconds
2018-12-17T12:14:57.995+0300: 366.106: Total time for which application threads were stopped: 0.0001195 seconds, Stopping threads took: 0.0000273 seconds
2018-12-17T12:14:57.995+0300: 366.107: Total time for which application threads were stopped: 0.0000704 seconds, Stopping threads took: 0.0000226 seconds
2018-12-17T12:14:57.995+0300: 366.107: Total time for which application threads were stopped: 0.0000623 seconds, Stopping threads took: 0.0000154 seconds
2018-12-17T12:14:58.012+0300: 366.124: Total time for which application threads were stopped: 0.0001050 seconds, Stopping threads took: 0.0000243 seconds
2018-12-17T12:14:58.012+0300: 366.124: Total time for which application threads were stopped: 0.0000559 seconds, Stopping threads took: 0.0000115 seconds
2018-12-17T12:14:59.012+0300: 367.124: Total time for which application threads were stopped: 0.0004028 seconds, Stopping threads took: 0.0000960 seconds
2018-12-17T12:15:14.021+0300: 382.132: Total time for which application threads were stopped: 0.0001404 seconds, Stopping threads took: 0.0000320 seconds
2018-12-17T12:15:18.986+0300: 387.098: Total time for which application threads were stopped: 0.0000986 seconds, Stopping threads took: 0.0000247 seconds
2018-12-17T12:15:18.986+0300: 387.098: Total time for which application threads were stopped: 0.0000768 seconds, Stopping threads took: 0.0000154 seconds
2018-12-17T12:15:18.987+0300: 387.099: Total time for which application threads were stopped: 0.0002155 seconds, Stopping threads took: 0.0001254 seconds
2018-12-17T12:15:19.987+0300: 388.099: Total time for which application threads were stopped: 0.0002876 seconds, Stopping threads took: 0.0000870 seconds
2018-12-17T12:15:34.997+0300: 403.109: Total time for which application threads were stopped: 0.0001165 seconds, Stopping threads took: 0.0000410 seconds
2018-12-17T12:16:15.018+0300: 443.130: Total time for which application threads were stopped: 0.0002957 seconds, Stopping threads took: 0.0000823 seconds
2018-12-17T12:17:09.186+0300: 497.298: Total time for which application threads were stopped: 0.0002377 seconds, Stopping threads took: 0.0000277 seconds
2018-12-17T12:17:10.186+0300: 498.298: Total time for which application threads were stopped: 0.0001673 seconds, Stopping threads took: 0.0000431 seconds
2018-12-17T12:18:15.220+0300: 563.332: Total time for which application threads were stopped: 0.0004079 seconds, Stopping threads took: 0.0001344 seconds
2018-12-17T12:19:30.259+0300: 638.371: Total time for which application threads were stopped: 0.0003541 seconds, Stopping threads took: 0.0000939 seconds
2018-12-17T12:20:15.283+0300: 683.395: Total time for which application threads were stopped: 0.0003563 seconds, Stopping threads took: 0.0000922 seconds
2018-12-17T12:24:15.401+0300: 923.513: Total time for which application threads were stopped: 0.0004467 seconds, Stopping threads took: 0.0001421 seconds
2018-12-17T12:25:11.431+0300: 979.543: Total time for which application threads were stopped: 0.0001502 seconds, Stopping threads took: 0.0000375 seconds
2018-12-17T12:25:15.433+0300: 983.544: Total time for which application threads were stopped: 0.0001028 seconds, Stopping threads took: 0.0000354 seconds
2018-12-17T12:27:15.500+0300: 1103.611: Total time for which application threads were stopped: 0.0003554 seconds, Stopping threads took: 0.0001229 seconds
2018-12-17T12:28:15.534+0300: 1163.646: Total time for which application threads were stopped: 0.0004288 seconds, Stopping threads took: 0.0001527 seconds
2018-12-17T12:29:15.562+0300: 1223.674: Total time for which application threads were stopped: 0.0004783 seconds, Stopping threads took: 0.0001344 seconds
2018-12-17T12:30:15.593+0300: 1283.705: Total time for which application threads were stopped: 0.0003972 seconds, Stopping threads took: 0.0001314 seconds
2018-12-17T12:32:15.655+0300: 1403.767: Total time for which application threads were stopped: 0.0003840 seconds, Stopping threads took: 0.0001229 seconds
2018-12-17T12:39:16.864+0300: 1824.976: Total time for which application threads were stopped: 0.0004019 seconds, Stopping threads took: 0.0001109 seconds
2018-12-17T12:41:16.923+0300: 1945.035: Total time for which application threads were stopped: 0.0003793 seconds, Stopping threads took: 0.0001173 seconds
2018-12-17T12:42:16.965+0300: 2005.076: Total time for which application threads were stopped: 0.0003063 seconds, Stopping threads took: 0.0000806 seconds
2018-12-17T12:43:16.998+0300: 2065.110: Total time for which application threads were stopped: 0.0003447 seconds, Stopping threads took: 0.0001122 seconds
2018-12-17T12:44:03.271+0300: 2111.383: Total time for which application threads were stopped: 0.0002688 seconds, Stopping threads took: 0.0000832 seconds
2018-12-17T12:44:53.392+0300: 2161.504: Total time for which application threads were stopped: 0.0004523 seconds, Stopping threads took: 0.0001348 seconds
2018-12-17T12:45:17.564+0300: 2185.676: Total time for which application threads were stopped: 0.0003251 seconds, Stopping threads took: 0.0001498 seconds
2018-12-17T12:46:16.925+0300: 2245.037: Total time for which application threads were stopped: 0.0004471 seconds, Stopping threads took: 0.0001131 seconds
2018-12-17T12:47:17.295+0300: 2305.407: Total time for which application threads were stopped: 0.0003725 seconds, Stopping threads took: 0.0001545 seconds
2018-12-17T12:51:17.450+0300: 2545.562: Total time for which application threads were stopped: 0.0004335 seconds, Stopping threads took: 0.0001284 seconds
2018-12-17T12:52:17.828+0300: 2605.940: Total time for which application threads were stopped: 0.0005111 seconds, Stopping threads took: 0.0001225 seconds
2018-12-17T12:58:18.260+0300: 2966.372: Total time for which application threads were stopped: 0.0004945 seconds, Stopping threads took: 0.0001348 seconds
2018-12-17T12:59:18.332+0300: 3026.444: Total time for which application threads were stopped: 0.0002940 seconds, Stopping threads took: 0.0000892 seconds
2018-12-17T13:13:19.622+0300: 3867.734: Total time for which application threads were stopped: 0.0004565 seconds, Stopping threads took: 0.0001284 seconds
2018-12-17T13:14:19.767+0300: 3927.879: Total time for which application threads were stopped: 0.0004681 seconds, Stopping threads took: 0.0001327 seconds
2018-12-17T13:18:19.870+0300: 4167.982: Total time for which application threads were stopped: 0.0005154 seconds, Stopping threads took: 0.0001271 seconds
2018-12-17T13:23:12.898+0300: 4461.010: Total time for which application threads were stopped: 0.0007095 seconds, Stopping threads took: 0.0002731 seconds
2018-12-17T13:24:02.892+0300: 4511.004: Total time for which application threads were stopped: 0.0004983 seconds, Stopping threads took: 0.0001370 seconds
2018-12-17T13:25:20.672+0300: 4588.784: Total time for which application threads were stopped: 0.0003059 seconds, Stopping threads took: 0.0001024 seconds
2018-12-17T13:26:20.632+0300: 4648.743: Total time for which application threads were stopped: 0.0001365 seconds, Stopping threads took: 0.0000533 seconds
2018-12-17T13:27:21.494+0300: 4709.606: Total time for which application threads were stopped: 0.0004190 seconds, Stopping threads took: 0.0000926 seconds
2018-12-17T13:28:21.312+0300: 4769.424: Total time for which application threads were stopped: 0.0003750 seconds, Stopping threads took: 0.0001259 seconds
2018-12-17T13:33:22.272+0300: 5070.384: Total time for which application threads were stopped: 0.0005094 seconds, Stopping threads took: 0.0001446 seconds
{Heap before GC invocations=13 (full 2):
 par new generation   total 109248K, used 108488K [0x00000000e0000000, 0x00000000e8000000, 0x00000000e8000000)
  eden space 87424K, 100% used [0x00000000e0000000, 0x00000000e5560000, 0x00000000e5560000)
  from space 21824K,  96% used [0x00000000e6ab0000, 0x00000000e7f42380, 0x00000000e8000000)
  to   space 21824K,   0% used [0x00000000e5560000, 0x00000000e5560000, 0x00000000e6ab0000)
 concurrent mark-sweep generation total 393216K, used 11328K [0x00000000e8000000, 0x0000000100000000, 0x0000000100000000)
 Metaspace       used 41575K, capacity 42843K, committed 43108K, reserved 1087488K
  class space    used 5135K, capacity 5420K, committed 5476K, reserved 1048576K
2018-12-17T13:35:21.637+0300: 5189.753: [GC (Allocation Failure) 2018-12-17T13:35:21.637+0300: 5189.753: [ParNew
Desired survivor size 20112992 bytes, new threshold 5 (max 8)
- age   1:    4893376 bytes,    4893376 total
- age   2:    5396872 bytes,   10290248 total
- age   3:    6414000 bytes,   16704248 total
- age   4:     880896 bytes,   17585144 total
- age   5:    2558016 bytes,   20143160 total
- age   6:     291696 bytes,   20434856 total
- age   7:     137264 bytes,   20572120 total
- age   8:     147536 bytes,   20719656 total
: 108488K->21824K(109248K), 0.0323643 secs] 119817K->33363K(502464K), 0.0325094 secs] [Times: user=0.13 sys=0.00, real=0.03 secs] 
Heap after GC invocations=14 (full 2):
 par new generation   total 109248K, used 21824K [0x00000000e0000000, 0x00000000e8000000, 0x00000000e8000000)
  eden space 87424K,   0% used [0x00000000e0000000, 0x00000000e0000000, 0x00000000e5560000)
  from space 21824K, 100% used [0x00000000e5560000, 0x00000000e6ab0000, 0x00000000e6ab0000)
  to   space 21824K,   0% used [0x00000000e6ab0000, 0x00000000e6ab0000, 0x00000000e8000000)
 concurrent mark-sweep generation total 393216K, used 11539K [0x00000000e8000000, 0x0000000100000000, 0x0000000100000000)
 Metaspace       used 41575K, capacity 42843K, committed 43108K, reserved 1087488K
  class space    used 5135K, capacity 5420K, committed 5476K, reserved 1048576K
}
2018-12-17T13:35:21.668+0300: 5189.786: Total time for which application threads were stopped: 0.0328725 seconds, Stopping threads took: 0.0000572 seconds
2018-12-17T14:44:33.180+0300: 9341.419: Total time for which application threads were stopped: 0.0003695 seconds, Stopping threads took: 0.0000939 seconds
2018-12-17T14:44:41.185+0300: 9349.423: Total time for which application threads were stopped: 0.0003477 seconds, Stopping threads took: 0.0001143 seconds
2018-12-17T14:50:42.204+0300: 9710.442: Total time for which application threads were stopped: 0.0003883 seconds, Stopping threads took: 0.0001101 seconds
2018-12-17T14:52:42.269+0300: 9830.507: Total time for which application threads were stopped: 0.0001472 seconds, Stopping threads took: 0.0000465 seconds
2018-12-17T14:53:33.363+0300: 9881.602: Total time for which application threads were stopped: 0.0003328 seconds, Stopping threads took: 0.0000964 seconds
2018-12-17T14:57:41.908+0300: 10130.147: Total time for which application threads were stopped: 0.0002099 seconds, Stopping threads took: 0.0000695 seconds
2018-12-17T14:59:41.977+0300: 10250.216: Total time for which application threads were stopped: 0.0001801 seconds, Stopping threads took: 0.0000649 seconds
2018-12-17T15:01:42.033+0300: 10370.272: Total time for which application threads were stopped: 0.0002065 seconds, Stopping threads took: 0.0000678 seconds
2018-12-17T15:05:13.182+0300: 10581.420: Total time for which application threads were stopped: 0.0001822 seconds, Stopping threads took: 0.0000542 seconds
2018-12-17T15:05:13.328+0300: 10581.567: Total time for which application threads were stopped: 0.0001506 seconds, Stopping threads took: 0.0000452 seconds
2018-12-17T15:05:13.328+0300: 10581.567: Total time for which application threads were stopped: 0.0001003 seconds, Stopping threads took: 0.0000209 seconds
2018-12-17T15:05:13.328+0300: 10581.567: Total time for which application threads were stopped: 0.0000781 seconds, Stopping threads took: 0.0000179 seconds
2018-12-17T15:05:13.329+0300: 10581.567: Total time for which application threads were stopped: 0.0001003 seconds, Stopping threads took: 0.0000166 seconds
2018-12-17T15:05:13.329+0300: 10581.567: Total time for which application threads were stopped: 0.0000960 seconds, Stopping threads took: 0.0000192 seconds
2018-12-17T15:05:13.330+0300: 10581.568: Total time for which application threads were stopped: 0.0001404 seconds, Stopping threads took: 0.0000337 seconds
2018-12-17T15:05:13.330+0300: 10581.569: Total time for which application threads were stopped: 0.0001762 seconds, Stopping threads took: 0.0000188 seconds
2018-12-17T15:05:14.331+0300: 10582.569: Total time for which application threads were stopped: 0.0001515 seconds, Stopping threads took: 0.0000482 seconds
2018-12-17T15:05:49.655+0300: 10617.894: Total time for which application threads were stopped: 0.0001690 seconds, Stopping threads took: 0.0000397 seconds
2018-12-17T15:05:49.656+0300: 10617.894: Total time for which application threads were stopped: 0.0001062 seconds, Stopping threads took: 0.0000243 seconds
2018-12-17T15:05:49.656+0300: 10617.894: Total time for which application threads were stopped: 0.0000930 seconds, Stopping threads took: 0.0000222 seconds
2018-12-17T15:05:49.656+0300: 10617.895: Total time for which application threads were stopped: 0.0000879 seconds, Stopping threads took: 0.0000209 seconds
2018-12-17T15:05:49.656+0300: 10617.895: Total time for which application threads were stopped: 0.0001212 seconds, Stopping threads took: 0.0000333 seconds
2018-12-17T15:05:49.656+0300: 10617.895: Total time for which application threads were stopped: 0.0001075 seconds, Stopping threads took: 0.0000282 seconds
2018-12-17T15:05:49.657+0300: 10617.895: Total time for which application threads were stopped: 0.0000841 seconds, Stopping threads took: 0.0000175 seconds
2018-12-17T15:05:50.657+0300: 10618.896: Total time for which application threads were stopped: 0.0003307 seconds, Stopping threads took: 0.0000772 seconds
2018-12-17T15:05:51.658+0300: 10619.897: Total time for which application threads were stopped: 0.0002641 seconds, Stopping threads took: 0.0000960 seconds
2018-12-17T15:05:57.662+0300: 10625.900: Total time for which application threads were stopped: 0.0002893 seconds, Stopping threads took: 0.0000905 seconds
2018-12-17T15:07:09.549+0300: 10697.793: Total time for which application threads were stopped: 0.0008802 seconds, Stopping threads took: 0.0000282 seconds
2018-12-17T15:07:09.549+0300: 10697.800: Total time for which application threads were stopped: 0.0000832 seconds, Stopping threads took: 0.0000213 seconds
2018-12-17T15:07:09.549+0300: 10697.800: Total time for which application threads were stopped: 0.0000883 seconds, Stopping threads took: 0.0000286 seconds
2018-12-17T15:07:09.549+0300: 10697.801: Total time for which application threads were stopped: 0.0000619 seconds, Stopping threads took: 0.0000299 seconds
2018-12-17T15:07:09.590+0300: 10697.828: Total time for which application threads were stopped: 0.0001062 seconds, Stopping threads took: 0.0000486 seconds
2018-12-17T15:07:09.590+0300: 10697.828: Total time for which application threads were stopped: 0.0000734 seconds, Stopping threads took: 0.0000311 seconds
2018-12-17T15:07:09.603+0300: 10697.842: Total time for which application threads were stopped: 0.0000832 seconds, Stopping threads took: 0.0000222 seconds
2018-12-17T15:07:09.605+0300: 10697.843: Total time for which application threads were stopped: 0.0000832 seconds, Stopping threads took: 0.0000183 seconds
2018-12-17T15:07:09.607+0300: 10697.845: Total time for which application threads were stopped: 0.0005713 seconds, Stopping threads took: 0.0000320 seconds
2018-12-17T15:07:09.615+0300: 10697.854: Total time for which application threads were stopped: 0.0000930 seconds, Stopping threads took: 0.0000252 seconds
2018-12-17T15:07:09.669+0300: 10697.917: Total time for which application threads were stopped: 0.0001050 seconds, Stopping threads took: 0.0000218 seconds
2018-12-17T15:07:09.669+0300: 10697.917: Total time for which application threads were stopped: 0.0000772 seconds, Stopping threads took: 0.0000299 seconds
2018-12-17T15:07:09.669+0300: 10697.917: Total time for which application threads were stopped: 0.0000627 seconds, Stopping threads took: 0.0000303 seconds
2018-12-17T15:07:09.669+0300: 10697.923: Total time for which application threads were stopped: 0.0000939 seconds, Stopping threads took: 0.0000205 seconds
2018-12-17T15:07:09.685+0300: 10697.931: Total time for which application threads were stopped: 0.0002423 seconds, Stopping threads took: 0.0001246 seconds
2018-12-17T15:07:09.685+0300: 10697.931: Total time for which application threads were stopped: 0.0001050 seconds, Stopping threads took: 0.0000363 seconds
2018-12-17T15:07:09.716+0300: 10697.965: Total time for which application threads were stopped: 0.0001242 seconds, Stopping threads took: 0.0000222 seconds
2018-12-17T15:07:09.912+0300: 10698.152: Total time for which application threads were stopped: 0.0001728 seconds, Stopping threads took: 0.0000418 seconds
2018-12-17T15:07:09.912+0300: 10698.153: Total time for which application threads were stopped: 0.0001378 seconds, Stopping threads took: 0.0000329 seconds
2018-12-17T15:07:09.912+0300: 10698.163: Total time for which application threads were stopped: 0.0001617 seconds, Stopping threads took: 0.0000401 seconds
2018-12-17T15:07:09.928+0300: 10698.170: Total time for which application threads were stopped: 0.0001856 seconds, Stopping threads took: 0.0000546 seconds
2018-12-17T15:07:09.928+0300: 10698.171: Total time for which application threads were stopped: 0.0001335 seconds, Stopping threads took: 0.0000380 seconds
2018-12-17T15:07:09.928+0300: 10698.175: Total time for which application threads were stopped: 0.0003985 seconds, Stopping threads took: 0.0002146 seconds
2018-12-17T15:07:09.928+0300: 10698.175: Total time for which application threads were stopped: 0.0003537 seconds, Stopping threads took: 0.0002121 seconds
2018-12-17T15:07:09.928+0300: 10698.176: Total time for which application threads were stopped: 0.0003319 seconds, Stopping threads took: 0.0002005 seconds
2018-12-17T15:07:09.928+0300: 10698.176: Total time for which application threads were stopped: 0.0003034 seconds, Stopping threads took: 0.0001933 seconds
2018-12-17T15:07:09.928+0300: 10698.177: Total time for which application threads were stopped: 0.0003076 seconds, Stopping threads took: 0.0001916 seconds
2018-12-17T15:07:09.928+0300: 10698.177: Total time for which application threads were stopped: 0.0003277 seconds, Stopping threads took: 0.0002150 seconds
2018-12-17T15:07:09.928+0300: 10698.180: Total time for which application threads were stopped: 0.0002786 seconds, Stopping threads took: 0.0001024 seconds
2018-12-17T15:07:10.928+0300: 10699.166: Total time for which application threads were stopped: 0.0001271 seconds, Stopping threads took: 0.0000452 seconds
2018-12-17T15:07:42.973+0300: 10731.212: Total time for which application threads were stopped: 0.0001429 seconds, Stopping threads took: 0.0000538 seconds
2018-12-17T15:09:31.128+0300: 10839.366: Total time for which application threads were stopped: 0.0003298 seconds, Stopping threads took: 0.0000836 seconds
2018-12-17T15:11:19.847+0300: 10948.086: Total time for which application threads were stopped: 0.0001719 seconds, Stopping threads took: 0.0000478 seconds
2018-12-17T15:11:19.848+0300: 10948.087: Total time for which application threads were stopped: 0.0001293 seconds, Stopping threads took: 0.0000311 seconds
2018-12-17T15:11:19.848+0300: 10948.087: Total time for which application threads were stopped: 0.0000845 seconds, Stopping threads took: 0.0000196 seconds
2018-12-17T15:12:06.002+0300: 10994.241: Total time for which application threads were stopped: 0.0005602 seconds, Stopping threads took: 0.0001498 seconds
2018-12-17T15:12:07.003+0300: 10995.242: Total time for which application threads were stopped: 0.0002842 seconds, Stopping threads took: 0.0000751 seconds
2018-12-17T15:12:10.005+0300: 10998.243: Total time for which application threads were stopped: 0.0002795 seconds, Stopping threads took: 0.0000798 seconds
2018-12-17T15:13:51.630+0300: 11099.869: Total time for which application threads were stopped: 0.0002172 seconds, Stopping threads took: 0.0000452 seconds
2018-12-17T15:13:51.633+0300: 11099.872: Total time for which application threads were stopped: 0.0001237 seconds, Stopping threads took: 0.0000324 seconds
2018-12-17T15:13:52.634+0300: 11100.873: Total time for which application threads were stopped: 0.0002598 seconds, Stopping threads took: 0.0000695 seconds
2018-12-17T15:13:56.637+0300: 11104.875: Total time for which application threads were stopped: 0.0002850 seconds, Stopping threads took: 0.0000713 seconds
2018-12-17T15:13:58.638+0300: 11106.876: Total time for which application threads were stopped: 0.0001434 seconds, Stopping threads took: 0.0000329 seconds
2018-12-17T15:13:59.638+0300: 11107.877: Total time for which application threads were stopped: 0.0002564 seconds, Stopping threads took: 0.0000708 seconds
2018-12-17T15:14:16.646+0300: 11124.884: Total time for which application threads were stopped: 0.0000973 seconds, Stopping threads took: 0.0000273 seconds
2018-12-17T15:14:17.646+0300: 11125.884: Total time for which application threads were stopped: 0.0002240 seconds, Stopping threads took: 0.0000589 seconds
2018-12-17T15:14:22.649+0300: 11130.887: Total time for which application threads were stopped: 0.0003746 seconds, Stopping threads took: 0.0000670 seconds
2018-12-17T15:14:23.650+0300: 11131.888: Total time for which application threads were stopped: 0.0001062 seconds, Stopping threads took: 0.0000410 seconds
2018-12-17T15:14:24.650+0300: 11132.889: Total time for which application threads were stopped: 0.0002039 seconds, Stopping threads took: 0.0000525 seconds
2018-12-17T15:14:39.685+0300: 11147.923: Total time for which application threads were stopped: 0.0001715 seconds, Stopping threads took: 0.0000354 seconds
2018-12-17T15:14:49.718+0300: 11157.956: Total time for which application threads were stopped: 0.0001284 seconds, Stopping threads took: 0.0000303 seconds
2018-12-17T15:24:43.492+0300: 11751.731: Total time for which application threads were stopped: 0.0004971 seconds, Stopping threads took: 0.0001412 seconds
2018-12-17T15:42:14.694+0300: 12802.932: Total time for which application threads were stopped: 0.0004297 seconds, Stopping threads took: 0.0001301 seconds
2018-12-17T15:47:15.410+0300: 13103.648: Total time for which application threads were stopped: 0.0004919 seconds, Stopping threads took: 0.0001075 seconds
{Heap before GC invocations=14 (full 2):
 par new generation   total 109248K, used 109248K [0x00000000e0000000, 0x00000000e8000000, 0x00000000e8000000)
  eden space 87424K, 100% used [0x00000000e0000000, 0x00000000e5560000, 0x00000000e5560000)
  from space 21824K, 100% used [0x00000000e5560000, 0x00000000e6ab0000, 0x00000000e6ab0000)
  to   space 21824K,   0% used [0x00000000e6ab0000, 0x00000000e6ab0000, 0x00000000e8000000)
 concurrent mark-sweep generation total 393216K, used 11539K [0x00000000e8000000, 0x0000000100000000, 0x0000000100000000)
 Metaspace       used 42729K, capacity 44129K, committed 44260K, reserved 1087488K
  class space    used 5265K, capacity 5562K, committed 5604K, reserved 1048576K
2018-12-17T15:48:44.668+0300: 13192.906: [GC (Allocation Failure) 2018-12-17T15:48:44.668+0300: 13192.906: [ParNew
Desired survivor size 20112992 bytes, new threshold 8 (max 8)
- age   1:    1061664 bytes,    1061664 total
- age   2:    4542472 bytes,    5604136 total
- age   3:    5319032 bytes,   10923168 total
- age   4:    5967440 bytes,   16890608 total
- age   5:     864864 bytes,   17755472 total
: 109248K->21824K(109248K), 0.0180301 secs] 120787K->36813K(502464K), 0.0181372 secs] [Times: user=0.06 sys=0.00, real=0.02 secs] 
Heap after GC invocations=15 (full 2):
 par new generation   total 109248K, used 21824K [0x00000000e0000000, 0x00000000e8000000, 0x00000000e8000000)
  eden space 87424K,   0% used [0x00000000e0000000, 0x00000000e0000000, 0x00000000e5560000)
  from space 21824K, 100% used [0x00000000e6ab0000, 0x00000000e8000000, 0x00000000e8000000)
  to   space 21824K,   0% used [0x00000000e5560000, 0x00000000e5560000, 0x00000000e6ab0000)
 concurrent mark-sweep generation total 393216K, used 14989K [0x00000000e8000000, 0x0000000100000000, 0x0000000100000000)
 Metaspace       used 42729K, capacity 44129K, committed 44260K, reserved 1087488K
  class space    used 5265K, capacity 5562K, committed 5604K, reserved 1048576K
}
2018-12-17T15:48:44.686+0300: 13192.925: Total time for which application threads were stopped: 0.0184260 seconds, Stopping threads took: 0.0000439 seconds
2018-12-17T15:48:53.051+0300: 13201.289: Total time for which application threads were stopped: 0.0001463 seconds, Stopping threads took: 0.0000435 seconds
2018-12-17T15:48:53.051+0300: 13201.289: Total time for which application threads were stopped: 0.0000845 seconds, Stopping threads took: 0.0000316 seconds
2018-12-17T15:48:54.051+0300: 13202.290: Total time for which application threads were stopped: 0.0001882 seconds, Stopping threads took: 0.0000512 seconds
2018-12-17T15:49:02.067+0300: 13210.305: Total time for which application threads were stopped: 0.0001195 seconds, Stopping threads took: 0.0000410 seconds
2018-12-17T15:49:02.103+0300: 13210.341: Total time for which application threads were stopped: 0.0001421 seconds, Stopping threads took: 0.0000393 seconds
2018-12-17T15:49:02.103+0300: 13210.341: Total time for which application threads were stopped: 0.0001011 seconds, Stopping threads took: 0.0000205 seconds
2018-12-17T15:49:02.103+0300: 13210.341: Total time for which application threads were stopped: 0.0000832 seconds, Stopping threads took: 0.0000162 seconds
2018-12-17T15:49:02.103+0300: 13210.342: Total time for which application threads were stopped: 0.0000777 seconds, Stopping threads took: 0.0000154 seconds
2018-12-17T15:49:02.103+0300: 13210.342: Total time for which application threads were stopped: 0.0000708 seconds, Stopping threads took: 0.0000145 seconds
2018-12-17T15:49:02.104+0300: 13210.342: Total time for which application threads were stopped: 0.0000832 seconds, Stopping threads took: 0.0000192 seconds
2018-12-17T15:49:02.104+0300: 13210.342: Total time for which application threads were stopped: 0.0000563 seconds, Stopping threads took: 0.0000119 seconds
2018-12-17T15:49:02.104+0300: 13210.342: Total time for which application threads were stopped: 0.0000670 seconds, Stopping threads took: 0.0000098 seconds
2018-12-17T15:49:02.104+0300: 13210.343: Total time for which application threads were stopped: 0.0000439 seconds, Stopping threads took: 0.0000094 seconds
2018-12-17T15:49:02.104+0300: 13210.343: Total time for which application threads were stopped: 0.0000422 seconds, Stopping threads took: 0.0000094 seconds
2018-12-17T15:49:02.104+0300: 13210.343: Total time for which application threads were stopped: 0.0000717 seconds, Stopping threads took: 0.0000226 seconds
2018-12-17T15:49:02.105+0300: 13210.343: Total time for which application threads were stopped: 0.0000644 seconds, Stopping threads took: 0.0000111 seconds
2018-12-17T15:49:02.105+0300: 13210.343: Total time for which application threads were stopped: 0.0001434 seconds, Stopping threads took: 0.0000098 seconds
2018-12-17T15:49:03.891+0300: 13212.129: Total time for which application threads were stopped: 0.0001485 seconds, Stopping threads took: 0.0000384 seconds
2018-12-17T15:49:04.896+0300: 13213.135: Total time for which application threads were stopped: 0.0003614 seconds, Stopping threads took: 0.0000802 seconds
2018-12-17T15:49:44.997+0300: 13253.236: Total time for which application threads were stopped: 0.0004591 seconds, Stopping threads took: 0.0001481 seconds
2018-12-17T15:50:55.118+0300: 13323.356: Total time for which application threads were stopped: 0.0003631 seconds, Stopping threads took: 0.0000994 seconds
2018-12-17T15:50:57.118+0300: 13325.357: Total time for which application threads were stopped: 0.0001242 seconds, Stopping threads took: 0.0000444 seconds
2018-12-17T15:51:02.120+0300: 13330.359: Total time for which application threads were stopped: 0.0003166 seconds, Stopping threads took: 0.0000789 seconds
2018-12-17T15:51:36.763+0300: 13365.014: Total time for which application threads were stopped: 0.0000960 seconds, Stopping threads took: 0.0000265 seconds
2018-12-17T15:51:36.763+0300: 13365.015: Total time for which application threads were stopped: 0.0000806 seconds, Stopping threads took: 0.0000316 seconds
2018-12-17T15:51:36.795+0300: 13365.033: Total time for which application threads were stopped: 0.0002270 seconds, Stopping threads took: 0.0001045 seconds
2018-12-17T15:51:36.797+0300: 13365.035: Total time for which application threads were stopped: 0.0001638 seconds, Stopping threads took: 0.0000393 seconds
2018-12-17T15:51:36.797+0300: 13365.035: Total time for which application threads were stopped: 0.0001097 seconds, Stopping threads took: 0.0000303 seconds
2018-12-17T15:51:36.799+0300: 13365.037: Total time for which application threads were stopped: 0.0001591 seconds, Stopping threads took: 0.0000542 seconds
2018-12-17T15:51:36.999+0300: 13365.237: Total time for which application threads were stopped: 0.0002432 seconds, Stopping threads took: 0.0000649 seconds
2018-12-17T15:51:37.001+0300: 13365.246: Total time for which application threads were stopped: 0.0002197 seconds, Stopping threads took: 0.0000649 seconds
2018-12-17T15:51:37.001+0300: 13365.248: Total time for which application threads were stopped: 0.0001984 seconds, Stopping threads took: 0.0000516 seconds
2018-12-17T15:51:37.001+0300: 13365.249: Total time for which application threads were stopped: 0.0002146 seconds, Stopping threads took: 0.0000866 seconds
2018-12-17T15:51:37.001+0300: 13365.249: Total time for which application threads were stopped: 0.0001434 seconds, Stopping threads took: 0.0000337 seconds
2018-12-17T15:51:37.001+0300: 13365.250: Total time for which application threads were stopped: 0.0001387 seconds, Stopping threads took: 0.0000410 seconds
2018-12-17T15:51:37.001+0300: 13365.250: Total time for which application threads were stopped: 0.0001237 seconds, Stopping threads took: 0.0000337 seconds
2018-12-17T15:51:37.001+0300: 13365.252: Total time for which application threads were stopped: 0.0002146 seconds, Stopping threads took: 0.0000947 seconds
2018-12-17T15:51:38.001+0300: 13366.239: Total time for which application threads were stopped: 0.0001195 seconds, Stopping threads took: 0.0000452 seconds
2018-12-17T15:51:43.770+0300: 13372.008: Total time for which application threads were stopped: 0.0001169 seconds, Stopping threads took: 0.0000311 seconds
2018-12-17T15:51:43.771+0300: 13372.009: Total time for which application threads were stopped: 0.0001220 seconds, Stopping threads took: 0.0000427 seconds
2018-12-17T15:51:43.771+0300: 13372.010: Total time for which application threads were stopped: 0.0001015 seconds, Stopping threads took: 0.0000316 seconds
2018-12-17T15:52:04.786+0300: 13393.024: Total time for which application threads were stopped: 0.0001779 seconds, Stopping threads took: 0.0000469 seconds
2018-12-17T16:03:25.230+0300: 14073.469: Total time for which application threads were stopped: 0.0001399 seconds, Stopping threads took: 0.0000333 seconds
2018-12-17T16:03:25.231+0300: 14073.470: Total time for which application threads were stopped: 0.0001254 seconds, Stopping threads took: 0.0000243 seconds
2018-12-17T16:03:25.231+0300: 14073.470: Total time for which application threads were stopped: 0.0000858 seconds, Stopping threads took: 0.0000324 seconds
2018-12-17T16:03:25.234+0300: 14073.472: Total time for which application threads were stopped: 0.0001813 seconds, Stopping threads took: 0.0000410 seconds
2018-12-17T16:03:25.467+0300: 14073.706: Total time for which application threads were stopped: 0.0002381 seconds, Stopping threads took: 0.0000713 seconds
2018-12-17T16:03:25.468+0300: 14073.707: Total time for which application threads were stopped: 0.0001766 seconds, Stopping threads took: 0.0000427 seconds
2018-12-17T16:03:25.468+0300: 14073.707: Total time for which application threads were stopped: 0.0001655 seconds, Stopping threads took: 0.0000367 seconds
2018-12-17T16:03:25.469+0300: 14073.708: Total time for which application threads were stopped: 0.0001724 seconds, Stopping threads took: 0.0000435 seconds
2018-12-17T16:03:25.469+0300: 14073.708: Total time for which application threads were stopped: 0.0001894 seconds, Stopping threads took: 0.0000802 seconds
2018-12-17T16:03:25.471+0300: 14073.710: Total time for which application threads were stopped: 0.0002581 seconds, Stopping threads took: 0.0000751 seconds
2018-12-17T16:03:25.482+0300: 14073.720: Total time for which application threads were stopped: 0.0002419 seconds, Stopping threads took: 0.0000636 seconds
2018-12-17T16:03:25.484+0300: 14073.722: Total time for which application threads were stopped: 0.0002338 seconds, Stopping threads took: 0.0000576 seconds
2018-12-17T16:03:25.484+0300: 14073.723: Total time for which application threads were stopped: 0.0001967 seconds, Stopping threads took: 0.0000461 seconds
2018-12-17T16:03:25.484+0300: 14073.723: Total time for which application threads were stopped: 0.0001655 seconds, Stopping threads took: 0.0000350 seconds
2018-12-17T16:03:25.484+0300: 14073.723: Total time for which application threads were stopped: 0.0001621 seconds, Stopping threads took: 0.0000341 seconds
2018-12-17T16:03:25.485+0300: 14073.724: Total time for which application threads were stopped: 0.0001873 seconds, Stopping threads took: 0.0000346 seconds
2018-12-17T16:03:26.486+0300: 14074.724: Total time for which application threads were stopped: 0.0001088 seconds, Stopping threads took: 0.0000401 seconds
2018-12-17T16:05:05.532+0300: 14173.770: Total time for which application threads were stopped: 0.0004924 seconds, Stopping threads took: 0.0001220 seconds
2018-12-17T16:10:04.187+0300: 14472.425: Total time for which application threads were stopped: 0.0001438 seconds, Stopping threads took: 0.0000393 seconds
2018-12-17T16:10:04.207+0300: 14472.446: Total time for which application threads were stopped: 0.0001323 seconds, Stopping threads took: 0.0000397 seconds
2018-12-17T16:10:04.208+0300: 14472.446: Total time for which application threads were stopped: 0.0001600 seconds, Stopping threads took: 0.0000666 seconds
2018-12-17T16:10:04.208+0300: 14472.447: Total time for which application threads were stopped: 0.0000461 seconds, Stopping threads took: 0.0000098 seconds
2018-12-17T16:10:04.210+0300: 14472.448: Total time for which application threads were stopped: 0.0001199 seconds, Stopping threads took: 0.0000354 seconds
2018-12-17T16:10:04.391+0300: 14472.630: Total time for which application threads were stopped: 0.0002918 seconds, Stopping threads took: 0.0000777 seconds
2018-12-17T16:10:04.393+0300: 14472.632: Total time for which application threads were stopped: 0.0002129 seconds, Stopping threads took: 0.0000678 seconds
2018-12-17T16:10:04.393+0300: 14472.632: Total time for which application threads were stopped: 0.0001954 seconds, Stopping threads took: 0.0000516 seconds
2018-12-17T16:10:04.394+0300: 14472.633: Total time for which application threads were stopped: 0.0001741 seconds, Stopping threads took: 0.0000448 seconds
2018-12-17T16:10:04.394+0300: 14472.633: Total time for which application threads were stopped: 0.0002871 seconds, Stopping threads took: 0.0001451 seconds
2018-12-17T16:10:04.395+0300: 14472.634: Total time for which application threads were stopped: 0.0003251 seconds, Stopping threads took: 0.0001719 seconds
2018-12-17T16:10:04.398+0300: 14472.637: Total time for which application threads were stopped: 0.0002389 seconds, Stopping threads took: 0.0000781 seconds
2018-12-17T16:10:46.492+0300: 14514.731: Total time for which application threads were stopped: 0.0004809 seconds, Stopping threads took: 0.0001647 seconds
2018-12-17T16:11:38.610+0300: 14566.848: Total time for which application threads were stopped: 0.0002961 seconds, Stopping threads took: 0.0000563 seconds
2018-12-17T16:13:31.742+0300: 14679.980: Total time for which application threads were stopped: 0.0005278 seconds, Stopping threads took: 0.0001451 seconds
2018-12-17T16:15:01.387+0300: 14769.626: Total time for which application threads were stopped: 0.0001630 seconds, Stopping threads took: 0.0000478 seconds
2018-12-17T16:15:01.408+0300: 14769.646: Total time for which application threads were stopped: 0.0001118 seconds, Stopping threads took: 0.0000269 seconds
2018-12-17T16:15:01.409+0300: 14769.647: Total time for which application threads were stopped: 0.0001071 seconds, Stopping threads took: 0.0000367 seconds
2018-12-17T16:15:01.409+0300: 14769.648: Total time for which application threads were stopped: 0.0000947 seconds, Stopping threads took: 0.0000273 seconds
2018-12-17T16:15:01.412+0300: 14769.650: Total time for which application threads were stopped: 0.0001161 seconds, Stopping threads took: 0.0000393 seconds
2018-12-17T16:15:01.687+0300: 14769.925: Total time for which application threads were stopped: 0.0008149 seconds, Stopping threads took: 0.0000742 seconds
2018-12-17T16:15:01.690+0300: 14769.929: Total time for which application threads were stopped: 0.0002522 seconds, Stopping threads took: 0.0001284 seconds
2018-12-17T16:15:01.691+0300: 14769.929: Total time for which application threads were stopped: 0.0001476 seconds, Stopping threads took: 0.0000410 seconds
2018-12-17T16:15:01.692+0300: 14769.930: Total time for which application threads were stopped: 0.0001873 seconds, Stopping threads took: 0.0000580 seconds
2018-12-17T16:15:01.692+0300: 14769.931: Total time for which application threads were stopped: 0.0001459 seconds, Stopping threads took: 0.0000448 seconds
2018-12-17T16:15:01.692+0300: 14769.931: Total time for which application threads were stopped: 0.0001476 seconds, Stopping threads took: 0.0000525 seconds
2018-12-17T16:15:01.696+0300: 14769.935: Total time for which application threads were stopped: 0.0001732 seconds, Stopping threads took: 0.0000516 seconds
2018-12-17T17:18:27.286+0300: 18575.530: Total time for which application threads were stopped: 0.0002035 seconds, Stopping threads took: 0.0000674 seconds
2018-12-17T17:24:57.723+0300: 18965.968: Total time for which application threads were stopped: 0.0005431 seconds, Stopping threads took: 0.0001203 seconds
2018-12-17T17:47:11.725+0300: 20299.987: Total time for which application threads were stopped: 0.0007616 seconds, Stopping threads took: 0.0001741 seconds
2018-12-17T20:56:56.432+0300: 31717.560: Total time for which application threads were stopped: 0.0001754 seconds, Stopping threads took: 0.0000486 seconds
{Heap before GC invocations=15 (full 2):
 par new generation   total 109248K, used 109248K [0x00000000e0000000, 0x00000000e8000000, 0x00000000e8000000)
  eden space 87424K, 100% used [0x00000000e0000000, 0x00000000e5560000, 0x00000000e5560000)
  from space 21824K, 100% used [0x00000000e6ab0000, 0x00000000e8000000, 0x00000000e8000000)
  to   space 21824K,   0% used [0x00000000e5560000, 0x00000000e5560000, 0x00000000e6ab0000)
 concurrent mark-sweep generation total 393216K, used 14989K [0x00000000e8000000, 0x0000000100000000, 0x0000000100000000)
 Metaspace       used 42914K, capacity 44315K, committed 44516K, reserved 1087488K
  class space    used 5271K, capacity 5571K, committed 5604K, reserved 1048576K
2018-12-17T21:18:27.574+0300: 33008.703: [GC (Allocation Failure) 2018-12-17T21:18:27.574+0300: 33008.704: [ParNew
Desired survivor size 20112992 bytes, new threshold 8 (max 8)
- age   1:     485400 bytes,     485400 total
- age   2:     260264 bytes,     745664 total
- age   3:    2313688 bytes,    3059352 total
- age   4:    5318472 bytes,    8377824 total
- age   5:    5700976 bytes,   14078800 total
- age   6:     864864 bytes,   14943664 total
: 109248K->20153K(109248K), 0.0552217 secs] 124237K->35142K(502464K), 0.0553506 secs] [Times: user=0.03 sys=0.02, real=0.06 secs] 
Heap after GC invocations=16 (full 2):
 par new generation   total 109248K, used 20153K [0x00000000e0000000, 0x00000000e8000000, 0x00000000e8000000)
  eden space 87424K,   0% used [0x00000000e0000000, 0x00000000e0000000, 0x00000000e5560000)
  from space 21824K,  92% used [0x00000000e5560000, 0x00000000e690e700, 0x00000000e6ab0000)
  to   space 21824K,   0% used [0x00000000e6ab0000, 0x00000000e6ab0000, 0x00000000e8000000)
 concurrent mark-sweep generation total 393216K, used 14989K [0x00000000e8000000, 0x0000000100000000, 0x0000000100000000)
 Metaspace       used 42914K, capacity 44315K, committed 44516K, reserved 1087488K
  class space    used 5271K, capacity 5571K, committed 5604K, reserved 1048576K
}
2018-12-17T21:18:27.631+0300: 33008.759: Total time for which application threads were stopped: 0.0556804 seconds, Stopping threads took: 0.0000738 seconds
2018-12-17T21:19:27.667+0300: 33068.795: Total time for which application threads were stopped: 0.0001643 seconds, Stopping threads took: 0.0000585 seconds
2018-12-17T21:20:27.704+0300: 33128.832: Total time for which application threads were stopped: 0.0002778 seconds, Stopping threads took: 0.0001429 seconds
2018-12-17T21:22:28.772+0300: 33249.900: Total time for which application threads were stopped: 0.0001916 seconds, Stopping threads took: 0.0000478 seconds
2018-12-17T22:19:31.463+0300: 36672.592: Total time for which application threads were stopped: 0.0002726 seconds, Stopping threads took: 0.0000683 seconds
2018-12-17T22:56:19.555+0300: 38880.684: Total time for which application threads were stopped: 0.0003716 seconds, Stopping threads took: 0.0000947 seconds
2018-12-17T22:56:33.564+0300: 38894.692: Total time for which application threads were stopped: 0.0001229 seconds, Stopping threads took: 0.0000388 seconds
{Heap before GC invocations=16 (full 2):
 par new generation   total 109248K, used 107577K [0x00000000e0000000, 0x00000000e8000000, 0x00000000e8000000)
  eden space 87424K, 100% used [0x00000000e0000000, 0x00000000e5560000, 0x00000000e5560000)
  from space 21824K,  92% used [0x00000000e5560000, 0x00000000e690e700, 0x00000000e6ab0000)
  to   space 21824K,   0% used [0x00000000e6ab0000, 0x00000000e6ab0000, 0x00000000e8000000)
 concurrent mark-sweep generation total 393216K, used 14989K [0x00000000e8000000, 0x0000000100000000, 0x0000000100000000)
 Metaspace       used 42944K, capacity 44379K, committed 44516K, reserved 1087488K
  class space    used 5271K, capacity 5571K, committed 5604K, reserved 1048576K
2018-12-17T23:04:33.250+0300: 39374.378: [GC (Allocation Failure) 2018-12-17T23:04:33.250+0300: 39374.378: [ParNew
Desired survivor size 20112992 bytes, new threshold 8 (max 8)
- age   1:      18632 bytes,      18632 total
- age   2:     470800 bytes,     489432 total
- age   3:     259336 bytes,     748768 total
- age   4:    4543528 bytes,    5292296 total
- age   5:    5316408 bytes,   10608704 total
- age   6:    5700976 bytes,   16309680 total
- age   7:     864864 bytes,   17174544 total
: 107577K->20335K(109248K), 0.0171601 secs] 122566K->35324K(502464K), 0.0172757 secs] [Times: user=0.03 sys=0.00, real=0.02 secs] 
Heap after GC invocations=17 (full 2):
 par new generation   total 109248K, used 20335K [0x00000000e0000000, 0x00000000e8000000, 0x00000000e8000000)
  eden space 87424K,   0% used [0x00000000e0000000, 0x00000000e0000000, 0x00000000e5560000)
  from space 21824K,  93% used [0x00000000e6ab0000, 0x00000000e7e8be20, 0x00000000e8000000)
  to   space 21824K,   0% used [0x00000000e5560000, 0x00000000e5560000, 0x00000000e6ab0000)
 concurrent mark-sweep generation total 393216K, used 14989K [0x00000000e8000000, 0x0000000100000000, 0x0000000100000000)
 Metaspace       used 42944K, capacity 44379K, committed 44516K, reserved 1087488K
  class space    used 5271K, capacity 5571K, committed 5604K, reserved 1048576K
}
2018-12-17T23:04:33.267+0300: 39374.395: Total time for which application threads were stopped: 0.0176213 seconds, Stopping threads took: 0.0000486 seconds
2018-12-17T23:25:34.901+0300: 40636.030: Total time for which application threads were stopped: 0.0001724 seconds, Stopping threads took: 0.0000521 seconds
2018-12-17T23:28:34.998+0300: 40816.126: Total time for which application threads were stopped: 0.0001523 seconds, Stopping threads took: 0.0000422 seconds
2018-12-17T23:29:35.030+0300: 40876.158: Total time for which application threads were stopped: 0.0001476 seconds, Stopping threads took: 0.0000525 seconds
2018-12-17T23:31:35.093+0300: 40996.221: Total time for which application threads were stopped: 0.0004075 seconds, Stopping threads took: 0.0001050 seconds
2018-12-18T00:00:35.974+0300: 42737.103: Total time for which application threads were stopped: 0.0001425 seconds, Stopping threads took: 0.0000444 seconds
2018-12-18T00:19:37.555+0300: 43878.683: Total time for which application threads were stopped: 0.0003251 seconds, Stopping threads took: 0.0000845 seconds
2018-12-18T00:26:49.777+0300: 44310.906: Total time for which application threads were stopped: 0.0002253 seconds, Stopping threads took: 0.0000474 seconds
2018-12-18T00:34:38.032+0300: 44779.161: Total time for which application threads were stopped: 0.0006818 seconds, Stopping threads took: 0.0004237 seconds
2018-12-18T00:35:38.065+0300: 44839.193: Total time for which application threads were stopped: 0.0001805 seconds, Stopping threads took: 0.0000448 seconds
2018-12-18T00:47:40.423+0300: 45561.551: Total time for which application threads were stopped: 0.0002035 seconds, Stopping threads took: 0.0000474 seconds
{Heap before GC invocations=17 (full 2):
 par new generation   total 109248K, used 107759K [0x00000000e0000000, 0x00000000e8000000, 0x00000000e8000000)
  eden space 87424K, 100% used [0x00000000e0000000, 0x00000000e5560000, 0x00000000e5560000)
  from space 21824K,  93% used [0x00000000e6ab0000, 0x00000000e7e8be20, 0x00000000e8000000)
  to   space 21824K,   0% used [0x00000000e5560000, 0x00000000e5560000, 0x00000000e6ab0000)
 concurrent mark-sweep generation total 393216K, used 14989K [0x00000000e8000000, 0x0000000100000000, 0x0000000100000000)
 Metaspace       used 42952K, capacity 44379K, committed 44516K, reserved 1087488K
  class space    used 5271K, capacity 5571K, committed 5604K, reserved 1048576K
2018-12-18T00:51:38.155+0300: 45799.284: [GC (Allocation Failure) 2018-12-18T00:51:38.155+0300: 45799.284: [ParNew
Desired survivor size 20112992 bytes, new threshold 8 (max 8)
- age   1:      25496 bytes,      25496 total
- age   2:       1304 bytes,      26800 total
- age   3:     470800 bytes,     497600 total
- age   4:     259336 bytes,     756936 total
- age   5:    4542040 bytes,    5298976 total
- age   6:    5316408 bytes,   10615384 total
- age   7:    5700976 bytes,   16316360 total
- age   8:     864864 bytes,   17181224 total
: 107759K->19325K(109248K), 0.0152021 secs] 122748K->34314K(502464K), 0.0154257 secs] [Times: user=0.05 sys=0.00, real=0.02 secs] 
Heap after GC invocations=18 (full 2):
 par new generation   total 109248K, used 19325K [0x00000000e0000000, 0x00000000e8000000, 0x00000000e8000000)
  eden space 87424K,   0% used [0x00000000e0000000, 0x00000000e0000000, 0x00000000e5560000)
  from space 21824K,  88% used [0x00000000e5560000, 0x00000000e683f5b8, 0x00000000e6ab0000)
  to   space 21824K,   0% used [0x00000000e6ab0000, 0x00000000e6ab0000, 0x00000000e8000000)
 concurrent mark-sweep generation total 393216K, used 14989K [0x00000000e8000000, 0x0000000100000000, 0x0000000100000000)
 Metaspace       used 42952K, capacity 44379K, committed 44516K, reserved 1087488K
  class space    used 5271K, capacity 5571K, committed 5604K, reserved 1048576K
}
2018-12-18T00:51:38.171+0300: 45799.299: Total time for which application threads were stopped: 0.0158233 seconds, Stopping threads took: 0.0000538 seconds
2018-12-18T00:55:39.291+0300: 46040.419: Total time for which application threads were stopped: 0.0002761 seconds, Stopping threads took: 0.0000700 seconds
2018-12-18T01:38:40.727+0300: 48621.856: Total time for which application threads were stopped: 0.0001903 seconds, Stopping threads took: 0.0000636 seconds
2018-12-18T09:45:54.417+0300: 77890.719: Total time for which application threads were stopped: 0.0003072 seconds, Stopping threads took: 0.0000393 seconds
2018-12-18T09:45:54.418+0300: 77890.720: Total time for which application threads were stopped: 0.0000798 seconds, Stopping threads took: 0.0000183 seconds
2018-12-18T09:45:54.437+0300: 77890.739: Total time for which application threads were stopped: 0.0001007 seconds, Stopping threads took: 0.0000260 seconds
2018-12-18T09:45:54.461+0300: 77890.763: Total time for which application threads were stopped: 0.0002594 seconds, Stopping threads took: 0.0000521 seconds
2018-12-18T10:31:05.307+0300: 80601.616: Total time for which application threads were stopped: 0.0001681 seconds, Stopping threads took: 0.0000414 seconds
2018-12-18T10:34:42.443+0300: 80818.753: Total time for which application threads were stopped: 0.0001745 seconds, Stopping threads took: 0.0000461 seconds
2018-12-18T10:36:06.808+0300: 80903.117: Total time for which application threads were stopped: 0.0001988 seconds, Stopping threads took: 0.0000469 seconds
2018-12-18T10:36:06.808+0300: 80903.118: Total time for which application threads were stopped: 0.0001003 seconds, Stopping threads took: 0.0000179 seconds
2018-12-18T10:39:40.639+0300: 81116.948: Total time for which application threads were stopped: 0.0002121 seconds, Stopping threads took: 0.0000486 seconds
2018-12-18T10:39:41.639+0300: 81117.949: Total time for which application threads were stopped: 0.0003093 seconds, Stopping threads took: 0.0001246 seconds
2018-12-18T10:39:47.644+0300: 81123.953: Total time for which application threads were stopped: 0.0001643 seconds, Stopping threads took: 0.0000516 seconds
2018-12-18T10:39:48.644+0300: 81124.954: Total time for which application threads were stopped: 0.0002342 seconds, Stopping threads took: 0.0000602 seconds
2018-12-18T10:40:25.666+0300: 81161.975: Total time for which application threads were stopped: 0.0001216 seconds, Stopping threads took: 0.0000363 seconds
2018-12-18T10:40:30.669+0300: 81166.978: Total time for which application threads were stopped: 0.0003477 seconds, Stopping threads took: 0.0001028 seconds
2018-12-18T10:40:35.756+0300: 81172.066: Total time for which application threads were stopped: 0.0001685 seconds, Stopping threads took: 0.0000478 seconds
2018-12-18T10:40:35.756+0300: 81172.066: Total time for which application threads were stopped: 0.0001220 seconds, Stopping threads took: 0.0000337 seconds
2018-12-18T10:40:35.756+0300: 81172.066: Total time for which application threads were stopped: 0.0001037 seconds, Stopping threads took: 0.0000269 seconds
2018-12-18T10:40:35.757+0300: 81172.066: Total time for which application threads were stopped: 0.0001391 seconds, Stopping threads took: 0.0000435 seconds
2018-12-18T10:40:35.757+0300: 81172.067: Total time for which application threads were stopped: 0.0001156 seconds, Stopping threads took: 0.0000256 seconds
2018-12-18T10:40:35.758+0300: 81172.068: Total time for which application threads were stopped: 0.0001199 seconds, Stopping threads took: 0.0000282 seconds
2018-12-18T10:40:35.758+0300: 81172.068: Total time for which application threads were stopped: 0.0001591 seconds, Stopping threads took: 0.0000666 seconds
2018-12-18T10:40:35.759+0300: 81172.068: Total time for which application threads were stopped: 0.0001105 seconds, Stopping threads took: 0.0000299 seconds
2018-12-18T10:40:35.759+0300: 81172.068: Total time for which application threads were stopped: 0.0000858 seconds, Stopping threads took: 0.0000277 seconds
2018-12-18T10:40:35.759+0300: 81172.069: Total time for which application threads were stopped: 0.0000781 seconds, Stopping threads took: 0.0000269 seconds
2018-12-18T10:40:35.759+0300: 81172.069: Total time for which application threads were stopped: 0.0000687 seconds, Stopping threads took: 0.0000218 seconds
2018-12-18T10:40:35.759+0300: 81172.069: Total time for which application threads were stopped: 0.0000802 seconds, Stopping threads took: 0.0000247 seconds
2018-12-18T10:40:35.759+0300: 81172.069: Total time for which application threads were stopped: 0.0000759 seconds, Stopping threads took: 0.0000247 seconds
2018-12-18T10:40:36.760+0300: 81173.069: Total time for which application threads were stopped: 0.0003127 seconds, Stopping threads took: 0.0000708 seconds
2018-12-18T10:40:39.946+0300: 81176.255: Total time for which application threads were stopped: 0.0001442 seconds, Stopping threads took: 0.0000431 seconds
2018-12-18T10:40:39.946+0300: 81176.255: Total time for which application threads were stopped: 0.0001139 seconds, Stopping threads took: 0.0000209 seconds
2018-12-18T10:40:39.946+0300: 81176.255: Total time for which application threads were stopped: 0.0000849 seconds, Stopping threads took: 0.0000205 seconds
2018-12-18T10:40:39.946+0300: 81176.255: Total time for which application threads were stopped: 0.0000841 seconds, Stopping threads took: 0.0000179 seconds
2018-12-18T10:40:39.946+0300: 81176.256: Total time for which application threads were stopped: 0.0000742 seconds, Stopping threads took: 0.0000166 seconds
2018-12-18T10:40:39.946+0300: 81176.256: Total time for which application threads were stopped: 0.0000687 seconds, Stopping threads took: 0.0000154 seconds
2018-12-18T10:40:39.947+0300: 81176.256: Total time for which application threads were stopped: 0.0000819 seconds, Stopping threads took: 0.0000209 seconds
2018-12-18T10:40:39.947+0300: 81176.256: Total time for which application threads were stopped: 0.0000704 seconds, Stopping threads took: 0.0000166 seconds
2018-12-18T10:40:39.947+0300: 81176.256: Total time for which application threads were stopped: 0.0000708 seconds, Stopping threads took: 0.0000166 seconds
2018-12-18T10:40:39.947+0300: 81176.256: Total time for which application threads were stopped: 0.0000636 seconds, Stopping threads took: 0.0000141 seconds
2018-12-18T10:40:39.947+0300: 81176.256: Total time for which application threads were stopped: 0.0000653 seconds, Stopping threads took: 0.0000154 seconds
2018-12-18T10:40:39.947+0300: 81176.256: Total time for which application threads were stopped: 0.0001399 seconds, Stopping threads took: 0.0000858 seconds
2018-12-18T10:40:40.947+0300: 81177.257: Total time for which application threads were stopped: 0.0003068 seconds, Stopping threads took: 0.0000734 seconds
{Heap before GC invocations=18 (full 2):
 par new generation   total 109248K, used 106749K [0x00000000e0000000, 0x00000000e8000000, 0x00000000e8000000)
  eden space 87424K, 100% used [0x00000000e0000000, 0x00000000e5560000, 0x00000000e5560000)
  from space 21824K,  88% used [0x00000000e5560000, 0x00000000e683f5b8, 0x00000000e6ab0000)
  to   space 21824K,   0% used [0x00000000e6ab0000, 0x00000000e6ab0000, 0x00000000e8000000)
 concurrent mark-sweep generation total 393216K, used 14989K [0x00000000e8000000, 0x0000000100000000, 0x0000000100000000)
 Metaspace       used 43087K, capacity 44507K, committed 44772K, reserved 1089536K
  class space    used 5271K, capacity 5571K, committed 5604K, reserved 1048576K
2018-12-18T10:42:04.234+0300: 81260.544: [GC (Allocation Failure) 2018-12-18T10:42:04.235+0300: 81260.544: [ParNew
Desired survivor size 20112992 bytes, new threshold 8 (max 8)
- age   1:     140200 bytes,     140200 total
- age   2:       2696 bytes,     142896 total
- age   3:       1304 bytes,     144200 total
- age   4:     435200 bytes,     579400 total
- age   5:     255576 bytes,     834976 total
- age   6:    2313640 bytes,    3148616 total
- age   7:    5316136 bytes,    8464752 total
- age   8:    5700520 bytes,   14165272 total
: 106749K->21824K(109248K), 0.0604701 secs] 121738K->37681K(502464K), 0.0606621 secs] [Times: user=0.11 sys=0.00, real=0.06 secs] 
Heap after GC invocations=19 (full 2):
 par new generation   total 109248K, used 21824K [0x00000000e0000000, 0x00000000e8000000, 0x00000000e8000000)
  eden space 87424K,   0% used [0x00000000e0000000, 0x00000000e0000000, 0x00000000e5560000)
  from space 21824K, 100% used [0x00000000e6ab0000, 0x00000000e8000000, 0x00000000e8000000)
  to   space 21824K,   0% used [0x00000000e5560000, 0x00000000e5560000, 0x00000000e6ab0000)
 concurrent mark-sweep generation total 393216K, used 15857K [0x00000000e8000000, 0x0000000100000000, 0x0000000100000000)
 Metaspace       used 43087K, capacity 44507K, committed 44772K, reserved 1089536K
  class space    used 5271K, capacity 5571K, committed 5604K, reserved 1048576K
}
2018-12-18T10:42:04.295+0300: 81260.605: Total time for which application threads were stopped: 0.0613977 seconds, Stopping threads took: 0.0001028 seconds
2018-12-18T10:42:10.030+0300: 81266.339: Total time for which application threads were stopped: 0.0001173 seconds, Stopping threads took: 0.0000256 seconds
2018-12-18T10:42:10.040+0300: 81266.349: Total time for which application threads were stopped: 0.0001365 seconds, Stopping threads took: 0.0000265 seconds
2018-12-18T10:42:10.089+0300: 81266.398: Total time for which application threads were stopped: 0.0001783 seconds, Stopping threads took: 0.0000452 seconds
2018-12-18T10:42:10.091+0300: 81266.400: Total time for which application threads were stopped: 0.0001775 seconds, Stopping threads took: 0.0000546 seconds
2018-12-18T10:42:10.091+0300: 81266.401: Total time for which application threads were stopped: 0.0001417 seconds, Stopping threads took: 0.0000329 seconds
2018-12-18T10:42:10.159+0300: 81266.468: Total time for which application threads were stopped: 0.0003840 seconds, Stopping threads took: 0.0001404 seconds
2018-12-18T10:42:10.159+0300: 81266.469: Total time for which application threads were stopped: 0.0002569 seconds, Stopping threads took: 0.0001092 seconds
2018-12-18T10:42:10.162+0300: 81266.471: Total time for which application threads were stopped: 0.0003179 seconds, Stopping threads took: 0.0001468 seconds
2018-12-18T10:42:10.171+0300: 81266.481: Total time for which application threads were stopped: 0.0002778 seconds, Stopping threads took: 0.0001126 seconds
2018-12-18T10:42:10.172+0300: 81266.481: Total time for which application threads were stopped: 0.0003264 seconds, Stopping threads took: 0.0001348 seconds
2018-12-18T10:42:10.172+0300: 81266.482: Total time for which application threads were stopped: 0.0003904 seconds, Stopping threads took: 0.0002381 seconds
2018-12-18T10:42:10.173+0300: 81266.482: Total time for which application threads were stopped: 0.0002462 seconds, Stopping threads took: 0.0000853 seconds
2018-12-18T10:42:10.174+0300: 81266.483: Total time for which application threads were stopped: 0.0002790 seconds, Stopping threads took: 0.0001387 seconds
2018-12-18T10:42:10.175+0300: 81266.484: Total time for which application threads were stopped: 0.0003878 seconds, Stopping threads took: 0.0001715 seconds
2018-12-18T10:42:10.175+0300: 81266.485: Total time for which application threads were stopped: 0.0004881 seconds, Stopping threads took: 0.0003328 seconds
2018-12-18T10:42:10.178+0300: 81266.487: Total time for which application threads were stopped: 0.0003648 seconds, Stopping threads took: 0.0001732 seconds
2018-12-18T10:42:10.179+0300: 81266.488: Total time for which application threads were stopped: 0.0003025 seconds, Stopping threads took: 0.0000845 seconds
2018-12-18T10:42:10.179+0300: 81266.489: Total time for which application threads were stopped: 0.0001988 seconds, Stopping threads took: 0.0000491 seconds
2018-12-18T10:42:10.181+0300: 81266.490: Total time for which application threads were stopped: 0.0003081 seconds, Stopping threads took: 0.0000721 seconds
2018-12-18T10:42:10.181+0300: 81266.491: Total time for which application threads were stopped: 0.0002270 seconds, Stopping threads took: 0.0000738 seconds
2018-12-18T10:42:10.182+0300: 81266.491: Total time for which application threads were stopped: 0.0002138 seconds, Stopping threads took: 0.0000503 seconds
2018-12-18T10:42:10.183+0300: 81266.493: Total time for which application threads were stopped: 0.0002411 seconds, Stopping threads took: 0.0000657 seconds
2018-12-18T10:42:10.184+0300: 81266.494: Total time for which application threads were stopped: 0.0002172 seconds, Stopping threads took: 0.0000614 seconds
2018-12-18T10:42:10.185+0300: 81266.494: Total time for which application threads were stopped: 0.0003482 seconds, Stopping threads took: 0.0001425 seconds
2018-12-18T10:42:10.186+0300: 81266.496: Total time for which application threads were stopped: 0.0002244 seconds, Stopping threads took: 0.0000666 seconds
2018-12-18T10:42:10.187+0300: 81266.497: Total time for which application threads were stopped: 0.0002308 seconds, Stopping threads took: 0.0000725 seconds
2018-12-18T10:42:10.187+0300: 81266.497: Total time for which application threads were stopped: 0.0001941 seconds, Stopping threads took: 0.0000529 seconds
2018-12-18T10:42:10.298+0300: 81266.608: Total time for which application threads were stopped: 0.0006980 seconds, Stopping threads took: 0.0000265 seconds
2018-12-18T10:42:11.298+0300: 81267.608: Total time for which application threads were stopped: 0.0003456 seconds, Stopping threads took: 0.0001003 seconds
2018-12-18T10:42:24.586+0300: 81280.896: Total time for which application threads were stopped: 0.0003959 seconds, Stopping threads took: 0.0001933 seconds
2018-12-18T10:42:24.586+0300: 81280.896: Total time for which application threads were stopped: 0.0001911 seconds, Stopping threads took: 0.0000427 seconds
2018-12-18T10:42:24.587+0300: 81280.897: Total time for which application threads were stopped: 0.0001591 seconds, Stopping threads took: 0.0000303 seconds
2018-12-18T10:42:24.587+0300: 81280.897: Total time for which application threads were stopped: 0.0001357 seconds, Stopping threads took: 0.0000256 seconds
2018-12-18T10:42:24.587+0300: 81280.897: Total time for which application threads were stopped: 0.0001310 seconds, Stopping threads took: 0.0000222 seconds
2018-12-18T10:42:24.588+0300: 81280.898: Total time for which application threads were stopped: 0.0001758 seconds, Stopping threads took: 0.0000371 seconds
2018-12-18T10:42:24.589+0300: 81280.898: Total time for which application threads were stopped: 0.0003806 seconds, Stopping threads took: 0.0000324 seconds
2018-12-18T10:42:25.589+0300: 81281.899: Total time for which application threads were stopped: 0.0003255 seconds, Stopping threads took: 0.0000892 seconds
2018-12-18T10:42:26.059+0300: 81282.369: Total time for which application threads were stopped: 0.0001391 seconds, Stopping threads took: 0.0000341 seconds
2018-12-18T10:42:26.059+0300: 81282.369: Total time for which application threads were stopped: 0.0001182 seconds, Stopping threads took: 0.0000209 seconds
2018-12-18T10:42:26.059+0300: 81282.369: Total time for which application threads were stopped: 0.0000836 seconds, Stopping threads took: 0.0000162 seconds
2018-12-18T10:42:26.059+0300: 81282.369: Total time for which application threads were stopped: 0.0000934 seconds, Stopping threads took: 0.0000282 seconds
2018-12-18T10:42:26.060+0300: 81282.370: Total time for which application threads were stopped: 0.0000866 seconds, Stopping threads took: 0.0000196 seconds
2018-12-18T10:42:26.060+0300: 81282.370: Total time for which application threads were stopped: 0.0000841 seconds, Stopping threads took: 0.0000205 seconds
2018-12-18T10:42:26.060+0300: 81282.370: Total time for which application threads were stopped: 0.0000858 seconds, Stopping threads took: 0.0000235 seconds
2018-12-18T10:42:27.061+0300: 81283.371: Total time for which application threads were stopped: 0.0002974 seconds, Stopping threads took: 0.0001156 seconds
2018-12-18T10:42:27.254+0300: 81283.563: Total time for which application threads were stopped: 0.0001775 seconds, Stopping threads took: 0.0000768 seconds
2018-12-18T10:44:05.315+0300: 81381.625: Total time for which application threads were stopped: 0.0004211 seconds, Stopping threads took: 0.0001237 seconds
2018-12-18T10:56:35.761+0300: 82132.070: Total time for which application threads were stopped: 0.0001711 seconds, Stopping threads took: 0.0000448 seconds
2018-12-18T10:58:40.824+0300: 82257.133: Total time for which application threads were stopped: 0.0001788 seconds, Stopping threads took: 0.0000555 seconds
2018-12-18T10:58:40.845+0300: 82257.154: Total time for which application threads were stopped: 0.0001724 seconds, Stopping threads took: 0.0000265 seconds
2018-12-18T10:58:40.846+0300: 82257.155: Total time for which application threads were stopped: 0.0001374 seconds, Stopping threads took: 0.0000354 seconds
2018-12-18T10:58:40.846+0300: 82257.155: Total time for which application threads were stopped: 0.0000828 seconds, Stopping threads took: 0.0000132 seconds
2018-12-18T10:58:41.014+0300: 82257.323: Total time for which application threads were stopped: 0.0001323 seconds, Stopping threads took: 0.0000388 seconds
2018-12-18T10:58:41.014+0300: 82257.324: Total time for which application threads were stopped: 0.0001092 seconds, Stopping threads took: 0.0000273 seconds
2018-12-18T10:58:41.014+0300: 82257.324: Total time for which application threads were stopped: 0.0000986 seconds, Stopping threads took: 0.0000137 seconds
2018-12-18T10:58:41.015+0300: 82257.325: Total time for which application threads were stopped: 0.0002180 seconds, Stopping threads took: 0.0001207 seconds
2018-12-18T10:58:41.015+0300: 82257.325: Total time for which application threads were stopped: 0.0001062 seconds, Stopping threads took: 0.0000465 seconds
2018-12-18T10:58:41.021+0300: 82257.331: Total time for which application threads were stopped: 0.0001233 seconds, Stopping threads took: 0.0000329 seconds
2018-12-18T10:58:42.022+0300: 82258.331: Total time for which application threads were stopped: 0.0001301 seconds, Stopping threads took: 0.0000320 seconds
2018-12-18T11:00:05.732+0300: 82342.041: Total time for which application threads were stopped: 0.0002065 seconds, Stopping threads took: 0.0000653 seconds
2018-12-18T11:00:05.733+0300: 82342.042: Total time for which application threads were stopped: 0.0001203 seconds, Stopping threads took: 0.0000162 seconds
2018-12-18T11:00:05.733+0300: 82342.042: Total time for which application threads were stopped: 0.0001033 seconds, Stopping threads took: 0.0000290 seconds
2018-12-18T11:00:05.735+0300: 82342.045: Total time for which application threads were stopped: 0.0001758 seconds, Stopping threads took: 0.0000384 seconds
2018-12-18T11:00:05.976+0300: 82342.286: Total time for which application threads were stopped: 0.0002155 seconds, Stopping threads took: 0.0000521 seconds
2018-12-18T11:00:05.978+0300: 82342.287: Total time for which application threads were stopped: 0.0002150 seconds, Stopping threads took: 0.0000422 seconds
2018-12-18T11:00:05.978+0300: 82342.287: Total time for which application threads were stopped: 0.0001626 seconds, Stopping threads took: 0.0000354 seconds
2018-12-18T11:00:05.978+0300: 82342.288: Total time for which application threads were stopped: 0.0001634 seconds, Stopping threads took: 0.0000444 seconds
2018-12-18T11:00:05.979+0300: 82342.288: Total time for which application threads were stopped: 0.0002790 seconds, Stopping threads took: 0.0001591 seconds
2018-12-18T11:00:05.979+0300: 82342.289: Total time for which application threads were stopped: 0.0003140 seconds, Stopping threads took: 0.0002116 seconds
2018-12-18T11:00:05.982+0300: 82342.292: Total time for which application threads were stopped: 0.0002658 seconds, Stopping threads took: 0.0000930 seconds
2018-12-18T11:01:06.023+0300: 82402.332: Total time for which application threads were stopped: 0.0001421 seconds, Stopping threads took: 0.0000397 seconds
2018-12-18T11:01:28.966+0300: 82425.275: Total time for which application threads were stopped: 0.0001199 seconds, Stopping threads took: 0.0000260 seconds
2018-12-18T11:01:28.967+0300: 82425.276: Total time for which application threads were stopped: 0.0001216 seconds, Stopping threads took: 0.0000401 seconds
2018-12-18T11:01:29.967+0300: 82426.277: Total time for which application threads were stopped: 0.0001685 seconds, Stopping threads took: 0.0000346 seconds
2018-12-18T12:02:50.893+0300: 86107.208: Total time for which application threads were stopped: 0.0002697 seconds, Stopping threads took: 0.0000866 seconds
2018-12-18T12:17:51.850+0300: 87008.166: Total time for which application threads were stopped: 0.0001600 seconds, Stopping threads took: 0.0000469 seconds
2018-12-18T12:17:51.870+0300: 87008.186: Total time for which application threads were stopped: 0.0002547 seconds, Stopping threads took: 0.0000222 seconds
2018-12-18T12:17:51.871+0300: 87008.187: Total time for which application threads were stopped: 0.0000973 seconds, Stopping threads took: 0.0000209 seconds
2018-12-18T12:17:51.871+0300: 87008.187: Total time for which application threads were stopped: 0.0000649 seconds, Stopping threads took: 0.0000094 seconds
2018-12-18T12:17:51.873+0300: 87008.189: Total time for which application threads were stopped: 0.0001156 seconds, Stopping threads took: 0.0000252 seconds
{Heap before GC invocations=19 (full 2):
 par new generation   total 109248K, used 109232K [0x00000000e0000000, 0x00000000e8000000, 0x00000000e8000000)
  eden space 87424K,  99% used [0x00000000e0000000, 0x00000000e555c228, 0x00000000e5560000)
  from space 21824K, 100% used [0x00000000e6ab0000, 0x00000000e8000000, 0x00000000e8000000)
  to   space 21824K,   0% used [0x00000000e5560000, 0x00000000e5560000, 0x00000000e6ab0000)
 concurrent mark-sweep generation total 393216K, used 15857K [0x00000000e8000000, 0x0000000100000000, 0x0000000100000000)
 Metaspace       used 43825K, capacity 45307K, committed 45668K, reserved 1089536K
  class space    used 5355K, capacity 5643K, committed 5732K, reserved 1048576K
2018-12-18T12:17:51.936+0300: 87008.251: [GC (Allocation Failure) 2018-12-18T12:17:51.936+0300: 87008.251: [ParNew
Desired survivor size 20112992 bytes, new threshold 8 (max 8)
- age   1:     982496 bytes,     982496 total
- age   2:       7992 bytes,     990488 total
- age   3:       2696 bytes,     993184 total
- age   4:       1304 bytes,     994488 total
- age   5:     340592 bytes,    1335080 total
- age   6:     236032 bytes,    1571112 total
- age   7:    4541880 bytes,    6112992 total
- age   8:    5272312 bytes,   11385304 total
: 109232K->15209K(109248K), 0.0180868 secs] 125089K->37148K(502464K), 0.0181922 secs] [Times: user=0.05 sys=0.00, real=0.02 secs] 
Heap after GC invocations=20 (full 2):
 par new generation   total 109248K, used 15209K [0x00000000e0000000, 0x00000000e8000000, 0x00000000e8000000)
  eden space 87424K,   0% used [0x00000000e0000000, 0x00000000e0000000, 0x00000000e5560000)
  from space 21824K,  69% used [0x00000000e5560000, 0x00000000e643a570, 0x00000000e6ab0000)
  to   space 21824K,   0% used [0x00000000e6ab0000, 0x00000000e6ab0000, 0x00000000e8000000)
 concurrent mark-sweep generation total 393216K, used 21939K [0x00000000e8000000, 0x0000000100000000, 0x0000000100000000)
 Metaspace       used 43825K, capacity 45307K, committed 45668K, reserved 1089536K
  class space    used 5355K, capacity 5643K, committed 5732K, reserved 1048576K
}
2018-12-18T12:17:51.954+0300: 87008.269: Total time for which application threads were stopped: 0.0184512 seconds, Stopping threads took: 0.0000222 seconds
2018-12-18T12:17:52.069+0300: 87008.385: Total time for which application threads were stopped: 0.0001370 seconds, Stopping threads took: 0.0000444 seconds
2018-12-18T12:17:52.070+0300: 87008.385: Total time for which application threads were stopped: 0.0002005 seconds, Stopping threads took: 0.0000998 seconds
2018-12-18T12:17:52.070+0300: 87008.385: Total time for which application threads were stopped: 0.0000751 seconds, Stopping threads took: 0.0000303 seconds
2018-12-18T12:17:52.070+0300: 87008.386: Total time for which application threads were stopped: 0.0001941 seconds, Stopping threads took: 0.0000998 seconds
2018-12-18T12:17:52.071+0300: 87008.386: Total time for which application threads were stopped: 0.0001143 seconds, Stopping threads took: 0.0000670 seconds
2018-12-18T12:17:52.072+0300: 87008.387: Total time for which application threads were stopped: 0.0001681 seconds, Stopping threads took: 0.0000717 seconds
2018-12-18T12:17:53.072+0300: 87009.387: Total time for which application threads were stopped: 0.0002095 seconds, Stopping threads took: 0.0000529 seconds
2018-12-18T12:18:00.651+0300: 87016.966: Total time for which application threads were stopped: 0.0001045 seconds, Stopping threads took: 0.0000213 seconds
2018-12-18T12:18:00.652+0300: 87016.967: Total time for which application threads were stopped: 0.0002278 seconds, Stopping threads took: 0.0001143 seconds
2018-12-18T12:18:00.652+0300: 87016.968: Total time for which application threads were stopped: 0.0000943 seconds, Stopping threads took: 0.0000149 seconds
2018-12-18T12:18:00.653+0300: 87016.968: Total time for which application threads were stopped: 0.0001092 seconds, Stopping threads took: 0.0000243 seconds
2018-12-18T12:18:01.653+0300: 87017.969: Total time for which application threads were stopped: 0.0002735 seconds, Stopping threads took: 0.0000700 seconds
2018-12-18T12:37:53.263+0300: 88209.578: Total time for which application threads were stopped: 0.0001702 seconds, Stopping threads took: 0.0000521 seconds
2018-12-18T13:54:22.180+0300: 92798.495: Total time for which application threads were stopped: 0.0001387 seconds, Stopping threads took: 0.0000324 seconds
2018-12-18T13:54:22.181+0300: 92798.496: Total time for which application threads were stopped: 0.0001062 seconds, Stopping threads took: 0.0000324 seconds
2018-12-18T13:54:22.181+0300: 92798.496: Total time for which application threads were stopped: 0.0000602 seconds, Stopping threads took: 0.0000239 seconds
2018-12-18T13:54:22.183+0300: 92798.498: Total time for which application threads were stopped: 0.0002607 seconds, Stopping threads took: 0.0000277 seconds
2018-12-18T13:54:22.391+0300: 92798.706: Total time for which application threads were stopped: 0.0002577 seconds, Stopping threads took: 0.0000666 seconds
2018-12-18T13:54:22.394+0300: 92798.710: Total time for which application threads were stopped: 0.0002795 seconds, Stopping threads took: 0.0001024 seconds
2018-12-18T13:54:22.395+0300: 92798.710: Total time for which application threads were stopped: 0.0002389 seconds, Stopping threads took: 0.0000533 seconds
2018-12-18T13:54:22.395+0300: 92798.711: Total time for which application threads were stopped: 0.0002082 seconds, Stopping threads took: 0.0000512 seconds
2018-12-18T13:54:22.396+0300: 92798.712: Total time for which application threads were stopped: 0.0007612 seconds, Stopping threads took: 0.0000512 seconds
2018-12-18T13:54:22.397+0300: 92798.712: Total time for which application threads were stopped: 0.0003571 seconds, Stopping threads took: 0.0001515 seconds
2018-12-18T13:54:22.403+0300: 92798.719: Total time for which application threads were stopped: 0.0001613 seconds, Stopping threads took: 0.0000418 seconds
2018-12-18T13:54:22.404+0300: 92798.720: Total time for which application threads were stopped: 0.0001775 seconds, Stopping threads took: 0.0000397 seconds
2018-12-18T13:54:22.404+0300: 92798.720: Total time for which application threads were stopped: 0.0001562 seconds, Stopping threads took: 0.0000265 seconds
2018-12-18T13:54:22.404+0300: 92798.720: Total time for which application threads were stopped: 0.0001186 seconds, Stopping threads took: 0.0000290 seconds
2018-12-18T13:54:22.404+0300: 92798.720: Total time for which application threads were stopped: 0.0001229 seconds, Stopping threads took: 0.0000183 seconds
2018-12-18T13:54:22.405+0300: 92798.720: Total time for which application threads were stopped: 0.0001596 seconds, Stopping threads took: 0.0000247 seconds
{Heap before GC invocations=20 (full 2):
 par new generation   total 109248K, used 102633K [0x00000000e0000000, 0x00000000e8000000, 0x00000000e8000000)
  eden space 87424K, 100% used [0x00000000e0000000, 0x00000000e5560000, 0x00000000e5560000)
  from space 21824K,  69% used [0x00000000e5560000, 0x00000000e643a570, 0x00000000e6ab0000)
  to   space 21824K,   0% used [0x00000000e6ab0000, 0x00000000e6ab0000, 0x00000000e8000000)
 concurrent mark-sweep generation total 393216K, used 21939K [0x00000000e8000000, 0x0000000100000000, 0x0000000100000000)
 Metaspace       used 43847K, capacity 45307K, committed 45668K, reserved 1089536K
  class space    used 5355K, capacity 5643K, committed 5732K, reserved 1048576K
2018-12-18T14:05:56.285+0300: 93492.601: [GC (Allocation Failure) 2018-12-18T14:05:56.285+0300: 93492.601: [ParNew
Desired survivor size 20112992 bytes, new threshold 8 (max 8)
- age   1:     193024 bytes,     193024 total
- age   2:     371640 bytes,     564664 total
- age   3:       7384 bytes,     572048 total
- age   4:       2696 bytes,     574744 total
- age   5:       1304 bytes,     576048 total
- age   6:     339664 bytes,     915712 total
- age   7:     236032 bytes,    1151744 total
- age   8:    4541880 bytes,    5693624 total
: 102633K->7594K(109248K), 0.0203328 secs] 124572K->34870K(502464K), 0.0204761 secs] [Times: user=0.13 sys=0.00, real=0.02 secs] 
Heap after GC invocations=21 (full 2):
 par new generation   total 109248K, used 7594K [0x00000000e0000000, 0x00000000e8000000, 0x00000000e8000000)
  eden space 87424K,   0% used [0x00000000e0000000, 0x00000000e0000000, 0x00000000e5560000)
  from space 21824K,  34% used [0x00000000e6ab0000, 0x00000000e721aaa0, 0x00000000e8000000)
  to   space 21824K,   0% used [0x00000000e5560000, 0x00000000e5560000, 0x00000000e6ab0000)
 concurrent mark-sweep generation total 393216K, used 27275K [0x00000000e8000000, 0x0000000100000000, 0x0000000100000000)
 Metaspace       used 43847K, capacity 45307K, committed 45668K, reserved 1089536K
  class space    used 5355K, capacity 5643K, committed 5732K, reserved 1048576K
}
2018-12-18T14:05:56.305+0300: 93492.621: Total time for which application threads were stopped: 0.0208269 seconds, Stopping threads took: 0.0000559 seconds
2018-12-18T14:08:57.404+0300: 93673.719: Total time for which application threads were stopped: 0.0004058 seconds, Stopping threads took: 0.0001067 seconds
2018-12-18T15:00:59.826+0300: 96796.142: Total time for which application threads were stopped: 0.0005739 seconds, Stopping threads took: 0.0002005 seconds
2018-12-18T15:56:51.273+0300: 100147.589: Total time for which application threads were stopped: 0.0001660 seconds, Stopping threads took: 0.0000380 seconds
2018-12-18T15:56:51.274+0300: 100147.590: Total time for which application threads were stopped: 0.0001408 seconds, Stopping threads took: 0.0000341 seconds
2018-12-18T15:56:52.275+0300: 100148.590: Total time for which application threads were stopped: 0.0001553 seconds, Stopping threads took: 0.0000384 seconds
2018-12-18T15:59:40.360+0300: 100316.676: Total time for which application threads were stopped: 0.0001830 seconds, Stopping threads took: 0.0000593 seconds
{Heap before GC invocations=21 (full 2):
 par new generation   total 109248K, used 95014K [0x00000000e0000000, 0x00000000e8000000, 0x00000000e8000000)
  eden space 87424K,  99% used [0x00000000e0000000, 0x00000000e555edd8, 0x00000000e5560000)
  from space 21824K,  34% used [0x00000000e6ab0000, 0x00000000e721aaa0, 0x00000000e8000000)
  to   space 21824K,   0% used [0x00000000e5560000, 0x00000000e5560000, 0x00000000e6ab0000)
 concurrent mark-sweep generation total 393216K, used 27275K [0x00000000e8000000, 0x0000000100000000, 0x0000000100000000)
 Metaspace       used 43849K, capacity 45307K, committed 45668K, reserved 1089536K
  class space    used 5355K, capacity 5643K, committed 5732K, reserved 1048576K
2018-12-18T15:59:42.978+0300: 100319.294: [GC (Allocation Failure) 2018-12-18T15:59:42.978+0300: 100319.294: [ParNew
Desired survivor size 20112992 bytes, new threshold 8 (max 8)
- age   1:      97272 bytes,      97272 total
- age   2:     128360 bytes,     225632 total
- age   3:     368080 bytes,     593712 total
- age   4:       7384 bytes,     601096 total
- age   5:       2696 bytes,     603792 total
- age   6:       1304 bytes,     605096 total
- age   7:     339664 bytes,     944760 total
- age   8:     236032 bytes,    1180792 total
: 95014K->1871K(109248K), 0.0054942 secs] 122290K->31408K(502464K), 0.0055893 secs] [Times: user=0.00 sys=0.00, real=0.01 secs] 
Heap after GC invocations=22 (full 2):
 par new generation   total 109248K, used 1871K [0x00000000e0000000, 0x00000000e8000000, 0x00000000e8000000)
  eden space 87424K,   0% used [0x00000000e0000000, 0x00000000e0000000, 0x00000000e5560000)
  from space 21824K,   8% used [0x00000000e5560000, 0x00000000e5733fa0, 0x00000000e6ab0000)
  to   space 21824K,   0% used [0x00000000e6ab0000, 0x00000000e6ab0000, 0x00000000e8000000)
 concurrent mark-sweep generation total 393216K, used 29536K [0x00000000e8000000, 0x0000000100000000, 0x0000000100000000)
 Metaspace       used 43849K, capacity 45307K, committed 45668K, reserved 1089536K
  class space    used 5355K, capacity 5643K, committed 5732K, reserved 1048576K
}
2018-12-18T15:59:42.984+0300: 100319.300: Total time for which application threads were stopped: 0.0058082 seconds, Stopping threads took: 0.0000252 seconds
2018-12-18T16:02:58.252+0300: 100514.568: Total time for which application threads were stopped: 0.0001596 seconds, Stopping threads took: 0.0000448 seconds
2018-12-18T16:02:58.274+0300: 100514.589: Total time for which application threads were stopped: 0.0001024 seconds, Stopping threads took: 0.0000226 seconds
2018-12-18T16:02:58.274+0300: 100514.590: Total time for which application threads were stopped: 0.0001933 seconds, Stopping threads took: 0.0000853 seconds
2018-12-18T16:02:58.275+0300: 100514.591: Total time for which application threads were stopped: 0.0001988 seconds, Stopping threads took: 0.0000299 seconds
2018-12-18T16:02:58.277+0300: 100514.593: Total time for which application threads were stopped: 0.0001088 seconds, Stopping threads took: 0.0000265 seconds
2018-12-18T16:02:58.550+0300: 100514.866: Total time for which application threads were stopped: 0.0002662 seconds, Stopping threads took: 0.0000973 seconds
2018-12-18T16:02:58.551+0300: 100514.867: Total time for which application threads were stopped: 0.0003217 seconds, Stopping threads took: 0.0001975 seconds
2018-12-18T16:02:58.554+0300: 100514.870: Total time for which application threads were stopped: 0.0005197 seconds, Stopping threads took: 0.0001412 seconds
2018-12-18T16:02:58.561+0300: 100514.877: Total time for which application threads were stopped: 0.0002415 seconds, Stopping threads took: 0.0000666 seconds
2018-12-18T16:02:58.561+0300: 100514.877: Total time for which application threads were stopped: 0.0001732 seconds, Stopping threads took: 0.0000397 seconds
2018-12-18T16:02:58.562+0300: 100514.878: Total time for which application threads were stopped: 0.0001911 seconds, Stopping threads took: 0.0000431 seconds
2018-12-18T16:03:16.267+0300: 100532.583: Total time for which application threads were stopped: 0.0001647 seconds, Stopping threads took: 0.0000380 seconds
2018-12-18T16:03:16.268+0300: 100532.584: Total time for which application threads were stopped: 0.0001382 seconds, Stopping threads took: 0.0000422 seconds
2018-12-18T16:03:16.268+0300: 100532.584: Total time for which application threads were stopped: 0.0001434 seconds, Stopping threads took: 0.0000316 seconds
2018-12-18T16:03:31.065+0300: 100547.381: Total time for which application threads were stopped: 0.0002142 seconds, Stopping threads took: 0.0000265 seconds
2018-12-18T16:20:48.602+0300: 101584.917: Total time for which application threads were stopped: 0.0001741 seconds, Stopping threads took: 0.0000363 seconds
2018-12-18T16:20:48.609+0300: 101584.924: Total time for which application threads were stopped: 0.0001062 seconds, Stopping threads took: 0.0000265 seconds
2018-12-18T16:20:48.610+0300: 101584.925: Total time for which application threads were stopped: 0.0001178 seconds, Stopping threads took: 0.0000311 seconds
2018-12-18T16:20:48.610+0300: 101584.925: Total time for which application threads were stopped: 0.0000461 seconds, Stopping threads took: 0.0000085 seconds
2018-12-18T16:20:48.741+0300: 101585.057: Total time for which application threads were stopped: 0.0001660 seconds, Stopping threads took: 0.0000486 seconds
2018-12-18T16:20:48.742+0300: 101585.057: Total time for which application threads were stopped: 0.0001993 seconds, Stopping threads took: 0.0001037 seconds
2018-12-18T16:20:48.742+0300: 101585.057: Total time for which application threads were stopped: 0.0001041 seconds, Stopping threads took: 0.0000354 seconds
2018-12-18T16:20:48.742+0300: 101585.058: Total time for which application threads were stopped: 0.0001698 seconds, Stopping threads took: 0.0000670 seconds
2018-12-18T16:20:48.746+0300: 101585.062: Total time for which application threads were stopped: 0.0001084 seconds, Stopping threads took: 0.0000311 seconds
2018-12-18T16:20:48.747+0300: 101585.062: Total time for which application threads were stopped: 0.0001865 seconds, Stopping threads took: 0.0000367 seconds
2018-12-18T16:20:48.747+0300: 101585.062: Total time for which application threads were stopped: 0.0001348 seconds, Stopping threads took: 0.0000529 seconds
2018-12-18T16:20:48.747+0300: 101585.062: Total time for which application threads were stopped: 0.0000947 seconds, Stopping threads took: 0.0000154 seconds
2018-12-18T16:20:48.747+0300: 101585.062: Total time for which application threads were stopped: 0.0000695 seconds, Stopping threads took: 0.0000132 seconds
2018-12-18T16:20:48.747+0300: 101585.063: Total time for which application threads were stopped: 0.0000687 seconds, Stopping threads took: 0.0000145 seconds
2018-12-18T16:20:48.747+0300: 101585.063: Total time for which application threads were stopped: 0.0000939 seconds, Stopping threads took: 0.0000435 seconds
2018-12-18T16:20:48.748+0300: 101585.063: Total time for which application threads were stopped: 0.0001216 seconds, Stopping threads took: 0.0000388 seconds
2018-12-18T16:20:49.749+0300: 101586.064: Total time for which application threads were stopped: 0.0002052 seconds, Stopping threads took: 0.0000516 seconds
2018-12-18T21:19:16.020+0300: 119529.988: Total time for which application threads were stopped: 0.0001856 seconds, Stopping threads took: 0.0000457 seconds
{Heap before GC invocations=22 (full 2):
 par new generation   total 109248K, used 89295K [0x00000000e0000000, 0x00000000e8000000, 0x00000000e8000000)
  eden space 87424K, 100% used [0x00000000e0000000, 0x00000000e5560000, 0x00000000e5560000)
  from space 21824K,   8% used [0x00000000e5560000, 0x00000000e5733fa0, 0x00000000e6ab0000)
  to   space 21824K,   0% used [0x00000000e6ab0000, 0x00000000e6ab0000, 0x00000000e8000000)
 concurrent mark-sweep generation total 393216K, used 29536K [0x00000000e8000000, 0x0000000100000000, 0x0000000100000000)
 Metaspace       used 43890K, capacity 45375K, committed 45668K, reserved 1089536K
  class space    used 5355K, capacity 5643K, committed 5732K, reserved 1048576K
2018-12-18T21:25:51.645+0300: 119925.614: [GC (Allocation Failure) 2018-12-18T21:25:51.645+0300: 119925.614: [ParNew
Desired survivor size 20112992 bytes, new threshold 8 (max 8)
- age   1:     276792 bytes,     276792 total
- age   2:      13376 bytes,     290168 total
- age   3:      78272 bytes,     368440 total
- age   4:     366752 bytes,     735192 total
- age   5:       6592 bytes,     741784 total
- age   6:       2696 bytes,     744480 total
- age   7:       1304 bytes,     745784 total
- age   8:     272992 bytes,    1018776 total
: 89295K->1262K(109248K), 0.0570649 secs] 118832K->30966K(502464K), 0.0571767 secs] [Times: user=0.02 sys=0.00, real=0.06 secs] 
Heap after GC invocations=23 (full 2):
 par new generation   total 109248K, used 1262K [0x00000000e0000000, 0x00000000e8000000, 0x00000000e8000000)
  eden space 87424K,   0% used [0x00000000e0000000, 0x00000000e0000000, 0x00000000e5560000)
  from space 21824K,   5% used [0x00000000e6ab0000, 0x00000000e6beb9a8, 0x00000000e8000000)
  to   space 21824K,   0% used [0x00000000e5560000, 0x00000000e5560000, 0x00000000e6ab0000)
 concurrent mark-sweep generation total 393216K, used 29704K [0x00000000e8000000, 0x0000000100000000, 0x0000000100000000)
 Metaspace       used 43890K, capacity 45375K, committed 45668K, reserved 1089536K
  class space    used 5355K, capacity 5643K, committed 5732K, reserved 1048576K
}
2018-12-18T21:25:51.703+0300: 119925.672: Total time for which application threads were stopped: 0.0574826 seconds, Stopping threads took: 0.0000444 seconds
2018-12-18T22:44:55.186+0300: 124669.155: Total time for which application threads were stopped: 0.0002082 seconds, Stopping threads took: 0.0000683 seconds
2018-12-18T23:10:11.068+0300: 126185.043: Total time for which application threads were stopped: 0.0001655 seconds, Stopping threads took: 0.0000474 seconds
2018-12-18T23:13:11.161+0300: 126365.136: Total time for which application threads were stopped: 0.0001583 seconds, Stopping threads took: 0.0000478 seconds
{Heap before GC invocations=23 (full 2):
 par new generation   total 109248K, used 88686K [0x00000000e0000000, 0x00000000e8000000, 0x00000000e8000000)
  eden space 87424K, 100% used [0x00000000e0000000, 0x00000000e5560000, 0x00000000e5560000)
  from space 21824K,   5% used [0x00000000e6ab0000, 0x00000000e6beb9a8, 0x00000000e8000000)
  to   space 21824K,   0% used [0x00000000e5560000, 0x00000000e5560000, 0x00000000e6ab0000)
 concurrent mark-sweep generation total 393216K, used 29704K [0x00000000e8000000, 0x0000000100000000, 0x0000000100000000)
 Metaspace       used 43890K, capacity 45375K, committed 45668K, reserved 1089536K
  class space    used 5355K, capacity 5643K, committed 5732K, reserved 1048576K
2018-12-18T23:21:11.483+0300: 126845.459: [GC (Allocation Failure) 2018-12-18T23:21:11.484+0300: 126845.459: [ParNew
Desired survivor size 20112992 bytes, new threshold 8 (max 8)
- age   1:      24752 bytes,      24752 total
- age   2:     256936 bytes,     281688 total
- age   3:      13376 bytes,     295064 total
- age   4:      77344 bytes,     372408 total
- age   5:     366752 bytes,     739160 total
- age   6:       6592 bytes,     745752 total
- age   7:       2696 bytes,     748448 total
- age   8:       1304 bytes,     749752 total
: 88686K->853K(109248K), 0.0037111 secs] 118390K->30824K(502464K), 0.0038225 secs] [Times: user=0.00 sys=0.00, real=0.00 secs] 
Heap after GC invocations=24 (full 2):
 par new generation   total 109248K, used 853K [0x00000000e0000000, 0x00000000e8000000, 0x00000000e8000000)
  eden space 87424K,   0% used [0x00000000e0000000, 0x00000000e0000000, 0x00000000e5560000)
  from space 21824K,   3% used [0x00000000e5560000, 0x00000000e5635630, 0x00000000e6ab0000)
  to   space 21824K,   0% used [0x00000000e6ab0000, 0x00000000e6ab0000, 0x00000000e8000000)
 concurrent mark-sweep generation total 393216K, used 29971K [0x00000000e8000000, 0x0000000100000000, 0x0000000100000000)
 Metaspace       used 43890K, capacity 45375K, committed 45668K, reserved 1089536K
  class space    used 5355K, capacity 5643K, committed 5732K, reserved 1048576K
}
2018-12-18T23:21:11.487+0300: 126845.463: Total time for which application threads were stopped: 0.0041101 seconds, Stopping threads took: 0.0000478 seconds
2018-12-19T00:50:47.208+0300: 132221.183: Total time for which application threads were stopped: 0.0002142 seconds, Stopping threads took: 0.0000636 seconds
2018-12-19T00:55:15.335+0300: 132489.310: Total time for which application threads were stopped: 0.0001732 seconds, Stopping threads took: 0.0000521 seconds
{Heap before GC invocations=24 (full 2):
 par new generation   total 109248K, used 88277K [0x00000000e0000000, 0x00000000e8000000, 0x00000000e8000000)
  eden space 87424K, 100% used [0x00000000e0000000, 0x00000000e5560000, 0x00000000e5560000)
  from space 21824K,   3% used [0x00000000e5560000, 0x00000000e5635630, 0x00000000e6ab0000)
  to   space 21824K,   0% used [0x00000000e6ab0000, 0x00000000e6ab0000, 0x00000000e8000000)
 concurrent mark-sweep generation total 393216K, used 29971K [0x00000000e8000000, 0x0000000100000000, 0x0000000100000000)
 Metaspace       used 43890K, capacity 45375K, committed 45668K, reserved 1089536K
  class space    used 5355K, capacity 5643K, committed 5732K, reserved 1048576K
2018-12-19T01:13:16.002+0300: 133569.977: [GC (Allocation Failure) 2018-12-19T01:13:16.002+0300: 133569.977: [ParNew
Desired survivor size 20112992 bytes, new threshold 8 (max 8)
- age   1:      24808 bytes,      24808 total
- age   3:     256936 bytes,     281744 total
- age   4:      13376 bytes,     295120 total
- age   5:      77344 bytes,     372464 total
- age   6:     366752 bytes,     739216 total
- age   7:       6592 bytes,     745808 total
- age   8:       2696 bytes,     748504 total
: 88277K->801K(109248K), 0.0043998 secs] 118248K->30774K(502464K), 0.0045730 secs] [Times: user=0.06 sys=0.00, real=0.00 secs] 
Heap after GC invocations=25 (full 2):
 par new generation   total 109248K, used 801K [0x00000000e0000000, 0x00000000e8000000, 0x00000000e8000000)
  eden space 87424K,   0% used [0x00000000e0000000, 0x00000000e0000000, 0x00000000e5560000)
  from space 21824K,   3% used [0x00000000e6ab0000, 0x00000000e6b78768, 0x00000000e8000000)
  to   space 21824K,   0% used [0x00000000e5560000, 0x00000000e5560000, 0x00000000e6ab0000)
 concurrent mark-sweep generation total 393216K, used 29972K [0x00000000e8000000, 0x0000000100000000, 0x0000000100000000)
 Metaspace       used 43890K, capacity 45375K, committed 45668K, reserved 1089536K
  class space    used 5355K, capacity 5643K, committed 5732K, reserved 1048576K
}
2018-12-19T01:13:16.006+0300: 133569.982: Total time for which application threads were stopped: 0.0049331 seconds, Stopping threads took: 0.0000546 seconds
2018-12-19T10:34:17.413+0300: 167270.329: Total time for which application threads were stopped: 0.0001749 seconds, Stopping threads took: 0.0000427 seconds
2018-12-19T10:34:17.414+0300: 167270.330: Total time for which application threads were stopped: 0.0002377 seconds, Stopping threads took: 0.0001331 seconds
2018-12-19T10:34:17.414+0300: 167270.330: Total time for which application threads were stopped: 0.0000832 seconds, Stopping threads took: 0.0000209 seconds
2018-12-19T10:34:18.414+0300: 167271.330: Total time for which application threads were stopped: 0.0002287 seconds, Stopping threads took: 0.0000602 seconds
2018-12-19T10:53:17.971+0300: 168410.887: Total time for which application threads were stopped: 0.0003844 seconds, Stopping threads took: 0.0000977 seconds
{Heap before GC invocations=25 (full 2):
 par new generation   total 109248K, used 88225K [0x00000000e0000000, 0x00000000e8000000, 0x00000000e8000000)
  eden space 87424K, 100% used [0x00000000e0000000, 0x00000000e5560000, 0x00000000e5560000)
  from space 21824K,   3% used [0x00000000e6ab0000, 0x00000000e6b78768, 0x00000000e8000000)
  to   space 21824K,   0% used [0x00000000e5560000, 0x00000000e5560000, 0x00000000e6ab0000)
 concurrent mark-sweep generation total 393216K, used 29972K [0x00000000e8000000, 0x0000000100000000, 0x0000000100000000)
 Metaspace       used 43901K, capacity 45375K, committed 45668K, reserved 1089536K
  class space    used 5355K, capacity 5643K, committed 5732K, reserved 1048576K
2018-12-19T10:54:37.569+0300: 168490.485: [GC (Allocation Failure) 2018-12-19T10:54:37.569+0300: 168490.485: [ParNew
Desired survivor size 20112992 bytes, new threshold 8 (max 8)
- age   1:      62128 bytes,      62128 total
- age   2:         80 bytes,      62208 total
- age   4:     240368 bytes,     302576 total
- age   5:         64 bytes,     302640 total
- age   6:      77280 bytes,     379920 total
- age   7:     366560 bytes,     746480 total
- age   8:       6104 bytes,     752584 total
: 88225K->762K(109248K), 0.0937881 secs] 118198K->30737K(502464K), 0.0939122 secs] [Times: user=0.09 sys=0.02, real=0.09 secs] 
Heap after GC invocations=26 (full 2):
 par new generation   total 109248K, used 762K [0x00000000e0000000, 0x00000000e8000000, 0x00000000e8000000)
  eden space 87424K,   0% used [0x00000000e0000000, 0x00000000e0000000, 0x00000000e5560000)
  from space 21824K,   3% used [0x00000000e5560000, 0x00000000e561e9c8, 0x00000000e6ab0000)
  to   space 21824K,   0% used [0x00000000e6ab0000, 0x00000000e6ab0000, 0x00000000e8000000)
 concurrent mark-sweep generation total 393216K, used 29975K [0x00000000e8000000, 0x0000000100000000, 0x0000000100000000)
 Metaspace       used 43901K, capacity 45375K, committed 45668K, reserved 1089536K
  class space    used 5355K, capacity 5643K, committed 5732K, reserved 1048576K
}
2018-12-19T10:54:37.663+0300: 168490.579: Total time for which application threads were stopped: 0.0942578 seconds, Stopping threads took: 0.0000546 seconds
2018-12-19T11:15:26.018+0300: 169738.940: Total time for which application threads were stopped: 0.0001758 seconds, Stopping threads took: 0.0000567 seconds
2018-12-19T11:25:42.938+0300: 170355.861: Total time for which application threads were stopped: 0.0002078 seconds, Stopping threads took: 0.0000431 seconds
2018-12-19T11:25:42.938+0300: 170355.861: Total time for which application threads were stopped: 0.0001045 seconds, Stopping threads took: 0.0000192 seconds
2018-12-19T11:25:43.940+0300: 170356.862: Total time for which application threads were stopped: 0.0001532 seconds, Stopping threads took: 0.0000341 seconds
2018-12-19T11:33:44.186+0300: 170837.108: Total time for which application threads were stopped: 0.0001835 seconds, Stopping threads took: 0.0000452 seconds
2018-12-19T11:33:49.188+0300: 170842.110: Total time for which application threads were stopped: 0.0001101 seconds, Stopping threads took: 0.0000316 seconds
2018-12-19T11:33:50.188+0300: 170843.110: Total time for which application threads were stopped: 0.0004663 seconds, Stopping threads took: 0.0001459 seconds
2018-12-19T11:35:09.807+0300: 170922.730: Total time for which application threads were stopped: 0.0002662 seconds, Stopping threads took: 0.0001489 seconds
2018-12-19T11:35:09.834+0300: 170922.757: Total time for which application threads were stopped: 0.0001271 seconds, Stopping threads took: 0.0000243 seconds
2018-12-19T11:35:09.835+0300: 170922.758: Total time for which application threads were stopped: 0.0002449 seconds, Stopping threads took: 0.0001156 seconds
2018-12-19T11:35:09.836+0300: 170922.758: Total time for which application threads were stopped: 0.0002449 seconds, Stopping threads took: 0.0001510 seconds
2018-12-19T11:35:09.837+0300: 170922.760: Total time for which application threads were stopped: 0.0002560 seconds, Stopping threads took: 0.0001391 seconds
2018-12-19T11:35:10.712+0300: 170923.635: Total time for which application threads were stopped: 0.0002133 seconds, Stopping threads took: 0.0000567 seconds
2018-12-19T11:35:10.712+0300: 170923.635: Total time for which application threads were stopped: 0.0004531 seconds, Stopping threads took: 0.0000265 seconds
2018-12-19T11:35:10.717+0300: 170923.639: Total time for which application threads were stopped: 0.0001668 seconds, Stopping threads took: 0.0000486 seconds
2018-12-19T11:35:10.717+0300: 170923.639: Total time for which application threads were stopped: 0.0001314 seconds, Stopping threads took: 0.0000431 seconds
2018-12-19T11:35:10.717+0300: 170923.640: Total time for which application threads were stopped: 0.0001532 seconds, Stopping threads took: 0.0000303 seconds
2018-12-19T11:38:01.220+0300: 171094.142: Total time for which application threads were stopped: 0.0003703 seconds, Stopping threads took: 0.0000418 seconds
2018-12-19T11:38:01.222+0300: 171094.144: Total time for which application threads were stopped: 0.0001126 seconds, Stopping threads took: 0.0000213 seconds
2018-12-19T11:38:02.223+0300: 171095.145: Total time for which application threads were stopped: 0.0002266 seconds, Stopping threads took: 0.0000717 seconds
2018-12-19T11:38:32.296+0300: 171125.218: Total time for which application threads were stopped: 0.0001532 seconds, Stopping threads took: 0.0000730 seconds
2018-12-19T11:38:32.300+0300: 171125.222: Total time for which application threads were stopped: 0.0001446 seconds, Stopping threads took: 0.0000273 seconds
2018-12-19T11:38:32.301+0300: 171125.223: Total time for which application threads were stopped: 0.0000875 seconds, Stopping threads took: 0.0000149 seconds
2018-12-19T11:38:32.301+0300: 171125.223: Total time for which application threads were stopped: 0.0000623 seconds, Stopping threads took: 0.0000115 seconds
2018-12-19T11:38:32.302+0300: 171125.224: Total time for which application threads were stopped: 0.0001173 seconds, Stopping threads took: 0.0000358 seconds
2018-12-19T11:38:32.524+0300: 171125.447: Total time for which application threads were stopped: 0.0001779 seconds, Stopping threads took: 0.0000448 seconds
2018-12-19T11:38:32.525+0300: 171125.447: Total time for which application threads were stopped: 0.0001506 seconds, Stopping threads took: 0.0000290 seconds
2018-12-19T11:38:32.525+0300: 171125.447: Total time for which application threads were stopped: 0.0001280 seconds, Stopping threads took: 0.0000260 seconds
2018-12-19T11:38:32.526+0300: 171125.449: Total time for which application threads were stopped: 0.0003255 seconds, Stopping threads took: 0.0001877 seconds
2018-12-19T11:38:32.527+0300: 171125.449: Total time for which application threads were stopped: 0.0001148 seconds, Stopping threads took: 0.0000222 seconds
2018-12-19T11:38:32.527+0300: 171125.449: Total time for which application threads were stopped: 0.0001276 seconds, Stopping threads took: 0.0000290 seconds
2018-12-19T11:38:32.528+0300: 171125.450: Total time for which application threads were stopped: 0.0002505 seconds, Stopping threads took: 0.0001254 seconds
2018-12-19T11:38:32.530+0300: 171125.452: Total time for which application threads were stopped: 0.0002628 seconds, Stopping threads took: 0.0001067 seconds
2018-12-19T11:38:32.531+0300: 171125.453: Total time for which application threads were stopped: 0.0003435 seconds, Stopping threads took: 0.0001975 seconds
2018-12-19T11:38:43.184+0300: 171136.106: Total time for which application threads were stopped: 0.0001621 seconds, Stopping threads took: 0.0000418 seconds
2018-12-19T11:38:43.185+0300: 171136.107: Total time for which application threads were stopped: 0.0001425 seconds, Stopping threads took: 0.0000388 seconds
2018-12-19T11:38:57.190+0300: 171150.113: Total time for which application threads were stopped: 0.0002569 seconds, Stopping threads took: 0.0000495 seconds
2018-12-19T11:39:42.458+0300: 171195.381: Total time for which application threads were stopped: 0.0001673 seconds, Stopping threads took: 0.0000405 seconds
2018-12-19T11:39:42.458+0300: 171195.381: Total time for which application threads were stopped: 0.0000896 seconds, Stopping threads took: 0.0000188 seconds
2018-12-19T11:39:43.459+0300: 171196.381: Total time for which application threads were stopped: 0.0002074 seconds, Stopping threads took: 0.0000559 seconds
2018-12-19T11:46:27.666+0300: 171600.589: Total time for which application threads were stopped: 0.0003977 seconds, Stopping threads took: 0.0000964 seconds
2018-12-19T11:47:38.697+0300: 171671.619: Total time for which application threads were stopped: 0.0001711 seconds, Stopping threads took: 0.0000414 seconds
2018-12-19T11:47:41.698+0300: 171674.620: Total time for which application threads were stopped: 0.0001203 seconds, Stopping threads took: 0.0000316 seconds
2018-12-19T11:47:53.706+0300: 171686.628: Total time for which application threads were stopped: 0.0001417 seconds, Stopping threads took: 0.0000354 seconds
2018-12-19T11:48:00.708+0300: 171693.631: Total time for which application threads were stopped: 0.0002291 seconds, Stopping threads took: 0.0000589 seconds
2018-12-19T11:48:24.719+0300: 171717.641: Total time for which application threads were stopped: 0.0002688 seconds, Stopping threads took: 0.0000717 seconds
2018-12-19T11:48:27.720+0300: 171720.643: Total time for which application threads were stopped: 0.0002402 seconds, Stopping threads took: 0.0000742 seconds
2018-12-19T11:48:31.195+0300: 171724.118: Total time for which application threads were stopped: 0.0003447 seconds, Stopping threads took: 0.0000324 seconds
2018-12-19T11:48:32.196+0300: 171725.118: Total time for which application threads were stopped: 0.0002389 seconds, Stopping threads took: 0.0000602 seconds
2018-12-19T11:50:39.206+0300: 171852.128: Total time for which application threads were stopped: 0.0002005 seconds, Stopping threads took: 0.0000585 seconds
2018-12-19T11:50:40.206+0300: 171853.128: Total time for which application threads were stopped: 0.0002462 seconds, Stopping threads took: 0.0000546 seconds
2018-12-19T11:50:42.207+0300: 171855.129: Total time for which application threads were stopped: 0.0001271 seconds, Stopping threads took: 0.0000341 seconds
{Heap before GC invocations=26 (full 2):
 par new generation   total 109248K, used 88186K [0x00000000e0000000, 0x00000000e8000000, 0x00000000e8000000)
  eden space 87424K, 100% used [0x00000000e0000000, 0x00000000e5560000, 0x00000000e5560000)
  from space 21824K,   3% used [0x00000000e5560000, 0x00000000e561e9c8, 0x00000000e6ab0000)
  to   space 21824K,   0% used [0x00000000e6ab0000, 0x00000000e6ab0000, 0x00000000e8000000)
 concurrent mark-sweep generation total 393216K, used 29975K [0x00000000e8000000, 0x0000000100000000, 0x0000000100000000)
 Metaspace       used 44087K, capacity 45535K, committed 45668K, reserved 1089536K
  class space    used 5369K, capacity 5675K, committed 5732K, reserved 1048576K
2018-12-19T12:04:12.783+0300: 172665.705: [GC (Allocation Failure) 2018-12-19T12:04:12.783+0300: 172665.705: [ParNew
Desired survivor size 20112992 bytes, new threshold 8 (max 8)
- age   1:     372344 bytes,     372344 total
- age   2:       6824 bytes,     379168 total
- age   3:         80 bytes,     379248 total
- age   5:     185152 bytes,     564400 total
- age   6:         64 bytes,     564464 total
- age   7:      77056 bytes,     641520 total
- age   8:     365592 bytes,    1007112 total
: 88186K->1201K(109248K), 0.0148057 secs] 118161K->31182K(502464K), 0.0151381 secs] [Times: user=0.06 sys=0.00, real=0.02 secs] 
Heap after GC invocations=27 (full 2):
 par new generation   total 109248K, used 1201K [0x00000000e0000000, 0x00000000e8000000, 0x00000000e8000000)
  eden space 87424K,   0% used [0x00000000e0000000, 0x00000000e0000000, 0x00000000e5560000)
  from space 21824K,   5% used [0x00000000e6ab0000, 0x00000000e6bdc690, 0x00000000e8000000)
  to   space 21824K,   0% used [0x00000000e5560000, 0x00000000e5560000, 0x00000000e6ab0000)
 concurrent mark-sweep generation total 393216K, used 29981K [0x00000000e8000000, 0x0000000100000000, 0x0000000100000000)
 Metaspace       used 44087K, capacity 45535K, committed 45668K, reserved 1089536K
  class space    used 5369K, capacity 5675K, committed 5732K, reserved 1048576K
}
2018-12-19T12:04:12.798+0300: 172665.720: Total time for which application threads were stopped: 0.0160422 seconds, Stopping threads took: 0.0001250 seconds
2018-12-19T12:04:12.799+0300: 172665.721: Total time for which application threads were stopped: 0.0006229 seconds, Stopping threads took: 0.0000457 seconds
2018-12-19T12:58:58.765+0300: 175951.829: Total time for which application threads were stopped: 0.0001549 seconds, Stopping threads took: 0.0000367 seconds
2018-12-19T12:59:59.792+0300: 176012.856: Total time for which application threads were stopped: 0.0001493 seconds, Stopping threads took: 0.0000371 seconds
{Heap before GC invocations=27 (full 2):
 par new generation   total 109248K, used 88625K [0x00000000e0000000, 0x00000000e8000000, 0x00000000e8000000)
  eden space 87424K, 100% used [0x00000000e0000000, 0x00000000e5560000, 0x00000000e5560000)
  from space 21824K,   5% used [0x00000000e6ab0000, 0x00000000e6bdc690, 0x00000000e8000000)
  to   space 21824K,   0% used [0x00000000e5560000, 0x00000000e5560000, 0x00000000e6ab0000)
 concurrent mark-sweep generation total 393216K, used 29981K [0x00000000e8000000, 0x0000000100000000, 0x0000000100000000)
 Metaspace       used 44096K, capacity 45535K, committed 45668K, reserved 1089536K
  class space    used 5369K, capacity 5675K, committed 5732K, reserved 1048576K
2018-12-19T14:01:24.397+0300: 179697.462: [GC (Allocation Failure) 2018-12-19T14:01:24.397+0300: 179697.462: [ParNew
Desired survivor size 20112992 bytes, new threshold 8 (max 8)
- age   1:      52496 bytes,      52496 total
- age   2:     286392 bytes,     338888 total
- age   3:       6824 bytes,     345712 total
- age   4:         80 bytes,     345792 total
- age   6:     184224 bytes,     530016 total
- age   7:         64 bytes,     530080 total
- age   8:      77056 bytes,     607136 total
: 88625K->667K(109248K), 0.0035844 secs] 118606K->31007K(502464K), 0.0037410 secs] [Times: user=0.00 sys=0.00, real=0.00 secs] 
Heap after GC invocations=28 (full 2):
 par new generation   total 109248K, used 667K [0x00000000e0000000, 0x00000000e8000000, 0x00000000e8000000)
  eden space 87424K,   0% used [0x00000000e0000000, 0x00000000e0000000, 0x00000000e5560000)
  from space 21824K,   3% used [0x00000000e5560000, 0x00000000e5606d20, 0x00000000e6ab0000)
  to   space 21824K,   0% used [0x00000000e6ab0000, 0x00000000e6ab0000, 0x00000000e8000000)
 concurrent mark-sweep generation total 393216K, used 30340K [0x00000000e8000000, 0x0000000100000000, 0x0000000100000000)
 Metaspace       used 44096K, capacity 45535K, committed 45668K, reserved 1089536K
  class space    used 5369K, capacity 5675K, committed 5732K, reserved 1048576K
}
2018-12-19T14:01:24.401+0300: 179697.466: Total time for which application threads were stopped: 0.0042039 seconds, Stopping threads took: 0.0001037 seconds
{Heap before GC invocations=28 (full 2):
 par new generation   total 109248K, used 88091K [0x00000000e0000000, 0x00000000e8000000, 0x00000000e8000000)
  eden space 87424K, 100% used [0x00000000e0000000, 0x00000000e5560000, 0x00000000e5560000)
  from space 21824K,   3% used [0x00000000e5560000, 0x00000000e5606d20, 0x00000000e6ab0000)
  to   space 21824K,   0% used [0x00000000e6ab0000, 0x00000000e6ab0000, 0x00000000e8000000)
 concurrent mark-sweep generation total 393216K, used 30340K [0x00000000e8000000, 0x0000000100000000, 0x0000000100000000)
 Metaspace       used 44096K, capacity 45535K, committed 45668K, reserved 1089536K
  class space    used 5369K, capacity 5675K, committed 5732K, reserved 1048576K
2018-12-19T15:48:31.871+0300: 186124.936: [GC (Allocation Failure) 2018-12-19T15:48:31.871+0300: 186124.936: [ParNew
Desired survivor size 20112992 bytes, new threshold 8 (max 8)
- age   1:      14328 bytes,      14328 total
- age   2:      36048 bytes,      50376 total
- age   3:     286392 bytes,     336768 total
- age   4:       6824 bytes,     343592 total
- age   5:         80 bytes,     343672 total
- age   7:     184224 bytes,     527896 total
- age   8:         64 bytes,     527960 total
: 88091K->683K(109248K), 0.0034001 secs] 118431K->31099K(502464K), 0.0035409 secs] [Times: user=0.00 sys=0.00, real=0.00 secs] 
Heap after GC invocations=29 (full 2):
 par new generation   total 109248K, used 683K [0x00000000e0000000, 0x00000000e8000000, 0x00000000e8000000)
  eden space 87424K,   0% used [0x00000000e0000000, 0x00000000e0000000, 0x00000000e5560000)
  from space 21824K,   3% used [0x00000000e6ab0000, 0x00000000e6b5acb0, 0x00000000e8000000)
  to   space 21824K,   0% used [0x00000000e5560000, 0x00000000e5560000, 0x00000000e6ab0000)
 concurrent mark-sweep generation total 393216K, used 30415K [0x00000000e8000000, 0x0000000100000000, 0x0000000100000000)
 Metaspace       used 44096K, capacity 45535K, committed 45668K, reserved 1089536K
  class space    used 5369K, capacity 5675K, committed 5732K, reserved 1048576K
}
2018-12-19T15:48:31.875+0300: 186124.939: Total time for which application threads were stopped: 0.0039112 seconds, Stopping threads took: 0.0000858 seconds
2018-12-19T16:19:00.821+0300: 187953.885: Total time for which application threads were stopped: 0.0004190 seconds, Stopping threads took: 0.0001105 seconds
{Heap before GC invocations=29 (full 2):
 par new generation   total 109248K, used 88107K [0x00000000e0000000, 0x00000000e8000000, 0x00000000e8000000)
  eden space 87424K, 100% used [0x00000000e0000000, 0x00000000e5560000, 0x00000000e5560000)
  from space 21824K,   3% used [0x00000000e6ab0000, 0x00000000e6b5acb0, 0x00000000e8000000)
  to   space 21824K,   0% used [0x00000000e5560000, 0x00000000e5560000, 0x00000000e6ab0000)
 concurrent mark-sweep generation total 393216K, used 30415K [0x00000000e8000000, 0x0000000100000000, 0x0000000100000000)
 Metaspace       used 44096K, capacity 45535K, committed 45668K, reserved 1089536K
  class space    used 5369K, capacity 5675K, committed 5732K, reserved 1048576K
2018-12-19T22:56:39.212+0300: 211848.345: [GC (Allocation Failure) 2018-12-19T22:56:39.212+0300: 211848.345: [ParNew
Desired survivor size 20112992 bytes, new threshold 8 (max 8)
- age   1:      18624 bytes,      18624 total
- age   2:       1560 bytes,      20184 total
- age   3:      36048 bytes,      56232 total
- age   4:     286392 bytes,     342624 total
- age   5:       6824 bytes,     349448 total
- age   6:         80 bytes,     349528 total
- age   8:     184224 bytes,     533752 total
: 88107K->602K(109248K), 0.0655167 secs] 118523K->31018K(502464K), 0.0656981 secs] [Times: user=0.05 sys=0.00, real=0.07 secs] 
Heap after GC invocations=30 (full 2):
 par new generation   total 109248K, used 602K [0x00000000e0000000, 0x00000000e8000000, 0x00000000e8000000)
  eden space 87424K,   0% used [0x00000000e0000000, 0x00000000e0000000, 0x00000000e5560000)
  from space 21824K,   2% used [0x00000000e5560000, 0x00000000e55f68e0, 0x00000000e6ab0000)
  to   space 21824K,   0% used [0x00000000e6ab0000, 0x00000000e6ab0000, 0x00000000e8000000)
 concurrent mark-sweep generation total 393216K, used 30415K [0x00000000e8000000, 0x0000000100000000, 0x0000000100000000)
 Metaspace       used 44096K, capacity 45535K, committed 45668K, reserved 1089536K
  class space    used 5369K, capacity 5675K, committed 5732K, reserved 1048576K
}
2018-12-19T22:56:39.278+0300: 211848.411: Total time for which application threads were stopped: 0.0662438 seconds, Stopping threads took: 0.0000546 seconds
2018-12-20T00:25:44.112+0300: 217193.243: Total time for which application threads were stopped: 0.0001865 seconds, Stopping threads took: 0.0000602 seconds
{Heap before GC invocations=30 (full 2):
 par new generation   total 109248K, used 88026K [0x00000000e0000000, 0x00000000e8000000, 0x00000000e8000000)
  eden space 87424K, 100% used [0x00000000e0000000, 0x00000000e5560000, 0x00000000e5560000)
  from space 21824K,   2% used [0x00000000e5560000, 0x00000000e55f68e0, 0x00000000e6ab0000)
  to   space 21824K,   0% used [0x00000000e6ab0000, 0x00000000e6ab0000, 0x00000000e8000000)
 concurrent mark-sweep generation total 393216K, used 30415K [0x00000000e8000000, 0x0000000100000000, 0x0000000100000000)
 Metaspace       used 44096K, capacity 45535K, committed 45668K, reserved 1089536K
  class space    used 5369K, capacity 5675K, committed 5732K, reserved 1048576K
2018-12-20T00:44:44.488+0300: 218333.620: [GC (Allocation Failure) 2018-12-20T00:44:44.488+0300: 218333.620: [ParNew
Desired survivor size 20112992 bytes, new threshold 8 (max 8)
- age   1:      23192 bytes,      23192 total
- age   2:       1800 bytes,      24992 total
- age   3:       1560 bytes,      26552 total
- age   4:      36048 bytes,      62600 total
- age   5:     286392 bytes,     348992 total
- age   6:       6824 bytes,     355816 total
- age   7:         80 bytes,     355896 total
: 88026K->422K(109248K), 0.0049805 secs] 118442K->31019K(502464K), 0.0050995 secs] [Times: user=0.03 sys=0.02, real=0.01 secs] 
Heap after GC invocations=31 (full 2):
 par new generation   total 109248K, used 422K [0x00000000e0000000, 0x00000000e8000000, 0x00000000e8000000)
  eden space 87424K,   0% used [0x00000000e0000000, 0x00000000e0000000, 0x00000000e5560000)
  from space 21824K,   1% used [0x00000000e6ab0000, 0x00000000e6b19a48, 0x00000000e8000000)
  to   space 21824K,   0% used [0x00000000e5560000, 0x00000000e5560000, 0x00000000e6ab0000)
 concurrent mark-sweep generation total 393216K, used 30596K [0x00000000e8000000, 0x0000000100000000, 0x0000000100000000)
 Metaspace       used 44096K, capacity 45535K, committed 45668K, reserved 1089536K
  class space    used 5369K, capacity 5675K, committed 5732K, reserved 1048576K
}
2018-12-20T00:44:44.493+0300: 218333.625: Total time for which application threads were stopped: 0.0054289 seconds, Stopping threads took: 0.0000657 seconds
2018-12-20T00:57:49.173+0300: 219118.305: Total time for which application threads were stopped: 0.0001826 seconds, Stopping threads took: 0.0000444 seconds
2018-12-20T00:57:50.173+0300: 219119.305: Total time for which application threads were stopped: 0.0001246 seconds, Stopping threads took: 0.0000350 seconds
2018-12-20T01:24:48.963+0300: 220738.095: Total time for which application threads were stopped: 0.0001523 seconds, Stopping threads took: 0.0000499 seconds
2018-12-20T01:25:48.990+0300: 220798.122: Total time for which application threads were stopped: 0.0004386 seconds, Stopping threads took: 0.0001233 seconds
2018-12-20T10:32:37.835+0300: 253638.834: Total time for which application threads were stopped: 0.0002142 seconds, Stopping threads took: 0.0000670 seconds
{Heap before GC invocations=31 (full 2):
 par new generation   total 109248K, used 87846K [0x00000000e0000000, 0x00000000e8000000, 0x00000000e8000000)
  eden space 87424K, 100% used [0x00000000e0000000, 0x00000000e5560000, 0x00000000e5560000)
  from space 21824K,   1% used [0x00000000e6ab0000, 0x00000000e6b19a48, 0x00000000e8000000)
  to   space 21824K,   0% used [0x00000000e5560000, 0x00000000e5560000, 0x00000000e6ab0000)
 concurrent mark-sweep generation total 393216K, used 30596K [0x00000000e8000000, 0x0000000100000000, 0x0000000100000000)
 Metaspace       used 44108K, capacity 45537K, committed 45668K, reserved 1089536K
  class space    used 5369K, capacity 5676K, committed 5732K, reserved 1048576K
2018-12-20T10:52:39.221+0300: 254840.223: [GC (Allocation Failure) 2018-12-20T10:52:39.221+0300: 254840.223: [ParNew
Desired survivor size 20112992 bytes, new threshold 8 (max 8)
- age   1:      58880 bytes,      58880 total
- age   2:         64 bytes,      58944 total
- age   3:       1800 bytes,      60744 total
- age   4:       1560 bytes,      62304 total
- age   5:        760 bytes,      63064 total
- age   6:     285648 bytes,     348712 total
- age   7:       6824 bytes,     355536 total
- age   8:         80 bytes,     355616 total
: 87846K->372K(109248K), 0.0617459 secs] 118443K->30969K(502464K), 0.0619323 secs] [Times: user=0.03 sys=0.00, real=0.07 secs] 
Heap after GC invocations=32 (full 2):
 par new generation   total 109248K, used 372K [0x00000000e0000000, 0x00000000e8000000, 0x00000000e8000000)
  eden space 87424K,   0% used [0x00000000e0000000, 0x00000000e0000000, 0x00000000e5560000)
  from space 21824K,   1% used [0x00000000e5560000, 0x00000000e55bd340, 0x00000000e6ab0000)
  to   space 21824K,   0% used [0x00000000e6ab0000, 0x00000000e6ab0000, 0x00000000e8000000)
 concurrent mark-sweep generation total 393216K, used 30596K [0x00000000e8000000, 0x0000000100000000, 0x0000000100000000)
 Metaspace       used 44108K, capacity 45537K, committed 45668K, reserved 1089536K
  class space    used 5369K, capacity 5676K, committed 5732K, reserved 1048576K
}
2018-12-20T10:52:39.286+0300: 254840.285: Total time for which application threads were stopped: 0.0624686 seconds, Stopping threads took: 0.0000683 seconds
{Heap before GC invocations=32 (full 2):
 par new generation   total 109248K, used 87796K [0x00000000e0000000, 0x00000000e8000000, 0x00000000e8000000)
  eden space 87424K, 100% used [0x00000000e0000000, 0x00000000e5560000, 0x00000000e5560000)
  from space 21824K,   1% used [0x00000000e5560000, 0x00000000e55bd340, 0x00000000e6ab0000)
  to   space 21824K,   0% used [0x00000000e6ab0000, 0x00000000e6ab0000, 0x00000000e8000000)
 concurrent mark-sweep generation total 393216K, used 30596K [0x00000000e8000000, 0x0000000100000000, 0x0000000100000000)
 Metaspace       used 44108K, capacity 45537K, committed 45668K, reserved 1089536K
  class space    used 5369K, capacity 5676K, committed 5732K, reserved 1048576K
2018-12-20T12:40:48.323+0300: 261329.325: [GC (Allocation Failure) 2018-12-20T12:40:48.323+0300: 261329.325: [ParNew
Desired survivor size 20112992 bytes, new threshold 8 (max 8)
- age   1:      24152 bytes,      24152 total
- age   2:      39440 bytes,      63592 total
- age   3:         64 bytes,      63656 total
- age   4:       1800 bytes,      65456 total
- age   5:       1560 bytes,      67016 total
- age   6:        760 bytes,      67776 total
- age   7:     285648 bytes,     353424 total
- age   8:       6824 bytes,     360248 total
: 87796K->492K(109248K), 0.0111983 secs] 118393K->31089K(502464K), 0.0113997 secs] [Times: user=0.01 sys=0.00, real=0.01 secs] 
Heap after GC invocations=33 (full 2):
 par new generation   total 109248K, used 492K [0x00000000e0000000, 0x00000000e8000000, 0x00000000e8000000)
  eden space 87424K,   0% used [0x00000000e0000000, 0x00000000e0000000, 0x00000000e5560000)
  from space 21824K,   2% used [0x00000000e6ab0000, 0x00000000e6b2b1e0, 0x00000000e8000000)
  to   space 21824K,   0% used [0x00000000e5560000, 0x00000000e5560000, 0x00000000e6ab0000)
 concurrent mark-sweep generation total 393216K, used 30596K [0x00000000e8000000, 0x0000000100000000, 0x0000000100000000)
 Metaspace       used 44108K, capacity 45537K, committed 45668K, reserved 1089536K
  class space    used 5369K, capacity 5676K, committed 5732K, reserved 1048576K
}
2018-12-20T12:40:48.335+0300: 261329.337: Total time for which application threads were stopped: 0.0120695 seconds, Stopping threads took: 0.0001079 seconds
{Heap before GC invocations=33 (full 2):
 par new generation   total 109248K, used 87916K [0x00000000e0000000, 0x00000000e8000000, 0x00000000e8000000)
  eden space 87424K, 100% used [0x00000000e0000000, 0x00000000e5560000, 0x00000000e5560000)
  from space 21824K,   2% used [0x00000000e6ab0000, 0x00000000e6b2b1e0, 0x00000000e8000000)
  to   space 21824K,   0% used [0x00000000e5560000, 0x00000000e5560000, 0x00000000e6ab0000)
 concurrent mark-sweep generation total 393216K, used 30596K [0x00000000e8000000, 0x0000000100000000, 0x0000000100000000)
 Metaspace       used 44108K, capacity 45537K, committed 45668K, reserved 1089536K
  class space    used 5369K, capacity 5676K, committed 5732K, reserved 1048576K
2018-12-20T14:28:55.702+0300: 267816.701: [GC (Allocation Failure) 2018-12-20T14:28:55.702+0300: 267816.701: [ParNew
Desired survivor size 20112992 bytes, new threshold 8 (max 8)
- age   1:      26488 bytes,      26488 total
- age   2:        800 bytes,      27288 total
- age   3:      39440 bytes,      66728 total
- age   4:         64 bytes,      66792 total
- age   5:       1800 bytes,      68592 total
- age   6:       1560 bytes,      70152 total
- age   7:        760 bytes,      70912 total
- age   8:     285648 bytes,     356560 total
: 87916K->407K(109248K), 0.0032708 secs] 118513K->31010K(502464K), 0.0033792 secs] [Times: user=0.00 sys=0.00, real=0.00 secs] 
Heap after GC invocations=34 (full 2):
 par new generation   total 109248K, used 407K [0x00000000e0000000, 0x00000000e8000000, 0x00000000e8000000)
  eden space 87424K,   0% used [0x00000000e0000000, 0x00000000e0000000, 0x00000000e5560000)
  from space 21824K,   1% used [0x00000000e5560000, 0x00000000e55c5ca0, 0x00000000e6ab0000)
  to   space 21824K,   0% used [0x00000000e6ab0000, 0x00000000e6ab0000, 0x00000000e8000000)
 concurrent mark-sweep generation total 393216K, used 30603K [0x00000000e8000000, 0x0000000100000000, 0x0000000100000000)
 Metaspace       used 44108K, capacity 45537K, committed 45668K, reserved 1089536K
  class space    used 5369K, capacity 5676K, committed 5732K, reserved 1048576K
}
2018-12-20T14:28:55.706+0300: 267816.705: Total time for which application threads were stopped: 0.0037278 seconds, Stopping threads took: 0.0000627 seconds
2018-12-20T15:22:59.327+0300: 271060.326: Total time for which application threads were stopped: 0.0004233 seconds, Stopping threads took: 0.0001229 seconds
{Heap before GC invocations=34 (full 2):
 par new generation   total 109248K, used 87831K [0x00000000e0000000, 0x00000000e8000000, 0x00000000e8000000)
  eden space 87424K, 100% used [0x00000000e0000000, 0x00000000e5560000, 0x00000000e5560000)
  from space 21824K,   1% used [0x00000000e5560000, 0x00000000e55c5ca0, 0x00000000e6ab0000)
  to   space 21824K,   0% used [0x00000000e6ab0000, 0x00000000e6ab0000, 0x00000000e8000000)
 concurrent mark-sweep generation total 393216K, used 30603K [0x00000000e8000000, 0x0000000100000000, 0x0000000100000000)
 Metaspace       used 44108K, capacity 45537K, committed 45668K, reserved 1089536K
  class space    used 5369K, capacity 5676K, committed 5732K, reserved 1048576K
2018-12-20T16:31:14.569+0300: 275155.573: [GC (Allocation Failure) 2018-12-20T16:31:14.569+0300: 275155.573: [ParNew
Desired survivor size 20112992 bytes, new threshold 8 (max 8)
- age   1:      16344 bytes,      16344 total
- age   3:        800 bytes,      17144 total
- age   4:      39440 bytes,      56584 total
- age   5:         64 bytes,      56648 total
- age   6:       1800 bytes,      58448 total
- age   7:       1560 bytes,      60008 total
- age   8:        760 bytes,      60768 total
: 87831K->190K(109248K), 0.0068826 secs] 118434K->31075K(502464K), 0.0070076 secs] [Times: user=0.00 sys=0.00, real=0.01 secs] 
Heap after GC invocations=35 (full 2):
 par new generation   total 109248K, used 190K [0x00000000e0000000, 0x00000000e8000000, 0x00000000e8000000)
  eden space 87424K,   0% used [0x00000000e0000000, 0x00000000e0000000, 0x00000000e5560000)
  from space 21824K,   0% used [0x00000000e6ab0000, 0x00000000e6adfa00, 0x00000000e8000000)
  to   space 21824K,   0% used [0x00000000e5560000, 0x00000000e5560000, 0x00000000e6ab0000)
 concurrent mark-sweep generation total 393216K, used 30884K [0x00000000e8000000, 0x0000000100000000, 0x0000000100000000)
 Metaspace       used 44108K, capacity 45537K, committed 45668K, reserved 1089536K
  class space    used 5369K, capacity 5676K, committed 5732K, reserved 1048576K
}
2018-12-20T16:31:14.576+0300: 275155.580: Total time for which application threads were stopped: 0.0073647 seconds, Stopping threads took: 0.0000576 seconds
{Heap before GC invocations=35 (full 2):
 par new generation   total 109248K, used 87614K [0x00000000e0000000, 0x00000000e8000000, 0x00000000e8000000)
  eden space 87424K, 100% used [0x00000000e0000000, 0x00000000e5560000, 0x00000000e5560000)
  from space 21824K,   0% used [0x00000000e6ab0000, 0x00000000e6adfa00, 0x00000000e8000000)
  to   space 21824K,   0% used [0x00000000e5560000, 0x00000000e5560000, 0x00000000e6ab0000)
 concurrent mark-sweep generation total 393216K, used 30884K [0x00000000e8000000, 0x0000000100000000, 0x0000000100000000)
 Metaspace       used 44109K, capacity 45537K, committed 45668K, reserved 1089536K
  class space    used 5369K, capacity 5676K, committed 5732K, reserved 1048576K
2018-12-21T14:56:24.496+0300: 355901.031: [GC (Allocation Failure) 2018-12-21T14:56:24.532+0300: 355901.064: [ParNew
Desired survivor size 20112992 bytes, new threshold 8 (max 8)
- age   1:      23168 bytes,      23168 total
- age   4:        800 bytes,      23968 total
- age   5:      39440 bytes,      63408 total
- age   6:         64 bytes,      63472 total
- age   7:       1800 bytes,      65272 total
- age   8:       1560 bytes,      66832 total
: 87614K->98K(109248K), 0.0605922 secs] 118499K->30983K(502464K), 0.0941354 secs] [Times: user=0.06 sys=0.00, real=0.10 secs] 
Heap after GC invocations=36 (full 2):
 par new generation   total 109248K, used 98K [0x00000000e0000000, 0x00000000e8000000, 0x00000000e8000000)
  eden space 87424K,   0% used [0x00000000e0000000, 0x00000000e0000000, 0x00000000e5560000)
  from space 21824K,   0% used [0x00000000e5560000, 0x00000000e5578948, 0x00000000e6ab0000)
  to   space 21824K,   0% used [0x00000000e6ab0000, 0x00000000e6ab0000, 0x00000000e8000000)
 concurrent mark-sweep generation total 393216K, used 30885K [0x00000000e8000000, 0x0000000100000000, 0x0000000100000000)
 Metaspace       used 44109K, capacity 45537K, committed 45668K, reserved 1089536K
  class space    used 5369K, capacity 5676K, committed 5732K, reserved 1048576K
}
2018-12-21T14:56:24.592+0300: 355901.125: Total time for which application threads were stopped: 0.0948424 seconds, Stopping threads took: 0.0001045 seconds
{Heap before GC invocations=36 (full 2):
 par new generation   total 109248K, used 87522K [0x00000000e0000000, 0x00000000e8000000, 0x00000000e8000000)
  eden space 87424K, 100% used [0x00000000e0000000, 0x00000000e5560000, 0x00000000e5560000)
  from space 21824K,   0% used [0x00000000e5560000, 0x00000000e5578948, 0x00000000e6ab0000)
  to   space 21824K,   0% used [0x00000000e6ab0000, 0x00000000e6ab0000, 0x00000000e8000000)
 concurrent mark-sweep generation total 393216K, used 30885K [0x00000000e8000000, 0x0000000100000000, 0x0000000100000000)
 Metaspace       used 44109K, capacity 45537K, committed 45668K, reserved 1089536K
  class space    used 5369K, capacity 5676K, committed 5732K, reserved 1048576K
2018-12-21T22:26:57.453+0300: 382969.875: [GC (Allocation Failure) 2018-12-21T22:26:57.453+0300: 382969.876: [ParNew
Desired survivor size 20112992 bytes, new threshold 8 (max 8)
- age   1:      16512 bytes,      16512 total
- age   2:       2536 bytes,      19048 total
- age   5:        800 bytes,      19848 total
- age   6:      39440 bytes,      59288 total
- age   7:         64 bytes,      59352 total
- age   8:       1800 bytes,      61152 total
: 87522K->61K(109248K), 0.0249267 secs] 118407K->30948K(502464K), 0.0250432 secs] [Times: user=0.03 sys=0.02, real=0.02 secs] 
Heap after GC invocations=37 (full 2):
 par new generation   total 109248K, used 61K [0x00000000e0000000, 0x00000000e8000000, 0x00000000e8000000)
  eden space 87424K,   0% used [0x00000000e0000000, 0x00000000e0000000, 0x00000000e5560000)
  from space 21824K,   0% used [0x00000000e6ab0000, 0x00000000e6abf730, 0x00000000e8000000)
  to   space 21824K,   0% used [0x00000000e5560000, 0x00000000e5560000, 0x00000000e6ab0000)
 concurrent mark-sweep generation total 393216K, used 30886K [0x00000000e8000000, 0x0000000100000000, 0x0000000100000000)
 Metaspace       used 44109K, capacity 45537K, committed 45668K, reserved 1089536K
  class space    used 5369K, capacity 5676K, committed 5732K, reserved 1048576K
}
2018-12-21T22:26:57.478+0300: 382969.901: Total time for which application threads were stopped: 0.0253380 seconds, Stopping threads took: 0.0000465 seconds
2018-12-21T23:18:00.173+0300: 386032.595: Total time for which application threads were stopped: 0.0001886 seconds, Stopping threads took: 0.0000525 seconds
2018-12-21T23:26:13.417+0300: 386525.840: Total time for which application threads were stopped: 0.0002684 seconds, Stopping threads took: 0.0000683 seconds
2018-12-21T23:29:00.502+0300: 386692.925: Total time for which application threads were stopped: 0.0001894 seconds, Stopping threads took: 0.0000448 seconds
2018-12-21T23:30:30.552+0300: 386782.975: Total time for which application threads were stopped: 0.0005773 seconds, Stopping threads took: 0.0002095 seconds
2018-12-21T23:33:30.645+0300: 386963.067: Total time for which application threads were stopped: 0.0003546 seconds, Stopping threads took: 0.0000926 seconds
2018-12-21T23:34:01.661+0300: 386994.084: Total time for which application threads were stopped: 0.0004258 seconds, Stopping threads took: 0.0000969 seconds
2018-12-21T23:35:01.691+0300: 387054.113: Total time for which application threads were stopped: 0.0001933 seconds, Stopping threads took: 0.0000486 seconds
2018-12-22T00:04:30.579+0300: 388823.002: Total time for which application threads were stopped: 0.0001749 seconds, Stopping threads took: 0.0000521 seconds
{Heap before GC invocations=37 (full 2):
 par new generation   total 109248K, used 87485K [0x00000000e0000000, 0x00000000e8000000, 0x00000000e8000000)
  eden space 87424K, 100% used [0x00000000e0000000, 0x00000000e5560000, 0x00000000e5560000)
  from space 21824K,   0% used [0x00000000e6ab0000, 0x00000000e6abf730, 0x00000000e8000000)
  to   space 21824K,   0% used [0x00000000e5560000, 0x00000000e5560000, 0x00000000e6ab0000)
 concurrent mark-sweep generation total 393216K, used 30886K [0x00000000e8000000, 0x0000000100000000, 0x0000000100000000)
 Metaspace       used 44109K, capacity 45537K, committed 45668K, reserved 1089536K
  class space    used 5369K, capacity 5676K, committed 5732K, reserved 1048576K
2018-12-22T00:15:02.643+0300: 389455.066: [GC (Allocation Failure) 2018-12-22T00:15:02.643+0300: 389455.066: [ParNew
Desired survivor size 20112992 bytes, new threshold 8 (max 8)
- age   1:      27136 bytes,      27136 total
- age   3:       2536 bytes,      29672 total
- age   6:        800 bytes,      30472 total
- age   7:      39440 bytes,      69912 total
- age   8:         64 bytes,      69976 total
: 87485K->102K(109248K), 0.0065719 secs] 118372K->30990K(502464K), 0.0067089 secs] [Times: user=0.06 sys=0.00, real=0.01 secs] 
Heap after GC invocations=38 (full 2):
 par new generation   total 109248K, used 102K [0x00000000e0000000, 0x00000000e8000000, 0x00000000e8000000)
  eden space 87424K,   0% used [0x00000000e0000000, 0x00000000e0000000, 0x00000000e5560000)
  from space 21824K,   0% used [0x00000000e5560000, 0x00000000e55799b0, 0x00000000e6ab0000)
  to   space 21824K,   0% used [0x00000000e6ab0000, 0x00000000e6ab0000, 0x00000000e8000000)
 concurrent mark-sweep generation total 393216K, used 30888K [0x00000000e8000000, 0x0000000100000000, 0x0000000100000000)
 Metaspace       used 44109K, capacity 45537K, committed 45668K, reserved 1089536K
  class space    used 5369K, capacity 5676K, committed 5732K, reserved 1048576K
}
2018-12-22T00:15:02.650+0300: 389455.073: Total time for which application threads were stopped: 0.0071360 seconds, Stopping threads took: 0.0000994 seconds
{Heap before GC invocations=38 (full 2):
 par new generation   total 109248K, used 87526K [0x00000000e0000000, 0x00000000e8000000, 0x00000000e8000000)
  eden space 87424K, 100% used [0x00000000e0000000, 0x00000000e5560000, 0x00000000e5560000)
  from space 21824K,   0% used [0x00000000e5560000, 0x00000000e55799b0, 0x00000000e6ab0000)
  to   space 21824K,   0% used [0x00000000e6ab0000, 0x00000000e6ab0000, 0x00000000e8000000)
 concurrent mark-sweep generation total 393216K, used 30888K [0x00000000e8000000, 0x0000000100000000, 0x0000000100000000)
 Metaspace       used 44109K, capacity 45537K, committed 45668K, reserved 1089536K
  class space    used 5369K, capacity 5676K, committed 5732K, reserved 1048576K
2018-12-22T02:03:07.777+0300: 395940.199: [GC (Allocation Failure) 2018-12-22T02:03:07.777+0300: 395940.199: [ParNew
Desired survivor size 20112992 bytes, new threshold 8 (max 8)
- age   1:      26480 bytes,      26480 total
- age   2:        640 bytes,      27120 total
- age   4:       2536 bytes,      29656 total
- age   7:        800 bytes,      30456 total
- age   8:      39440 bytes,      69896 total
: 87526K->90K(109248K), 0.0060151 secs] 118414K->30979K(502464K), 0.0061141 secs] [Times: user=0.00 sys=0.00, real=0.01 secs] 
Heap after GC invocations=39 (full 2):
 par new generation   total 109248K, used 90K [0x00000000e0000000, 0x00000000e8000000, 0x00000000e8000000)
  eden space 87424K,   0% used [0x00000000e0000000, 0x00000000e0000000, 0x00000000e5560000)
  from space 21824K,   0% used [0x00000000e6ab0000, 0x00000000e6ac6990, 0x00000000e8000000)
  to   space 21824K,   0% used [0x00000000e5560000, 0x00000000e5560000, 0x00000000e6ab0000)
 concurrent mark-sweep generation total 393216K, used 30888K [0x00000000e8000000, 0x0000000100000000, 0x0000000100000000)
 Metaspace       used 44109K, capacity 45537K, committed 45668K, reserved 1089536K
  class space    used 5369K, capacity 5676K, committed 5732K, reserved 1048576K
}
2018-12-22T02:03:07.783+0300: 395940.205: Total time for which application threads were stopped: 0.0063851 seconds, Stopping threads took: 0.0000431 seconds
2018-12-22T02:33:12.814+0300: 397745.236: Total time for which application threads were stopped: 0.0001950 seconds, Stopping threads took: 0.0000602 seconds
{Heap before GC invocations=39 (full 2):
 par new generation   total 109248K, used 87514K [0x00000000e0000000, 0x00000000e8000000, 0x00000000e8000000)
  eden space 87424K, 100% used [0x00000000e0000000, 0x00000000e5560000, 0x00000000e5560000)
  from space 21824K,   0% used [0x00000000e6ab0000, 0x00000000e6ac6990, 0x00000000e8000000)
  to   space 21824K,   0% used [0x00000000e5560000, 0x00000000e5560000, 0x00000000e6ab0000)
 concurrent mark-sweep generation total 393216K, used 30888K [0x00000000e8000000, 0x0000000100000000, 0x0000000100000000)
 Metaspace       used 44110K, capacity 45537K, committed 45668K, reserved 1089536K
  class space    used 5369K, capacity 5676K, committed 5732K, reserved 1048576K
2018-12-22T14:43:16.010+0300: 441586.738: [GC (Allocation Failure) 2018-12-22T14:43:16.010+0300: 441586.738: [ParNew
Desired survivor size 20112992 bytes, new threshold 8 (max 8)
- age   1:       1816 bytes,       1816 total
- age   3:        640 bytes,       2456 total
- age   5:       2536 bytes,       4992 total
- age   8:        800 bytes,       5792 total
: 87514K->27K(109248K), 0.0461674 secs] 118403K->30955K(502464K), 0.0464081 secs] [Times: user=0.03 sys=0.00, real=0.05 secs] 
Heap after GC invocations=40 (full 2):
 par new generation   total 109248K, used 27K [0x00000000e0000000, 0x00000000e8000000, 0x00000000e8000000)
  eden space 87424K,   0% used [0x00000000e0000000, 0x00000000e0000000, 0x00000000e5560000)
  from space 21824K,   0% used [0x00000000e5560000, 0x00000000e5566d00, 0x00000000e6ab0000)
  to   space 21824K,   0% used [0x00000000e6ab0000, 0x00000000e6ab0000, 0x00000000e8000000)
 concurrent mark-sweep generation total 393216K, used 30927K [0x00000000e8000000, 0x0000000100000000, 0x0000000100000000)
 Metaspace       used 44110K, capacity 45537K, committed 45668K, reserved 1089536K
  class space    used 5369K, capacity 5676K, committed 5732K, reserved 1048576K
}
2018-12-22T14:43:16.057+0300: 441586.785: Total time for which application threads were stopped: 0.0470135 seconds, Stopping threads took: 0.0000657 seconds
2018-12-22T15:50:10.081+0300: 445600.809: Total time for which application threads were stopped: 0.0001933 seconds, Stopping threads took: 0.0000452 seconds
{Heap before GC invocations=40 (full 2):
 par new generation   total 109248K, used 87451K [0x00000000e0000000, 0x00000000e8000000, 0x00000000e8000000)
  eden space 87424K, 100% used [0x00000000e0000000, 0x00000000e5560000, 0x00000000e5560000)
  from space 21824K,   0% used [0x00000000e5560000, 0x00000000e5566d00, 0x00000000e6ab0000)
  to   space 21824K,   0% used [0x00000000e6ab0000, 0x00000000e6ab0000, 0x00000000e8000000)
 concurrent mark-sweep generation total 393216K, used 30927K [0x00000000e8000000, 0x0000000100000000, 0x0000000100000000)
 Metaspace       used 44116K, capacity 45537K, committed 45668K, reserved 1089536K
  class space    used 5369K, capacity 5676K, committed 5732K, reserved 1048576K
2018-12-22T16:31:16.069+0300: 448066.797: [GC (Allocation Failure) 2018-12-22T16:31:16.069+0300: 448066.797: [ParNew
Desired survivor size 20112992 bytes, new threshold 8 (max 8)
- age   1:      17024 bytes,      17024 total
- age   4:        640 bytes,      17664 total
- age   6:       2536 bytes,      20200 total
: 87451K->22K(109248K), 0.0033937 secs] 118379K->30950K(502464K), 0.0034842 secs] [Times: user=0.00 sys=0.00, real=0.00 secs] 
Heap after GC invocations=41 (full 2):
 par new generation   total 109248K, used 22K [0x00000000e0000000, 0x00000000e8000000, 0x00000000e8000000)
  eden space 87424K,   0% used [0x00000000e0000000, 0x00000000e0000000, 0x00000000e5560000)
  from space 21824K,   0% used [0x00000000e6ab0000, 0x00000000e6ab58b0, 0x00000000e8000000)
  to   space 21824K,   0% used [0x00000000e5560000, 0x00000000e5560000, 0x00000000e6ab0000)
 concurrent mark-sweep generation total 393216K, used 30928K [0x00000000e8000000, 0x0000000100000000, 0x0000000100000000)
 Metaspace       used 44116K, capacity 45537K, committed 45668K, reserved 1089536K
  class space    used 5369K, capacity 5676K, committed 5732K, reserved 1048576K
}
2018-12-22T16:31:16.072+0300: 448066.800: Total time for which application threads were stopped: 0.0037615 seconds, Stopping threads took: 0.0000435 seconds
{Heap before GC invocations=41 (full 2):
 par new generation   total 109248K, used 87446K [0x00000000e0000000, 0x00000000e8000000, 0x00000000e8000000)
  eden space 87424K, 100% used [0x00000000e0000000, 0x00000000e5560000, 0x00000000e5560000)
  from space 21824K,   0% used [0x00000000e6ab0000, 0x00000000e6ab58b0, 0x00000000e8000000)
  to   space 21824K,   0% used [0x00000000e5560000, 0x00000000e5560000, 0x00000000e6ab0000)
 concurrent mark-sweep generation total 393216K, used 30928K [0x00000000e8000000, 0x0000000100000000, 0x0000000100000000)
 Metaspace       used 44116K, capacity 45537K, committed 45668K, reserved 1089536K
  class space    used 5369K, capacity 5676K, committed 5732K, reserved 1048576K
2018-12-23T00:44:24.483+0300: 477694.124: [GC (Allocation Failure) 2018-12-23T00:44:24.515+0300: 477694.157: [ParNew
Desired survivor size 20112992 bytes, new threshold 8 (max 8)
- age   1:      26656 bytes,      26656 total
- age   2:        184 bytes,      26840 total
- age   5:        640 bytes,      27480 total
- age   7:       2536 bytes,      30016 total
: 87446K->41K(109248K), 0.0997896 secs] 118374K->30970K(502464K), 0.1322418 secs] [Times: user=0.00 sys=0.00, real=0.13 secs] 
Heap after GC invocations=42 (full 2):
 par new generation   total 109248K, used 41K [0x00000000e0000000, 0x00000000e8000000, 0x00000000e8000000)
  eden space 87424K,   0% used [0x00000000e0000000, 0x00000000e0000000, 0x00000000e5560000)
  from space 21824K,   0% used [0x00000000e5560000, 0x00000000e556a690, 0x00000000e6ab0000)
  to   space 21824K,   0% used [0x00000000e6ab0000, 0x00000000e6ab0000, 0x00000000e8000000)
 concurrent mark-sweep generation total 393216K, used 30928K [0x00000000e8000000, 0x0000000100000000, 0x0000000100000000)
 Metaspace       used 44116K, capacity 45537K, committed 45668K, reserved 1089536K
  class space    used 5369K, capacity 5676K, committed 5732K, reserved 1048576K
}
2018-12-23T00:44:24.616+0300: 477694.257: Total time for which application threads were stopped: 0.1737607 seconds, Stopping threads took: 0.0000508 seconds
2018-12-23T10:44:32.764+0300: 513742.793: Total time for which application threads were stopped: 0.0001835 seconds, Stopping threads took: 0.0000495 seconds
2018-12-23T10:44:33.765+0300: 513743.794: Total time for which application threads were stopped: 0.0002150 seconds, Stopping threads took: 0.0000567 seconds
2018-12-23T10:44:37.767+0300: 513747.796: Total time for which application threads were stopped: 0.0001301 seconds, Stopping threads took: 0.0000375 seconds
2018-12-23T10:44:38.589+0300: 513748.618: Total time for which application threads were stopped: 0.0492202 seconds, Stopping threads took: 0.0399394 seconds
2018-12-23T10:44:38.605+0300: 513748.634: Total time for which application threads were stopped: 0.0159876 seconds, Stopping threads took: 0.0001216 seconds
2018-12-23T10:44:38.615+0300: 513748.643: Total time for which application threads were stopped: 0.0092838 seconds, Stopping threads took: 0.0091541 seconds
2018-12-23T10:44:38.615+0300: 513748.644: Total time for which application threads were stopped: 0.0001562 seconds, Stopping threads took: 0.0000495 seconds
2018-12-23T10:44:38.615+0300: 513748.644: Total time for which application threads were stopped: 0.0001600 seconds, Stopping threads took: 0.0000427 seconds
2018-12-23T10:44:38.616+0300: 513748.645: Total time for which application threads were stopped: 0.0001365 seconds, Stopping threads took: 0.0000265 seconds
2018-12-23T10:44:38.634+0300: 513748.662: Total time for which application threads were stopped: 0.0171503 seconds, Stopping threads took: 0.0170308 seconds
2018-12-23T10:44:38.634+0300: 513748.662: Total time for which application threads were stopped: 0.0001178 seconds, Stopping threads took: 0.0000337 seconds
2018-12-23T10:44:38.634+0300: 513748.662: Total time for which application threads were stopped: 0.0001340 seconds, Stopping threads took: 0.0000324 seconds
2018-12-23T10:44:38.634+0300: 513748.663: Total time for which application threads were stopped: 0.0000862 seconds, Stopping threads took: 0.0000294 seconds
2018-12-23T10:44:38.634+0300: 513748.663: Total time for which application threads were stopped: 0.0000798 seconds, Stopping threads took: 0.0000149 seconds
2018-12-23T10:44:38.634+0300: 513748.663: Total time for which application threads were stopped: 0.0000764 seconds, Stopping threads took: 0.0000239 seconds
2018-12-23T10:44:38.635+0300: 513748.663: Total time for which application threads were stopped: 0.0000759 seconds, Stopping threads took: 0.0000145 seconds
2018-12-23T10:44:42.462+0300: 513752.491: Total time for which application threads were stopped: 0.0829030 seconds, Stopping threads took: 0.0134780 seconds
2018-12-23T10:44:45.477+0300: 513755.506: Total time for which application threads were stopped: 0.0134571 seconds, Stopping threads took: 0.0132313 seconds
2018-12-23T10:44:45.520+0300: 513755.548: Total time for which application threads were stopped: 0.0002035 seconds, Stopping threads took: 0.0000512 seconds
2018-12-23T10:46:29.837+0300: 513859.865: Total time for which application threads were stopped: 0.0006844 seconds, Stopping threads took: 0.0001600 seconds
2018-12-23T11:12:16.390+0300: 515406.418: Total time for which application threads were stopped: 0.0341636 seconds, Stopping threads took: 0.0000593 seconds
{Heap before GC invocations=42 (full 2):
 par new generation   total 109248K, used 87465K [0x00000000e0000000, 0x00000000e8000000, 0x00000000e8000000)
  eden space 87424K, 100% used [0x00000000e0000000, 0x00000000e5560000, 0x00000000e5560000)
  from space 21824K,   0% used [0x00000000e5560000, 0x00000000e556a690, 0x00000000e6ab0000)
  to   space 21824K,   0% used [0x00000000e6ab0000, 0x00000000e6ab0000, 0x00000000e8000000)
 concurrent mark-sweep generation total 393216K, used 30928K [0x00000000e8000000, 0x0000000100000000, 0x0000000100000000)
 Metaspace       used 44261K, capacity 45665K, committed 45924K, reserved 1089536K
  class space    used 5381K, capacity 5676K, committed 5732K, reserved 1048576K
2018-12-23T11:12:16.396+0300: 515406.425: [GC (Allocation Failure) 2018-12-23T11:12:16.396+0300: 515406.425: [ParNew
Desired survivor size 20112992 bytes, new threshold 8 (max 8)
- age   1:     658984 bytes,     658984 total
- age   3:        184 bytes,     659168 total
- age   6:        640 bytes,     659808 total
- age   8:       2536 bytes,     662344 total
: 87465K->649K(109248K), 0.0643844 secs] 118394K->31578K(502464K), 0.0644876 secs] [Times: user=0.02 sys=0.02, real=0.06 secs] 
Heap after GC invocations=43 (full 2):
 par new generation   total 109248K, used 649K [0x00000000e0000000, 0x00000000e8000000, 0x00000000e8000000)
  eden space 87424K,   0% used [0x00000000e0000000, 0x00000000e0000000, 0x00000000e5560000)
  from space 21824K,   2% used [0x00000000e6ab0000, 0x00000000e6b527a0, 0x00000000e8000000)
  to   space 21824K,   0% used [0x00000000e5560000, 0x00000000e5560000, 0x00000000e6ab0000)
 concurrent mark-sweep generation total 393216K, used 30928K [0x00000000e8000000, 0x0000000100000000, 0x0000000100000000)
 Metaspace       used 44261K, capacity 45665K, committed 45924K, reserved 1089536K
  class space    used 5381K, capacity 5676K, committed 5732K, reserved 1048576K
}
2018-12-23T11:12:16.460+0300: 515406.489: Total time for which application threads were stopped: 0.0647935 seconds, Stopping threads took: 0.0000435 seconds
2018-12-23T11:12:17.173+0300: 515407.202: Total time for which application threads were stopped: 0.0037440 seconds, Stopping threads took: 0.0000666 seconds
2018-12-23T11:12:17.174+0300: 515407.202: Total time for which application threads were stopped: 0.0002765 seconds, Stopping threads took: 0.0000576 seconds
2018-12-23T11:12:17.191+0300: 515407.220: Total time for which application threads were stopped: 0.0001732 seconds, Stopping threads took: 0.0000380 seconds
2018-12-23T11:12:19.194+0300: 515409.223: Total time for which application threads were stopped: 0.0002918 seconds, Stopping threads took: 0.0000691 seconds
2018-12-23T11:12:25.214+0300: 515415.242: Total time for which application threads were stopped: 0.0001276 seconds, Stopping threads took: 0.0000418 seconds
2018-12-23T11:12:42.320+0300: 515432.349: Total time for which application threads were stopped: 0.0001707 seconds, Stopping threads took: 0.0000465 seconds
2018-12-23T11:16:53.205+0300: 515683.234: Total time for which application threads were stopped: 0.0001741 seconds, Stopping threads took: 0.0000452 seconds
2018-12-23T11:18:42.632+0300: 515792.661: Total time for which application threads were stopped: 0.0001485 seconds, Stopping threads took: 0.0000350 seconds
2018-12-23T11:18:42.688+0300: 515792.717: Total time for which application threads were stopped: 0.0001685 seconds, Stopping threads took: 0.0000448 seconds
2018-12-23T11:19:18.756+0300: 515828.785: Total time for which application threads were stopped: 0.0002671 seconds, Stopping threads took: 0.0000277 seconds
2018-12-23T11:19:19.756+0300: 515829.785: Total time for which application threads were stopped: 0.0000930 seconds, Stopping threads took: 0.0000273 seconds
2018-12-23T11:20:32.843+0300: 515902.872: Total time for which application threads were stopped: 0.0003460 seconds, Stopping threads took: 0.0001015 seconds
2018-12-23T11:20:40.846+0300: 515910.875: Total time for which application threads were stopped: 0.0001156 seconds, Stopping threads took: 0.0000307 seconds
2018-12-23T11:20:44.104+0300: 515914.133: Total time for which application threads were stopped: 0.0004134 seconds, Stopping threads took: 0.0000905 seconds
2018-12-23T11:20:44.105+0300: 515914.134: Total time for which application threads were stopped: 0.0003328 seconds, Stopping threads took: 0.0001003 seconds
2018-12-23T11:20:44.105+0300: 515914.134: Total time for which application threads were stopped: 0.0002914 seconds, Stopping threads took: 0.0000887 seconds
2018-12-23T11:20:44.106+0300: 515914.135: Total time for which application threads were stopped: 0.0002692 seconds, Stopping threads took: 0.0000781 seconds
2018-12-23T11:20:44.106+0300: 515914.135: Total time for which application threads were stopped: 0.0002423 seconds, Stopping threads took: 0.0000683 seconds
2018-12-23T11:20:44.108+0300: 515914.137: Total time for which application threads were stopped: 0.0003422 seconds, Stopping threads took: 0.0000977 seconds
2018-12-23T11:20:44.109+0300: 515914.138: Total time for which application threads were stopped: 0.0007774 seconds, Stopping threads took: 0.0001071 seconds
2018-12-23T11:20:50.136+0300: 515920.165: Total time for which application threads were stopped: 0.0004919 seconds, Stopping threads took: 0.0000785 seconds
2018-12-23T11:21:10.024+0300: 515940.052: Total time for which application threads were stopped: 0.0002816 seconds, Stopping threads took: 0.0000687 seconds
2018-12-23T11:21:10.024+0300: 515940.052: Total time for which application threads were stopped: 0.0002189 seconds, Stopping threads took: 0.0000529 seconds
2018-12-23T11:21:10.024+0300: 515940.053: Total time for which application threads were stopped: 0.0001980 seconds, Stopping threads took: 0.0000482 seconds
2018-12-23T11:21:10.025+0300: 515940.053: Total time for which application threads were stopped: 0.0003708 seconds, Stopping threads took: 0.0002223 seconds
2018-12-23T11:21:10.025+0300: 515940.054: Total time for which application threads were stopped: 0.0001903 seconds, Stopping threads took: 0.0000529 seconds
2018-12-23T11:21:10.025+0300: 515940.054: Total time for which application threads were stopped: 0.0001472 seconds, Stopping threads took: 0.0000256 seconds
2018-12-23T11:21:10.037+0300: 515940.066: Total time for which application threads were stopped: 0.0118976 seconds, Stopping threads took: 0.0000482 seconds
2018-12-23T11:21:11.043+0300: 515941.072: Total time for which application threads were stopped: 0.0003132 seconds, Stopping threads took: 0.0000930 seconds
2018-12-23T11:21:20.076+0300: 515950.105: Total time for which application threads were stopped: 0.0003533 seconds, Stopping threads took: 0.0001156 seconds
2018-12-23T11:21:21.076+0300: 515951.104: Total time for which application threads were stopped: 0.0001143 seconds, Stopping threads took: 0.0000337 seconds
2018-12-23T11:21:38.154+0300: 515968.183: Total time for which application threads were stopped: 0.0003110 seconds, Stopping threads took: 0.0000742 seconds
2018-12-23T11:21:40.163+0300: 515970.191: Total time for which application threads were stopped: 0.0002842 seconds, Stopping threads took: 0.0000811 seconds
2018-12-23T11:21:43.164+0300: 515973.192: Total time for which application threads were stopped: 0.0001212 seconds, Stopping threads took: 0.0000393 seconds
2018-12-23T11:21:45.165+0300: 515975.193: Total time for which application threads were stopped: 0.0002466 seconds, Stopping threads took: 0.0000755 seconds
2018-12-23T11:22:20.921+0300: 516010.952: Total time for which application threads were stopped: 0.0001267 seconds, Stopping threads took: 0.0000375 seconds
2018-12-23T11:22:21.211+0300: 516011.249: Total time for which application threads were stopped: 0.0152354 seconds, Stopping threads took: 0.0151275 seconds
2018-12-23T11:22:21.349+0300: 516011.378: Total time for which application threads were stopped: 0.0001446 seconds, Stopping threads took: 0.0000282 seconds
2018-12-23T11:22:21.349+0300: 516011.378: Total time for which application threads were stopped: 0.0001092 seconds, Stopping threads took: 0.0000192 seconds
2018-12-23T11:22:21.773+0300: 516011.812: Total time for which application threads were stopped: 0.0001664 seconds, Stopping threads took: 0.0000371 seconds
2018-12-23T11:22:21.773+0300: 516011.812: Total time for which application threads were stopped: 0.0001254 seconds, Stopping threads took: 0.0000192 seconds
2018-12-23T11:22:21.869+0300: 516011.898: Total time for which application threads were stopped: 0.0001856 seconds, Stopping threads took: 0.0000755 seconds
2018-12-23T11:22:21.869+0300: 516011.898: Total time for which application threads were stopped: 0.0001566 seconds, Stopping threads took: 0.0000717 seconds
2018-12-23T11:22:21.869+0300: 516011.898: Total time for which application threads were stopped: 0.0001438 seconds, Stopping threads took: 0.0000772 seconds
2018-12-23T11:22:21.882+0300: 516011.915: Total time for which application threads were stopped: 0.0166332 seconds, Stopping threads took: 0.0000188 seconds
2018-12-23T11:22:38.946+0300: 516028.975: Total time for which application threads were stopped: 0.0249924 seconds, Stopping threads took: 0.0248618 seconds
2018-12-23T11:22:38.999+0300: 516029.027: Total time for which application threads were stopped: 0.0001212 seconds, Stopping threads took: 0.0000252 seconds
2018-12-23T11:22:39.020+0300: 516029.048: Total time for which application threads were stopped: 0.0001195 seconds, Stopping threads took: 0.0000243 seconds
2018-12-23T11:22:39.056+0300: 516029.084: Total time for which application threads were stopped: 0.0001263 seconds, Stopping threads took: 0.0000307 seconds
2018-12-23T11:22:39.101+0300: 516029.129: Total time for which application threads were stopped: 0.0001353 seconds, Stopping threads took: 0.0000329 seconds
2018-12-23T11:22:40.101+0300: 516030.129: Total time for which application threads were stopped: 0.0000926 seconds, Stopping threads took: 0.0000235 seconds
2018-12-23T11:22:48.121+0300: 516038.150: Total time for which application threads were stopped: 0.0001711 seconds, Stopping threads took: 0.0000691 seconds
2018-12-23T11:22:49.356+0300: 516039.384: Total time for which application threads were stopped: 0.0001246 seconds, Stopping threads took: 0.0000260 seconds
2018-12-23T11:22:49.356+0300: 516039.384: Total time for which application threads were stopped: 0.0001105 seconds, Stopping threads took: 0.0000183 seconds
2018-12-23T11:23:16.386+0300: 516066.414: Total time for which application threads were stopped: 0.0002283 seconds, Stopping threads took: 0.0000585 seconds
2018-12-23T11:23:41.402+0300: 516091.431: Total time for which application threads were stopped: 0.0001395 seconds, Stopping threads took: 0.0000469 seconds
{Heap before GC invocations=43 (full 2):
 par new generation   total 109248K, used 88073K [0x00000000e0000000, 0x00000000e8000000, 0x00000000e8000000)
  eden space 87424K, 100% used [0x00000000e0000000, 0x00000000e5560000, 0x00000000e5560000)
  from space 21824K,   2% used [0x00000000e6ab0000, 0x00000000e6b527a0, 0x00000000e8000000)
  to   space 21824K,   0% used [0x00000000e5560000, 0x00000000e5560000, 0x00000000e6ab0000)
 concurrent mark-sweep generation total 393216K, used 30928K [0x00000000e8000000, 0x0000000100000000, 0x0000000100000000)
 Metaspace       used 44632K, capacity 46113K, committed 46180K, reserved 1089536K
  class space    used 5406K, capacity 5692K, committed 5732K, reserved 1048576K
2018-12-23T12:14:45.426+0300: 519155.462: [GC (Allocation Failure) 2018-12-23T12:14:45.426+0300: 519155.462: [ParNew
Desired survivor size 20112992 bytes, new threshold 8 (max 8)
- age   1:     934168 bytes,     934168 total
- age   2:      88736 bytes,    1022904 total
- age   4:        184 bytes,    1023088 total
- age   7:        640 bytes,    1023728 total
: 88073K->1075K(109248K), 0.0943099 secs] 119002K->32006K(502464K), 0.0944703 secs] [Times: user=0.14 sys=0.00, real=0.10 secs] 
Heap after GC invocations=44 (full 2):
 par new generation   total 109248K, used 1075K [0x00000000e0000000, 0x00000000e8000000, 0x00000000e8000000)
  eden space 87424K,   0% used [0x00000000e0000000, 0x00000000e0000000, 0x00000000e5560000)
  from space 21824K,   4% used [0x00000000e5560000, 0x00000000e566cc48, 0x00000000e6ab0000)
  to   space 21824K,   0% used [0x00000000e6ab0000, 0x00000000e6ab0000, 0x00000000e8000000)
 concurrent mark-sweep generation total 393216K, used 30931K [0x00000000e8000000, 0x0000000100000000, 0x0000000100000000)
 Metaspace       used 44632K, capacity 46113K, committed 46180K, reserved 1089536K
  class space    used 5406K, capacity 5692K, committed 5732K, reserved 1048576K
}
2018-12-23T12:14:45.527+0300: 519155.556: Total time for which application threads were stopped: 0.0947698 seconds, Stopping threads took: 0.0000478 seconds
{Heap before GC invocations=44 (full 2):
 par new generation   total 109248K, used 88499K [0x00000000e0000000, 0x00000000e8000000, 0x00000000e8000000)
  eden space 87424K, 100% used [0x00000000e0000000, 0x00000000e5560000, 0x00000000e5560000)
  from space 21824K,   4% used [0x00000000e5560000, 0x00000000e566cc48, 0x00000000e6ab0000)
  to   space 21824K,   0% used [0x00000000e6ab0000, 0x00000000e6ab0000, 0x00000000e8000000)
 concurrent mark-sweep generation total 393216K, used 30931K [0x00000000e8000000, 0x0000000100000000, 0x0000000100000000)
 Metaspace       used 44632K, capacity 46113K, committed 46180K, reserved 1089536K
  class space    used 5406K, capacity 5692K, committed 5732K, reserved 1048576K
2018-12-23T14:00:52.633+0300: 525522.667: [GC (Allocation Failure) 2018-12-23T14:00:52.633+0300: 525522.667: [ParNew
Desired survivor size 20112992 bytes, new threshold 8 (max 8)
- age   1:      17232 bytes,      17232 total
- age   2:     884904 bytes,     902136 total
- age   3:      88736 bytes,     990872 total
- age   5:        184 bytes,     991056 total
- age   8:        640 bytes,     991696 total
: 88499K->1147K(109248K), 0.0435332 secs] 119430K->32078K(502464K), 0.0436740 secs] [Times: user=0.02 sys=0.00, real=0.05 secs] 
Heap after GC invocations=45 (full 2):
 par new generation   total 109248K, used 1147K [0x00000000e0000000, 0x00000000e8000000, 0x00000000e8000000)
  eden space 87424K,   0% used [0x00000000e0000000, 0x00000000e0000000, 0x00000000e5560000)
  from space 21824K,   5% used [0x00000000e6ab0000, 0x00000000e6bcece8, 0x00000000e8000000)
  to   space 21824K,   0% used [0x00000000e5560000, 0x00000000e5560000, 0x00000000e6ab0000)
 concurrent mark-sweep generation total 393216K, used 30931K [0x00000000e8000000, 0x0000000100000000, 0x0000000100000000)
 Metaspace       used 44632K, capacity 46113K, committed 46180K, reserved 1089536K
  class space    used 5406K, capacity 5692K, committed 5732K, reserved 1048576K
}
2018-12-23T14:00:52.680+0300: 525522.710: Total time for which application threads were stopped: 0.0440456 seconds, Stopping threads took: 0.0000704 seconds
2018-12-23T14:35:29.637+0300: 527599.666: Total time for which application threads were stopped: 0.0003486 seconds, Stopping threads took: 0.0000602 seconds
2018-12-23T14:35:29.701+0300: 527599.730: Total time for which application threads were stopped: 0.0001651 seconds, Stopping threads took: 0.0000350 seconds
2018-12-23T14:35:29.726+0300: 527599.755: Total time for which application threads were stopped: 0.0001553 seconds, Stopping threads took: 0.0000307 seconds
2018-12-23T14:35:29.821+0300: 527599.849: Total time for which application threads were stopped: 0.0221069 seconds, Stopping threads took: 0.0125483 seconds
2018-12-23T14:35:29.821+0300: 527599.850: Total time for which application threads were stopped: 0.0006263 seconds, Stopping threads took: 0.0003524 seconds
2018-12-23T14:35:29.864+0300: 527599.899: Total time for which application threads were stopped: 0.0223449 seconds, Stopping threads took: 0.0123217 seconds
2018-12-23T14:35:29.864+0300: 527599.900: Total time for which application threads were stopped: 0.0005530 seconds, Stopping threads took: 0.0002927 seconds
2018-12-23T14:35:29.864+0300: 527599.901: Total time for which application threads were stopped: 0.0002496 seconds, Stopping threads took: 0.0000538 seconds
2018-12-23T14:35:29.864+0300: 527599.901: Total time for which application threads were stopped: 0.0002547 seconds, Stopping threads took: 0.0000606 seconds
2018-12-23T14:35:29.864+0300: 527599.902: Total time for which application threads were stopped: 0.0004745 seconds, Stopping threads took: 0.0002607 seconds
2018-12-23T14:35:29.864+0300: 527599.903: Total time for which application threads were stopped: 0.0004591 seconds, Stopping threads took: 0.0002517 seconds
2018-12-23T14:35:29.864+0300: 527599.903: Total time for which application threads were stopped: 0.0002522 seconds, Stopping threads took: 0.0000606 seconds
2018-12-23T14:35:29.864+0300: 527599.904: Total time for which application threads were stopped: 0.0002534 seconds, Stopping threads took: 0.0000597 seconds
2018-12-23T14:35:29.864+0300: 527599.906: Total time for which application threads were stopped: 0.0002522 seconds, Stopping threads took: 0.0000777 seconds
2018-12-23T14:35:29.864+0300: 527599.906: Total time for which application threads were stopped: 0.0002509 seconds, Stopping threads took: 0.0000742 seconds
2018-12-23T14:35:29.864+0300: 527599.907: Total time for which application threads were stopped: 0.0003959 seconds, Stopping threads took: 0.0002172 seconds
2018-12-23T14:35:29.864+0300: 527599.908: Total time for which application threads were stopped: 0.0004181 seconds, Stopping threads took: 0.0002325 seconds
2018-12-23T14:35:29.879+0300: 527599.908: Total time for which application threads were stopped: 0.0002901 seconds, Stopping threads took: 0.0000789 seconds
2018-12-23T14:35:29.879+0300: 527599.910: Total time for which application threads were stopped: 0.0002705 seconds, Stopping threads took: 0.0000789 seconds
2018-12-23T14:35:29.879+0300: 527599.911: Total time for which application threads were stopped: 0.0007518 seconds, Stopping threads took: 0.0002453 seconds
2018-12-23T14:35:29.879+0300: 527599.913: Total time for which application threads were stopped: 0.0003925 seconds, Stopping threads took: 0.0002274 seconds
2018-12-23T14:35:29.879+0300: 527599.915: Total time for which application threads were stopped: 0.0004433 seconds, Stopping threads took: 0.0001493 seconds
2018-12-23T14:35:29.911+0300: 527599.944: Total time for which application threads were stopped: 0.0001890 seconds, Stopping threads took: 0.0000495 seconds
2018-12-23T14:35:29.911+0300: 527599.945: Total time for which application threads were stopped: 0.0001557 seconds, Stopping threads took: 0.0000414 seconds
2018-12-23T14:35:30.915+0300: 527600.943: Total time for which application threads were stopped: 0.0003460 seconds, Stopping threads took: 0.0000909 seconds
2018-12-23T14:35:38.247+0300: 527608.275: Total time for which application threads were stopped: 0.0002027 seconds, Stopping threads took: 0.0000781 seconds
2018-12-23T14:35:50.262+0300: 527620.290: Total time for which application threads were stopped: 0.0002534 seconds, Stopping threads took: 0.0000542 seconds
2018-12-23T14:38:30.849+0300: 527780.878: Total time for which application threads were stopped: 0.0001527 seconds, Stopping threads took: 0.0000324 seconds
2018-12-23T14:38:30.850+0300: 527780.878: Total time for which application threads were stopped: 0.0000858 seconds, Stopping threads took: 0.0000111 seconds
2018-12-23T14:39:48.009+0300: 527858.038: Total time for which application threads were stopped: 0.0001493 seconds, Stopping threads took: 0.0000363 seconds
2018-12-23T14:40:37.318+0300: 527907.347: Total time for which application threads were stopped: 0.0002044 seconds, Stopping threads took: 0.0000909 seconds
2018-12-23T14:40:37.383+0300: 527907.412: Total time for which application threads were stopped: 0.0001169 seconds, Stopping threads took: 0.0000226 seconds
2018-12-23T14:40:37.401+0300: 527907.430: Total time for which application threads were stopped: 0.0163750 seconds, Stopping threads took: 0.0000222 seconds
2018-12-23T14:40:37.402+0300: 527907.431: Total time for which application threads were stopped: 0.0001050 seconds, Stopping threads took: 0.0000213 seconds
2018-12-23T14:40:37.774+0300: 527907.810: Total time for which application threads were stopped: 0.0580578 seconds, Stopping threads took: 0.0578308 seconds
2018-12-23T14:40:37.774+0300: 527907.810: Total time for which application threads were stopped: 0.0002577 seconds, Stopping threads took: 0.0000734 seconds
2018-12-23T14:40:37.774+0300: 527907.810: Total time for which application threads were stopped: 0.0002133 seconds, Stopping threads took: 0.0000521 seconds
2018-12-23T14:40:37.774+0300: 527907.811: Total time for which application threads were stopped: 0.0006997 seconds, Stopping threads took: 0.0001216 seconds
2018-12-23T14:40:46.919+0300: 527916.948: Total time for which application threads were stopped: 0.0001220 seconds, Stopping threads took: 0.0000346 seconds
2018-12-23T14:40:46.920+0300: 527916.949: Total time for which application threads were stopped: 0.0001417 seconds, Stopping threads took: 0.0000380 seconds
2018-12-23T14:40:47.925+0300: 527917.954: Total time for which application threads were stopped: 0.0002906 seconds, Stopping threads took: 0.0000777 seconds
2018-12-23T14:40:58.520+0300: 527928.548: Total time for which application threads were stopped: 0.0001391 seconds, Stopping threads took: 0.0000341 seconds
2018-12-23T14:40:58.520+0300: 527928.549: Total time for which application threads were stopped: 0.0002586 seconds, Stopping threads took: 0.0000299 seconds
2018-12-23T14:43:40.013+0300: 528090.041: Total time for which application threads were stopped: 0.0005568 seconds, Stopping threads took: 0.0001114 seconds
2018-12-23T14:43:40.014+0300: 528090.042: Total time for which application threads were stopped: 0.0003362 seconds, Stopping threads took: 0.0000734 seconds
2018-12-23T14:43:40.014+0300: 528090.043: Total time for which application threads were stopped: 0.0004898 seconds, Stopping threads took: 0.0002313 seconds
2018-12-23T14:43:40.015+0300: 528090.043: Total time for which application threads were stopped: 0.0003354 seconds, Stopping threads took: 0.0000521 seconds
2018-12-23T14:43:40.015+0300: 528090.044: Total time for which application threads were stopped: 0.0004561 seconds, Stopping threads took: 0.0002291 seconds
2018-12-23T14:43:40.016+0300: 528090.044: Total time for which application threads were stopped: 0.0002462 seconds, Stopping threads took: 0.0000794 seconds
2018-12-23T14:43:41.017+0300: 528091.045: Total time for which application threads were stopped: 0.0001250 seconds, Stopping threads took: 0.0000435 seconds
2018-12-23T14:43:44.018+0300: 528094.046: Total time for which application threads were stopped: 0.0001387 seconds, Stopping threads took: 0.0000457 seconds
2018-12-23T14:43:45.947+0300: 528095.976: Total time for which application threads were stopped: 0.0001186 seconds, Stopping threads took: 0.0000277 seconds
2018-12-23T14:44:55.679+0300: 528165.708: Total time for which application threads were stopped: 0.0001617 seconds, Stopping threads took: 0.0000533 seconds
2018-12-23T14:44:55.701+0300: 528165.730: Total time for which application threads were stopped: 0.0001472 seconds, Stopping threads took: 0.0000316 seconds
2018-12-23T14:44:55.744+0300: 528165.772: Total time for which application threads were stopped: 0.0001118 seconds, Stopping threads took: 0.0000209 seconds
2018-12-23T14:44:55.744+0300: 528165.773: Total time for which application threads were stopped: 0.0000905 seconds, Stopping threads took: 0.0000119 seconds
2018-12-23T14:44:55.996+0300: 528166.025: Total time for which application threads were stopped: 0.0029423 seconds, Stopping threads took: 0.0027358 seconds
2018-12-23T14:44:55.997+0300: 528166.025: Total time for which application threads were stopped: 0.0003093 seconds, Stopping threads took: 0.0001259 seconds
2018-12-23T14:44:55.998+0300: 528166.026: Total time for which application threads were stopped: 0.0003584 seconds, Stopping threads took: 0.0002206 seconds
2018-12-23T14:45:03.853+0300: 528173.882: Total time for which application threads were stopped: 0.0001609 seconds, Stopping threads took: 0.0000683 seconds
2018-12-23T14:45:03.854+0300: 528173.882: Total time for which application threads were stopped: 0.0001818 seconds, Stopping threads took: 0.0000623 seconds
2018-12-23T14:45:04.854+0300: 528174.883: Total time for which application threads were stopped: 0.0002726 seconds, Stopping threads took: 0.0000730 seconds
2018-12-23T14:45:13.844+0300: 528183.873: Total time for which application threads were stopped: 0.0001579 seconds, Stopping threads took: 0.0000346 seconds
2018-12-23T14:45:13.844+0300: 528183.873: Total time for which application threads were stopped: 0.0001135 seconds, Stopping threads took: 0.0000235 seconds
2018-12-23T14:45:13.844+0300: 528183.873: Total time for which application threads were stopped: 0.0001323 seconds, Stopping threads took: 0.0000491 seconds
2018-12-23T14:45:13.844+0300: 528183.873: Total time for which application threads were stopped: 0.0000870 seconds, Stopping threads took: 0.0000128 seconds
2018-12-23T14:45:13.844+0300: 528183.873: Total time for which application threads were stopped: 0.0000704 seconds, Stopping threads took: 0.0000132 seconds
2018-12-23T14:45:13.845+0300: 528183.874: Total time for which application threads were stopped: 0.0001694 seconds, Stopping threads took: 0.0000567 seconds
2018-12-23T14:45:13.845+0300: 528183.874: Total time for which application threads were stopped: 0.0001118 seconds, Stopping threads took: 0.0000256 seconds
2018-12-23T14:45:13.846+0300: 528183.875: Total time for which application threads were stopped: 0.0001131 seconds, Stopping threads took: 0.0000179 seconds
2018-12-23T14:45:13.846+0300: 528183.875: Total time for which application threads were stopped: 0.0001540 seconds, Stopping threads took: 0.0000158 seconds
2018-12-23T14:45:13.846+0300: 528183.875: Total time for which application threads were stopped: 0.0001335 seconds, Stopping threads took: 0.0000201 seconds
2018-12-23T14:45:13.846+0300: 528183.875: Total time for which application threads were stopped: 0.0000815 seconds, Stopping threads took: 0.0000128 seconds
2018-12-23T14:45:13.846+0300: 528183.875: Total time for which application threads were stopped: 0.0001114 seconds, Stopping threads took: 0.0000137 seconds
2018-12-23T14:45:13.847+0300: 528183.876: Total time for which application threads were stopped: 0.0004361 seconds, Stopping threads took: 0.0000132 seconds
2018-12-23T14:45:14.848+0300: 528184.876: Total time for which application threads were stopped: 0.0002569 seconds, Stopping threads took: 0.0000619 seconds
2018-12-23T15:22:00.412+0300: 530390.441: Total time for which application threads were stopped: 0.0003985 seconds, Stopping threads took: 0.0000422 seconds
2018-12-23T15:22:01.413+0300: 530391.442: Total time for which application threads were stopped: 0.0001088 seconds, Stopping threads took: 0.0000247 seconds
2018-12-23T15:22:34.064+0300: 530424.092: Total time for which application threads were stopped: 0.0001331 seconds, Stopping threads took: 0.0000329 seconds
2018-12-23T15:22:34.079+0300: 530424.110: Total time for which application threads were stopped: 0.0005146 seconds, Stopping threads took: 0.0003763 seconds
2018-12-23T15:22:34.349+0300: 530424.378: Total time for which application threads were stopped: 0.0002449 seconds, Stopping threads took: 0.0000738 seconds
2018-12-23T15:22:34.353+0300: 530424.381: Total time for which application threads were stopped: 0.0002735 seconds, Stopping threads took: 0.0000900 seconds
2018-12-23T15:22:35.354+0300: 530425.382: Total time for which application threads were stopped: 0.0000973 seconds, Stopping threads took: 0.0000273 seconds
2018-12-23T15:22:38.987+0300: 530429.016: Total time for which application threads were stopped: 0.0001395 seconds, Stopping threads took: 0.0000341 seconds
2018-12-23T15:22:38.988+0300: 530429.017: Total time for which application threads were stopped: 0.0001318 seconds, Stopping threads took: 0.0000265 seconds
2018-12-23T15:22:38.988+0300: 530429.017: Total time for which application threads were stopped: 0.0000956 seconds, Stopping threads took: 0.0000175 seconds
2018-12-23T15:22:39.989+0300: 530430.017: Total time for which application threads were stopped: 0.0001937 seconds, Stopping threads took: 0.0000589 seconds
2018-12-23T15:24:26.142+0300: 530536.171: Total time for which application threads were stopped: 0.0004540 seconds, Stopping threads took: 0.0001271 seconds
{Heap before GC invocations=45 (full 2):
 par new generation   total 109248K, used 88570K [0x00000000e0000000, 0x00000000e8000000, 0x00000000e8000000)
  eden space 87424K,  99% used [0x00000000e0000000, 0x00000000e555fe88, 0x00000000e5560000)
  from space 21824K,   5% used [0x00000000e6ab0000, 0x00000000e6bcece8, 0x00000000e8000000)
  to   space 21824K,   0% used [0x00000000e5560000, 0x00000000e5560000, 0x00000000e6ab0000)
 concurrent mark-sweep generation total 393216K, used 30931K [0x00000000e8000000, 0x0000000100000000, 0x0000000100000000)
 Metaspace       used 44808K, capacity 46245K, committed 46436K, reserved 1089536K
  class space    used 5406K, capacity 5692K, committed 5732K, reserved 1048576K
2018-12-23T15:24:30.900+0300: 530540.929: [GC (Allocation Failure) 2018-12-23T15:24:30.900+0300: 530540.929: [ParNew
Desired survivor size 20112992 bytes, new threshold 8 (max 8)
- age   1:     677304 bytes,     677304 total
- age   3:     659040 bytes,    1336344 total
- age   4:      60864 bytes,    1397208 total
- age   6:        184 bytes,    1397392 total
: 88570K->1830K(109248K), 0.0636104 secs] 119501K->32762K(502464K), 0.0637448 secs] [Times: user=0.06 sys=0.00, real=0.06 secs] 
Heap after GC invocations=46 (full 2):
 par new generation   total 109248K, used 1830K [0x00000000e0000000, 0x00000000e8000000, 0x00000000e8000000)
  eden space 87424K,   0% used [0x00000000e0000000, 0x00000000e0000000, 0x00000000e5560000)
  from space 21824K,   8% used [0x00000000e5560000, 0x00000000e5729b30, 0x00000000e6ab0000)
  to   space 21824K,   0% used [0x00000000e6ab0000, 0x00000000e6ab0000, 0x00000000e8000000)
 concurrent mark-sweep generation total 393216K, used 30931K [0x00000000e8000000, 0x0000000100000000, 0x0000000100000000)
 Metaspace       used 44808K, capacity 46245K, committed 46436K, reserved 1089536K
  class space    used 5406K, capacity 5692K, committed 5732K, reserved 1048576K
}
2018-12-23T15:24:30.965+0300: 530540.993: Total time for which application threads were stopped: 0.0640814 seconds, Stopping threads took: 0.0000418 seconds
2018-12-23T15:24:31.965+0300: 530541.993: Total time for which application threads were stopped: 0.0001421 seconds, Stopping threads took: 0.0000380 seconds
2018-12-23T15:25:01.997+0300: 530572.025: Total time for which application threads were stopped: 0.0001408 seconds, Stopping threads took: 0.0000414 seconds
2018-12-23T15:25:44.029+0300: 530614.057: Total time for which application threads were stopped: 0.0004190 seconds, Stopping threads took: 0.0001067 seconds
2018-12-23T15:26:32.909+0300: 530662.938: Total time for which application threads were stopped: 0.0007829 seconds, Stopping threads took: 0.0006370 seconds
2018-12-23T15:26:32.909+0300: 530662.938: Total time for which application threads were stopped: 0.0000990 seconds, Stopping threads took: 0.0000162 seconds
2018-12-23T15:26:38.926+0300: 530668.954: Total time for which application threads were stopped: 0.0002569 seconds, Stopping threads took: 0.0000670 seconds
2018-12-23T15:27:57.074+0300: 530747.103: Total time for which application threads were stopped: 0.0001374 seconds, Stopping threads took: 0.0000380 seconds
2018-12-23T15:27:57.641+0300: 530747.670: Total time for which application threads were stopped: 0.0001728 seconds, Stopping threads took: 0.0000260 seconds
2018-12-23T15:27:57.641+0300: 530747.670: Total time for which application threads were stopped: 0.0001259 seconds, Stopping threads took: 0.0000213 seconds
2018-12-23T15:27:57.641+0300: 530747.670: Total time for which application threads were stopped: 0.0001109 seconds, Stopping threads took: 0.0000158 seconds
2018-12-23T15:27:57.642+0300: 530747.670: Total time for which application threads were stopped: 0.0002428 seconds, Stopping threads took: 0.0001429 seconds
2018-12-23T15:27:57.642+0300: 530747.671: Total time for which application threads were stopped: 0.0001088 seconds, Stopping threads took: 0.0000166 seconds
2018-12-23T15:27:57.643+0300: 530747.671: Total time for which application threads were stopped: 0.0002108 seconds, Stopping threads took: 0.0000841 seconds
2018-12-23T15:27:57.643+0300: 530747.672: Total time for which application threads were stopped: 0.0001271 seconds, Stopping threads took: 0.0000243 seconds
2018-12-23T15:27:57.643+0300: 530747.672: Total time for which application threads were stopped: 0.0001067 seconds, Stopping threads took: 0.0000171 seconds
2018-12-23T15:27:57.643+0300: 530747.672: Total time for which application threads were stopped: 0.0001225 seconds, Stopping threads took: 0.0000179 seconds
2018-12-23T15:27:57.643+0300: 530747.672: Total time for which application threads were stopped: 0.0001114 seconds, Stopping threads took: 0.0000222 seconds
2018-12-23T15:27:57.643+0300: 530747.672: Total time for which application threads were stopped: 0.0001071 seconds, Stopping threads took: 0.0000166 seconds
2018-12-23T15:27:57.644+0300: 530747.672: Total time for which application threads were stopped: 0.0001404 seconds, Stopping threads took: 0.0000414 seconds
2018-12-23T15:27:57.644+0300: 530747.672: Total time for which application threads were stopped: 0.0001122 seconds, Stopping threads took: 0.0000171 seconds
2018-12-23T15:28:00.364+0300: 530750.393: Total time for which application threads were stopped: 0.0273399 seconds, Stopping threads took: 0.0126758 seconds
2018-12-23T15:28:01.367+0300: 530751.396: Total time for which application threads were stopped: 0.0002654 seconds, Stopping threads took: 0.0000636 seconds
2018-12-23T15:36:55.652+0300: 531285.686: Total time for which application threads were stopped: 0.0002944 seconds, Stopping threads took: 0.0001519 seconds
2018-12-23T15:36:55.675+0300: 531285.708: Total time for which application threads were stopped: 0.0001323 seconds, Stopping threads took: 0.0000230 seconds
2018-12-23T15:36:55.675+0300: 531285.709: Total time for which application threads were stopped: 0.0001225 seconds, Stopping threads took: 0.0000286 seconds
2018-12-23T15:36:55.675+0300: 531285.710: Total time for which application threads were stopped: 0.0000853 seconds, Stopping threads took: 0.0000205 seconds
2018-12-23T15:36:55.925+0300: 531285.956: Total time for which application threads were stopped: 0.0002624 seconds, Stopping threads took: 0.0001310 seconds
2018-12-23T15:36:55.925+0300: 531285.957: Total time for which application threads were stopped: 0.0000990 seconds, Stopping threads took: 0.0000205 seconds
2018-12-23T15:36:55.925+0300: 531285.957: Total time for which application threads were stopped: 0.0001267 seconds, Stopping threads took: 0.0000546 seconds
2018-12-23T15:36:55.925+0300: 531285.958: Total time for which application threads were stopped: 0.0001246 seconds, Stopping threads took: 0.0000529 seconds
2018-12-23T15:37:04.698+0300: 531294.726: Total time for which application threads were stopped: 0.0001830 seconds, Stopping threads took: 0.0000704 seconds
2018-12-23T15:37:04.698+0300: 531294.727: Total time for which application threads were stopped: 0.0001378 seconds, Stopping threads took: 0.0000303 seconds
2018-12-23T15:37:04.699+0300: 531294.727: Total time for which application threads were stopped: 0.0001148 seconds, Stopping threads took: 0.0000226 seconds
2018-12-23T15:37:21.644+0300: 531311.673: Total time for which application threads were stopped: 0.0001660 seconds, Stopping threads took: 0.0000354 seconds
2018-12-23T15:37:21.645+0300: 531311.674: Total time for which application threads were stopped: 0.0001468 seconds, Stopping threads took: 0.0000299 seconds
2018-12-23T15:37:21.646+0300: 531311.674: Total time for which application threads were stopped: 0.0001335 seconds, Stopping threads took: 0.0000303 seconds
2018-12-23T15:37:21.646+0300: 531311.675: Total time for which application threads were stopped: 0.0000879 seconds, Stopping threads took: 0.0000158 seconds
2018-12-23T15:39:21.813+0300: 531431.841: Total time for which application threads were stopped: 0.0001651 seconds, Stopping threads took: 0.0000452 seconds
2018-12-23T15:45:15.499+0300: 531785.527: Total time for which application threads were stopped: 0.0001835 seconds, Stopping threads took: 0.0000486 seconds
2018-12-23T15:45:15.501+0300: 531785.530: Total time for which application threads were stopped: 0.0001250 seconds, Stopping threads took: 0.0000222 seconds
2018-12-23T15:45:15.527+0300: 531785.565: Total time for which application threads were stopped: 0.0002014 seconds, Stopping threads took: 0.0000721 seconds
2018-12-23T15:45:15.527+0300: 531785.565: Total time for which application threads were stopped: 0.0001045 seconds, Stopping threads took: 0.0000307 seconds
2018-12-23T15:45:15.527+0300: 531785.566: Total time for which application threads were stopped: 0.0001468 seconds, Stopping threads took: 0.0000708 seconds
2018-12-23T15:45:15.527+0300: 531785.566: Total time for which application threads were stopped: 0.0001088 seconds, Stopping threads took: 0.0000572 seconds
2018-12-23T15:45:15.527+0300: 531785.566: Total time for which application threads were stopped: 0.0001378 seconds, Stopping threads took: 0.0000542 seconds
2018-12-23T15:45:15.527+0300: 531785.566: Total time for which application threads were stopped: 0.0001105 seconds, Stopping threads took: 0.0000542 seconds
2018-12-23T15:45:15.527+0300: 531785.566: Total time for which application threads were stopped: 0.0001067 seconds, Stopping threads took: 0.0000503 seconds
2018-12-23T15:45:15.527+0300: 531785.567: Total time for which application threads were stopped: 0.0002675 seconds, Stopping threads took: 0.0000717 seconds
2018-12-23T15:45:15.527+0300: 531785.567: Total time for which application threads were stopped: 0.0001024 seconds, Stopping threads took: 0.0000367 seconds
2018-12-23T15:45:15.527+0300: 531785.568: Total time for which application threads were stopped: 0.0003260 seconds, Stopping threads took: 0.0000725 seconds
2018-12-23T15:45:16.528+0300: 531786.556: Total time for which application threads were stopped: 0.0004032 seconds, Stopping threads took: 0.0001054 seconds
2018-12-23T15:45:40.644+0300: 531810.673: Total time for which application threads were stopped: 0.0001600 seconds, Stopping threads took: 0.0000320 seconds
2018-12-23T15:47:40.805+0300: 531930.833: Total time for which application threads were stopped: 0.0002074 seconds, Stopping threads took: 0.0000700 seconds
2018-12-23T15:47:59.804+0300: 531949.836: Total time for which application threads were stopped: 0.0006758 seconds, Stopping threads took: 0.0005632 seconds
2018-12-23T15:47:59.824+0300: 531949.853: Total time for which application threads were stopped: 0.0084373 seconds, Stopping threads took: 0.0083319 seconds
2018-12-23T15:47:59.826+0300: 531949.855: Total time for which application threads were stopped: 0.0001220 seconds, Stopping threads took: 0.0000367 seconds
2018-12-23T15:47:59.827+0300: 531949.855: Total time for which application threads were stopped: 0.0001903 seconds, Stopping threads took: 0.0000789 seconds
2018-12-23T15:48:00.059+0300: 531950.092: Total time for which application threads were stopped: 0.0002368 seconds, Stopping threads took: 0.0000742 seconds
2018-12-23T15:48:00.059+0300: 531950.092: Total time for which application threads were stopped: 0.0001847 seconds, Stopping threads took: 0.0000503 seconds
2018-12-23T15:48:00.059+0300: 531950.092: Total time for which application threads were stopped: 0.0003452 seconds, Stopping threads took: 0.0002108 seconds
2018-12-23T15:48:01.073+0300: 531951.102: Total time for which application threads were stopped: 0.0001229 seconds, Stopping threads took: 0.0000329 seconds
2018-12-23T15:48:49.076+0300: 531999.104: Total time for which application threads were stopped: 0.0001340 seconds, Stopping threads took: 0.0000431 seconds
2018-12-23T15:48:49.076+0300: 531999.105: Total time for which application threads were stopped: 0.0001229 seconds, Stopping threads took: 0.0000166 seconds
2018-12-23T16:00:07.341+0300: 532677.370: Total time for which application threads were stopped: 0.0001378 seconds, Stopping threads took: 0.0000367 seconds
2018-12-23T16:00:07.378+0300: 532677.408: Total time for which application threads were stopped: 0.0317435 seconds, Stopping threads took: 0.0316151 seconds
2018-12-23T16:00:07.394+0300: 532677.422: Total time for which application threads were stopped: 0.0128832 seconds, Stopping threads took: 0.0127560 seconds
2018-12-23T16:00:07.395+0300: 532677.423: Total time for which application threads were stopped: 0.0001097 seconds, Stopping threads took: 0.0000265 seconds
2018-12-23T16:00:07.397+0300: 532677.425: Total time for which application threads were stopped: 0.0001527 seconds, Stopping threads took: 0.0000499 seconds
2018-12-23T16:00:07.618+0300: 532677.647: Total time for which application threads were stopped: 0.0002291 seconds, Stopping threads took: 0.0000550 seconds
2018-12-23T16:00:07.620+0300: 532677.649: Total time for which application threads were stopped: 0.0001758 seconds, Stopping threads took: 0.0000461 seconds
2018-12-23T16:00:07.620+0300: 532677.649: Total time for which application threads were stopped: 0.0001472 seconds, Stopping threads took: 0.0000337 seconds
2018-12-23T16:00:07.620+0300: 532677.649: Total time for which application threads were stopped: 0.0001387 seconds, Stopping threads took: 0.0000290 seconds
2018-12-23T16:00:08.621+0300: 532678.650: Total time for which application threads were stopped: 0.0001280 seconds, Stopping threads took: 0.0000329 seconds
2018-12-23T16:08:01.390+0300: 533151.418: Total time for which application threads were stopped: 0.0003554 seconds, Stopping threads took: 0.0000542 seconds
2018-12-23T16:08:01.390+0300: 533151.419: Total time for which application threads were stopped: 0.0000943 seconds, Stopping threads took: 0.0000320 seconds
2018-12-23T16:08:02.390+0300: 533152.419: Total time for which application threads were stopped: 0.0001203 seconds, Stopping threads took: 0.0000358 seconds
2018-12-23T16:09:08.740+0300: 533218.768: Total time for which application threads were stopped: 0.0003575 seconds, Stopping threads took: 0.0000354 seconds
2018-12-23T16:09:08.740+0300: 533218.769: Total time for which application threads were stopped: 0.0000862 seconds, Stopping threads took: 0.0000324 seconds
2018-12-23T16:09:08.745+0300: 533218.774: Total time for which application threads were stopped: 0.0001323 seconds, Stopping threads took: 0.0000380 seconds
2018-12-23T16:09:08.746+0300: 533218.775: Total time for which application threads were stopped: 0.0000986 seconds, Stopping threads took: 0.0000222 seconds
2018-12-23T16:09:08.746+0300: 533218.775: Total time for which application threads were stopped: 0.0002534 seconds, Stopping threads took: 0.0000162 seconds
2018-12-23T16:09:08.749+0300: 533218.777: Total time for which application threads were stopped: 0.0001340 seconds, Stopping threads took: 0.0000418 seconds
2018-12-23T16:09:09.083+0300: 533219.112: Total time for which application threads were stopped: 0.0002223 seconds, Stopping threads took: 0.0000525 seconds
2018-12-23T16:09:09.085+0300: 533219.114: Total time for which application threads were stopped: 0.0002167 seconds, Stopping threads took: 0.0000538 seconds
2018-12-23T16:09:09.086+0300: 533219.115: Total time for which application threads were stopped: 0.0006225 seconds, Stopping threads took: 0.0000427 seconds
2018-12-23T16:09:09.086+0300: 533219.115: Total time for which application threads were stopped: 0.0001630 seconds, Stopping threads took: 0.0000307 seconds
2018-12-23T16:09:09.088+0300: 533219.117: Total time for which application threads were stopped: 0.0003093 seconds, Stopping threads took: 0.0001105 seconds
2018-12-23T16:09:09.089+0300: 533219.118: Total time for which application threads were stopped: 0.0001707 seconds, Stopping threads took: 0.0000414 seconds
2018-12-23T16:09:09.096+0300: 533219.125: Total time for which application threads were stopped: 0.0002466 seconds, Stopping threads took: 0.0000738 seconds
2018-12-23T16:11:34.336+0300: 533364.364: Total time for which application threads were stopped: 0.0001562 seconds, Stopping threads took: 0.0000367 seconds
2018-12-23T16:11:34.336+0300: 533364.365: Total time for which application threads were stopped: 0.0000930 seconds, Stopping threads took: 0.0000320 seconds
2018-12-23T16:11:34.337+0300: 533364.365: Total time for which application threads were stopped: 0.0000841 seconds, Stopping threads took: 0.0000299 seconds
2018-12-23T16:12:14.021+0300: 533404.049: Total time for which application threads were stopped: 0.0001647 seconds, Stopping threads took: 0.0000405 seconds
2018-12-23T16:12:14.027+0300: 533404.055: Total time for which application threads were stopped: 0.0001549 seconds, Stopping threads took: 0.0000286 seconds
2018-12-23T16:12:14.028+0300: 533404.057: Total time for which application threads were stopped: 0.0001647 seconds, Stopping threads took: 0.0000337 seconds
2018-12-23T16:12:14.028+0300: 533404.057: Total time for which application threads were stopped: 0.0000934 seconds, Stopping threads took: 0.0000137 seconds
2018-12-23T16:12:14.030+0300: 533404.058: Total time for which application threads were stopped: 0.0001545 seconds, Stopping threads took: 0.0000303 seconds
2018-12-23T16:12:14.209+0300: 533404.238: Total time for which application threads were stopped: 0.0001109 seconds, Stopping threads took: 0.0000260 seconds
2018-12-23T16:12:14.210+0300: 533404.239: Total time for which application threads were stopped: 0.0000917 seconds, Stopping threads took: 0.0000205 seconds
2018-12-23T16:12:14.210+0300: 533404.240: Total time for which application threads were stopped: 0.0000781 seconds, Stopping threads took: 0.0000158 seconds
2018-12-23T16:12:14.210+0300: 533404.240: Total time for which application threads were stopped: 0.0000614 seconds, Stopping threads took: 0.0000124 seconds
2018-12-23T16:12:14.214+0300: 533404.244: Total time for which application threads were stopped: 0.0039432 seconds, Stopping threads took: 0.0000422 seconds
2018-12-23T16:12:39.548+0300: 533429.577: Total time for which application threads were stopped: 0.0001562 seconds, Stopping threads took: 0.0000525 seconds
2018-12-23T16:12:39.560+0300: 533429.589: Total time for which application threads were stopped: 0.0112256 seconds, Stopping threads took: 0.0111300 seconds
2018-12-23T16:12:40.560+0300: 533430.589: Total time for which application threads were stopped: 0.0001263 seconds, Stopping threads took: 0.0000290 seconds
2018-12-23T16:19:56.605+0300: 533866.634: Total time for which application threads were stopped: 0.0001365 seconds, Stopping threads took: 0.0000337 seconds
2018-12-23T16:19:56.624+0300: 533866.653: Total time for which application threads were stopped: 0.0001079 seconds, Stopping threads took: 0.0000226 seconds
2018-12-23T16:19:56.625+0300: 533866.654: Total time for which application threads were stopped: 0.0001079 seconds, Stopping threads took: 0.0000346 seconds
2018-12-23T16:19:56.625+0300: 533866.654: Total time for which application threads were stopped: 0.0000704 seconds, Stopping threads took: 0.0000252 seconds
2018-12-23T16:19:56.626+0300: 533866.655: Total time for which application threads were stopped: 0.0001766 seconds, Stopping threads took: 0.0001075 seconds
2018-12-23T16:19:56.780+0300: 533866.809: Total time for which application threads were stopped: 0.0002709 seconds, Stopping threads took: 0.0001489 seconds
2018-12-23T16:19:56.794+0300: 533866.823: Total time for which application threads were stopped: 0.0130982 seconds, Stopping threads took: 0.0129903 seconds
2018-12-23T16:19:56.795+0300: 533866.823: Total time for which application threads were stopped: 0.0001357 seconds, Stopping threads took: 0.0000388 seconds
2018-12-23T16:19:56.795+0300: 533866.823: Total time for which application threads were stopped: 0.0001105 seconds, Stopping threads took: 0.0000316 seconds
2018-12-23T16:19:56.813+0300: 533866.841: Total time for which application threads were stopped: 0.0169271 seconds, Stopping threads took: 0.0000469 seconds
2018-12-23T16:24:02.875+0300: 534112.903: Total time for which application threads were stopped: 0.0481608 seconds, Stopping threads took: 0.0479168 seconds
2018-12-23T16:24:02.875+0300: 534112.904: Total time for which application threads were stopped: 0.0002641 seconds, Stopping threads took: 0.0000230 seconds
2018-12-23T16:24:02.895+0300: 534112.925: Total time for which application threads were stopped: 0.0001203 seconds, Stopping threads took: 0.0000282 seconds
{Heap before GC invocations=46 (full 2):
 par new generation   total 109248K, used 89236K [0x00000000e0000000, 0x00000000e8000000, 0x00000000e8000000)
  eden space 87424K,  99% used [0x00000000e0000000, 0x00000000e555b648, 0x00000000e5560000)
  from space 21824K,   8% used [0x00000000e5560000, 0x00000000e5729b30, 0x00000000e6ab0000)
  to   space 21824K,   0% used [0x00000000e6ab0000, 0x00000000e6ab0000, 0x00000000e8000000)
 concurrent mark-sweep generation total 393216K, used 30931K [0x00000000e8000000, 0x0000000100000000, 0x0000000100000000)
 Metaspace       used 45066K, capacity 46593K, committed 46692K, reserved 1089536K
  class space    used 5408K, capacity 5692K, committed 5732K, reserved 1048576K
2018-12-23T16:24:02.895+0300: 534112.927: [GC (Allocation Failure) 2018-12-23T16:24:02.895+0300: 534112.927: [ParNew
Desired survivor size 20112992 bytes, new threshold 8 (max 8)
- age   1:    1315952 bytes,    1315952 total
- age   2:     251696 bytes,    1567648 total
- age   4:     589288 bytes,    2156936 total
- age   5:      60312 bytes,    2217248 total
- age   7:        184 bytes,    2217432 total
: 89236K->2253K(109248K), 0.0983299 secs] 120168K->33185K(502464K), 0.0984648 secs] [Times: user=0.08 sys=0.00, real=0.09 secs] 
Heap after GC invocations=47 (full 2):
 par new generation   total 109248K, used 2253K [0x00000000e0000000, 0x00000000e8000000, 0x00000000e8000000)
  eden space 87424K,   0% used [0x00000000e0000000, 0x00000000e0000000, 0x00000000e5560000)
  from space 21824K,  10% used [0x00000000e6ab0000, 0x00000000e6ce3710, 0x00000000e8000000)
  to   space 21824K,   0% used [0x00000000e5560000, 0x00000000e5560000, 0x00000000e6ab0000)
 concurrent mark-sweep generation total 393216K, used 30931K [0x00000000e8000000, 0x0000000100000000, 0x0000000100000000)
 Metaspace       used 45066K, capacity 46593K, committed 46692K, reserved 1089536K
  class space    used 5408K, capacity 5692K, committed 5732K, reserved 1048576K
}
2018-12-23T16:24:02.989+0300: 534113.025: Total time for which application threads were stopped: 0.0987135 seconds, Stopping threads took: 0.0000260 seconds
2018-12-23T16:24:02.989+0300: 534113.026: Total time for which application threads were stopped: 0.0002342 seconds, Stopping threads took: 0.0000917 seconds
2018-12-23T16:24:02.989+0300: 534113.029: Total time for which application threads were stopped: 0.0001724 seconds, Stopping threads took: 0.0000375 seconds
2018-12-23T16:24:03.004+0300: 534113.033: Total time for which application threads were stopped: 0.0001574 seconds, Stopping threads took: 0.0000461 seconds
2018-12-23T16:24:03.245+0300: 534113.288: Total time for which application threads were stopped: 0.0002163 seconds, Stopping threads took: 0.0000525 seconds
2018-12-23T16:24:03.261+0300: 534113.290: Total time for which application threads were stopped: 0.0002398 seconds, Stopping threads took: 0.0000670 seconds
2018-12-23T16:24:03.261+0300: 534113.290: Total time for which application threads were stopped: 0.0002052 seconds, Stopping threads took: 0.0000704 seconds
2018-12-23T16:24:03.261+0300: 534113.291: Total time for which application threads were stopped: 0.0004821 seconds, Stopping threads took: 0.0003648 seconds
2018-12-23T16:24:03.261+0300: 534113.291: Total time for which application threads were stopped: 0.0003802 seconds, Stopping threads took: 0.0002308 seconds
2018-12-23T16:24:03.261+0300: 534113.292: Total time for which application threads were stopped: 0.0002138 seconds, Stopping threads took: 0.0000730 seconds
2018-12-23T16:30:57.047+0300: 534527.076: Total time for which application threads were stopped: 0.0001600 seconds, Stopping threads took: 0.0000341 seconds
2018-12-23T16:30:57.048+0300: 534527.077: Total time for which application threads were stopped: 0.0000926 seconds, Stopping threads took: 0.0000196 seconds
2018-12-23T16:30:57.049+0300: 534527.078: Total time for which application threads were stopped: 0.0001327 seconds, Stopping threads took: 0.0000299 seconds
2018-12-23T16:30:57.049+0300: 534527.078: Total time for which application threads were stopped: 0.0000713 seconds, Stopping threads took: 0.0000299 seconds
2018-12-23T16:30:58.051+0300: 534528.079: Total time for which application threads were stopped: 0.0001058 seconds, Stopping threads took: 0.0000286 seconds
2018-12-23T16:31:14.092+0300: 534544.127: Total time for which application threads were stopped: 0.0001109 seconds, Stopping threads took: 0.0000256 seconds
2018-12-23T16:31:14.108+0300: 534544.145: Total time for which application threads were stopped: 0.0166767 seconds, Stopping threads took: 0.0165564 seconds
2018-12-23T16:31:14.123+0300: 534544.166: Total time for which application threads were stopped: 0.0001566 seconds, Stopping threads took: 0.0000371 seconds
2018-12-23T16:31:14.139+0300: 534544.167: Total time for which application threads were stopped: 0.0002048 seconds, Stopping threads took: 0.0000789 seconds
2018-12-23T16:31:14.139+0300: 534544.169: Total time for which application threads were stopped: 0.0001220 seconds, Stopping threads took: 0.0000286 seconds
2018-12-23T16:31:14.139+0300: 534544.169: Total time for which application threads were stopped: 0.0001207 seconds, Stopping threads took: 0.0000478 seconds
2018-12-23T16:31:14.139+0300: 534544.169: Total time for which application threads were stopped: 0.0000721 seconds, Stopping threads took: 0.0000256 seconds
2018-12-23T16:31:14.139+0300: 534544.170: Total time for which application threads were stopped: 0.0001062 seconds, Stopping threads took: 0.0000333 seconds
2018-12-23T16:31:14.139+0300: 534544.170: Total time for which application threads were stopped: 0.0000670 seconds, Stopping threads took: 0.0000132 seconds
2018-12-23T16:31:14.139+0300: 534544.170: Total time for which application threads were stopped: 0.0001020 seconds, Stopping threads took: 0.0000521 seconds
2018-12-23T16:31:14.139+0300: 534544.170: Total time for which application threads were stopped: 0.0000815 seconds, Stopping threads took: 0.0000124 seconds
2018-12-23T16:31:14.139+0300: 534544.170: Total time for which application threads were stopped: 0.0000862 seconds, Stopping threads took: 0.0000141 seconds
2018-12-23T16:31:14.139+0300: 534544.171: Total time for which application threads were stopped: 0.0001660 seconds, Stopping threads took: 0.0000747 seconds
2018-12-23T16:31:14.139+0300: 534544.171: Total time for which application threads were stopped: 0.0002432 seconds, Stopping threads took: 0.0000333 seconds
2018-12-23T16:31:14.139+0300: 534544.172: Total time for which application threads were stopped: 0.0001988 seconds, Stopping threads took: 0.0000900 seconds
2018-12-23T16:31:14.139+0300: 534544.172: Total time for which application threads were stopped: 0.0001105 seconds, Stopping threads took: 0.0000363 seconds
2018-12-23T16:31:14.139+0300: 534544.173: Total time for which application threads were stopped: 0.0000785 seconds, Stopping threads took: 0.0000201 seconds
2018-12-23T16:31:14.139+0300: 534544.173: Total time for which application threads were stopped: 0.0000909 seconds, Stopping threads took: 0.0000192 seconds
2018-12-23T16:31:18.475+0300: 534548.504: Total time for which application threads were stopped: 0.0001190 seconds, Stopping threads took: 0.0000393 seconds
2018-12-23T16:34:56.643+0300: 534766.672: Total time for which application threads were stopped: 0.0001839 seconds, Stopping threads took: 0.0000559 seconds
2018-12-23T16:34:56.644+0300: 534766.672: Total time for which application threads were stopped: 0.0000922 seconds, Stopping threads took: 0.0000282 seconds
2018-12-23T16:35:59.937+0300: 534829.966: Total time for which application threads were stopped: 0.0121293 seconds, Stopping threads took: 0.0119744 seconds
2018-12-23T16:35:59.939+0300: 534829.967: Total time for which application threads were stopped: 0.0002530 seconds, Stopping threads took: 0.0001126 seconds
2018-12-23T16:35:59.939+0300: 534829.968: Total time for which application threads were stopped: 0.0002082 seconds, Stopping threads took: 0.0001101 seconds
2018-12-23T16:36:00.215+0300: 534830.251: Total time for which application threads were stopped: 0.0213555 seconds, Stopping threads took: 0.0211430 seconds
2018-12-23T16:36:00.215+0300: 534830.251: Total time for which application threads were stopped: 0.0001869 seconds, Stopping threads took: 0.0000431 seconds
2018-12-23T16:36:00.215+0300: 534830.252: Total time for which application threads were stopped: 0.0003631 seconds, Stopping threads took: 0.0002189 seconds
2018-12-23T16:36:00.215+0300: 534830.252: Total time for which application threads were stopped: 0.0004045 seconds, Stopping threads took: 0.0002756 seconds
2018-12-23T16:36:00.215+0300: 534830.253: Total time for which application threads were stopped: 0.0003964 seconds, Stopping threads took: 0.0002342 seconds
2018-12-23T16:36:01.216+0300: 534831.244: Total time for which application threads were stopped: 0.0001152 seconds, Stopping threads took: 0.0000375 seconds
2018-12-23T16:36:10.817+0300: 534840.846: Total time for which application threads were stopped: 0.0000998 seconds, Stopping threads took: 0.0000226 seconds
2018-12-23T16:36:10.817+0300: 534840.846: Total time for which application threads were stopped: 0.0000930 seconds, Stopping threads took: 0.0000316 seconds
2018-12-23T16:36:29.588+0300: 534859.616: Total time for which application threads were stopped: 0.0001950 seconds, Stopping threads took: 0.0000841 seconds
2018-12-23T16:36:29.588+0300: 534859.617: Total time for which application threads were stopped: 0.0000964 seconds, Stopping threads took: 0.0000209 seconds
2018-12-23T16:37:46.112+0300: 534936.141: Total time for which application threads were stopped: 0.0001459 seconds, Stopping threads took: 0.0000260 seconds
2018-12-23T16:37:46.113+0300: 534936.141: Total time for which application threads were stopped: 0.0000858 seconds, Stopping threads took: 0.0000119 seconds
2018-12-23T16:37:47.127+0300: 534937.155: Total time for which application threads were stopped: 0.0003166 seconds, Stopping threads took: 0.0000836 seconds
2018-12-23T16:43:37.296+0300: 535287.324: Total time for which application threads were stopped: 0.0001882 seconds, Stopping threads took: 0.0000593 seconds
2018-12-23T16:45:39.350+0300: 535409.379: Total time for which application threads were stopped: 0.0002957 seconds, Stopping threads took: 0.0000444 seconds
2018-12-23T16:47:19.427+0300: 535509.456: Total time for which application threads were stopped: 0.0002214 seconds, Stopping threads took: 0.0000614 seconds
2018-12-23T16:47:41.438+0300: 535531.467: Total time for which application threads were stopped: 0.0001404 seconds, Stopping threads took: 0.0000324 seconds
2018-12-23T16:48:07.451+0300: 535557.479: Total time for which application threads were stopped: 0.0001084 seconds, Stopping threads took: 0.0000311 seconds
2018-12-23T16:56:19.586+0300: 536049.615: Total time for which application threads were stopped: 0.0005444 seconds, Stopping threads took: 0.0002121 seconds
2018-12-23T16:56:20.587+0300: 536050.615: Total time for which application threads were stopped: 0.0001084 seconds, Stopping threads took: 0.0000307 seconds
2018-12-23T16:58:11.870+0300: 536161.898: Total time for which application threads were stopped: 0.0001903 seconds, Stopping threads took: 0.0000610 seconds
2018-12-23T16:58:15.387+0300: 536165.416: Total time for which application threads were stopped: 0.0002048 seconds, Stopping threads took: 0.0000243 seconds
2018-12-23T17:00:16.446+0300: 536286.474: Total time for which application threads were stopped: 0.0001591 seconds, Stopping threads took: 0.0000418 seconds
2018-12-23T18:17:14.603+0300: 540904.640: Total time for which application threads were stopped: 0.0003797 seconds, Stopping threads took: 0.0000845 seconds
2018-12-23T18:18:59.880+0300: 541009.917: Total time for which application threads were stopped: 0.0612706 seconds, Stopping threads took: 0.0611191 seconds
2018-12-23T18:19:00.881+0300: 541010.917: Total time for which application threads were stopped: 0.0003631 seconds, Stopping threads took: 0.0001007 seconds
2018-12-23T18:20:56.461+0300: 541126.497: Total time for which application threads were stopped: 0.0003179 seconds, Stopping threads took: 0.0000768 seconds
2018-12-23T18:23:09.414+0300: 541259.451: Total time for which application threads were stopped: 0.0003115 seconds, Stopping threads took: 0.0001395 seconds
2018-12-23T18:23:09.414+0300: 541259.452: Total time for which application threads were stopped: 0.0001126 seconds, Stopping threads took: 0.0000239 seconds
2018-12-23T18:23:09.414+0300: 541259.453: Total time for which application threads were stopped: 0.0001071 seconds, Stopping threads took: 0.0000183 seconds
2018-12-23T18:23:09.418+0300: 541259.456: Total time for which application threads were stopped: 0.0001532 seconds, Stopping threads took: 0.0000439 seconds
2018-12-23T18:23:09.676+0300: 541259.714: Total time for which application threads were stopped: 0.0004292 seconds, Stopping threads took: 0.0002364 seconds
2018-12-23T18:23:09.676+0300: 541259.717: Total time for which application threads were stopped: 0.0007347 seconds, Stopping threads took: 0.0001062 seconds
2018-12-23T18:23:09.676+0300: 541259.718: Total time for which application threads were stopped: 0.0002782 seconds, Stopping threads took: 0.0000956 seconds
2018-12-23T18:23:09.676+0300: 541259.718: Total time for which application threads were stopped: 0.0002402 seconds, Stopping threads took: 0.0000981 seconds
2018-12-23T18:23:09.676+0300: 541259.720: Total time for which application threads were stopped: 0.0002987 seconds, Stopping threads took: 0.0001451 seconds
2018-12-23T18:23:10.686+0300: 541260.722: Total time for which application threads were stopped: 0.0002795 seconds, Stopping threads took: 0.0000734 seconds
2018-12-23T18:23:26.118+0300: 541276.154: Total time for which application threads were stopped: 0.0001254 seconds, Stopping threads took: 0.0000273 seconds
2018-12-23T18:23:26.118+0300: 541276.155: Total time for which application threads were stopped: 0.0002569 seconds, Stopping threads took: 0.0001463 seconds
2018-12-23T18:23:27.118+0300: 541277.154: Total time for which application threads were stopped: 0.0003657 seconds, Stopping threads took: 0.0000768 seconds
2018-12-23T18:24:43.901+0300: 541353.938: Total time for which application threads were stopped: 0.0001801 seconds, Stopping threads took: 0.0000346 seconds
2018-12-23T18:24:43.901+0300: 541353.938: Total time for which application threads were stopped: 0.0000934 seconds, Stopping threads took: 0.0000162 seconds
2018-12-23T18:29:25.522+0300: 541635.561: Total time for which application threads were stopped: 0.0002586 seconds, Stopping threads took: 0.0000478 seconds
2018-12-23T18:29:25.522+0300: 541635.561: Total time for which application threads were stopped: 0.0001673 seconds, Stopping threads took: 0.0000209 seconds
2018-12-23T18:29:25.522+0300: 541635.561: Total time for which application threads were stopped: 0.0001766 seconds, Stopping threads took: 0.0000226 seconds
2018-12-23T18:29:25.522+0300: 541635.561: Total time for which application threads were stopped: 0.0001374 seconds, Stopping threads took: 0.0000183 seconds
2018-12-23T18:29:25.522+0300: 541635.561: Total time for which application threads were stopped: 0.0001493 seconds, Stopping threads took: 0.0000495 seconds
2018-12-23T18:29:25.526+0300: 541635.562: Total time for which application threads were stopped: 0.0001766 seconds, Stopping threads took: 0.0000299 seconds
2018-12-23T18:29:25.526+0300: 541635.563: Total time for which application threads were stopped: 0.0003785 seconds, Stopping threads took: 0.0000226 seconds
2018-12-23T18:29:27.548+0300: 541637.587: Total time for which application threads were stopped: 0.0003290 seconds, Stopping threads took: 0.0000683 seconds
2018-12-23T18:29:27.548+0300: 541637.587: Total time for which application threads were stopped: 0.0003085 seconds, Stopping threads took: 0.0000606 seconds
2018-12-23T18:29:27.548+0300: 541637.587: Total time for which application threads were stopped: 0.0002586 seconds, Stopping threads took: 0.0000452 seconds
2018-12-23T18:29:27.552+0300: 541637.588: Total time for which application threads were stopped: 0.0002505 seconds, Stopping threads took: 0.0000567 seconds
2018-12-23T18:29:27.552+0300: 541637.588: Total time for which application threads were stopped: 0.0002961 seconds, Stopping threads took: 0.0000661 seconds
2018-12-23T18:29:27.552+0300: 541637.589: Total time for which application threads were stopped: 0.0002714 seconds, Stopping threads took: 0.0000482 seconds
2018-12-23T18:29:27.552+0300: 541637.589: Total time for which application threads were stopped: 0.0002611 seconds, Stopping threads took: 0.0000465 seconds
2018-12-23T18:29:27.552+0300: 541637.591: Total time for which application threads were stopped: 0.0003776 seconds, Stopping threads took: 0.0000913 seconds
2018-12-23T18:29:28.562+0300: 541638.598: Total time for which application threads were stopped: 0.0001737 seconds, Stopping threads took: 0.0000695 seconds
2018-12-23T18:35:41.842+0300: 542011.879: Total time for which application threads were stopped: 0.0002543 seconds, Stopping threads took: 0.0000563 seconds
2018-12-23T18:35:41.843+0300: 542011.879: Total time for which application threads were stopped: 0.0001246 seconds, Stopping threads took: 0.0000235 seconds
2018-12-23T18:35:42.843+0300: 542012.880: Total time for which application threads were stopped: 0.0002385 seconds, Stopping threads took: 0.0000606 seconds
{Heap before GC invocations=47 (full 2):
 par new generation   total 109248K, used 89677K [0x00000000e0000000, 0x00000000e8000000, 0x00000000e8000000)
  eden space 87424K, 100% used [0x00000000e0000000, 0x00000000e5560000, 0x00000000e5560000)
  from space 21824K,  10% used [0x00000000e6ab0000, 0x00000000e6ce3710, 0x00000000e8000000)
  to   space 21824K,   0% used [0x00000000e5560000, 0x00000000e5560000, 0x00000000e6ab0000)
 concurrent mark-sweep generation total 393216K, used 30931K [0x00000000e8000000, 0x0000000100000000, 0x0000000100000000)
 Metaspace       used 45205K, capacity 46703K, committed 46948K, reserved 1091584K
  class space    used 5412K, capacity 5725K, committed 5732K, reserved 1048576K
2018-12-23T18:38:26.822+0300: 542176.859: [GC (Allocation Failure) 2018-12-23T18:38:26.822+0300: 542176.859: [ParNew
Desired survivor size 20112992 bytes, new threshold 8 (max 8)
- age   1:     528784 bytes,     528784 total
- age   2:     575280 bytes,    1104064 total
- age   3:      35240 bytes,    1139304 total
- age   5:     588872 bytes,    1728176 total
- age   6:      60312 bytes,    1788488 total
- age   8:        184 bytes,    1788672 total
: 89677K->2604K(109248K), 0.0155140 secs] 120609K->33535K(502464K), 0.0156296 secs] [Times: user=0.05 sys=0.00, real=0.02 secs] 
Heap after GC invocations=48 (full 2):
 par new generation   total 109248K, used 2604K [0x00000000e0000000, 0x00000000e8000000, 0x00000000e8000000)
  eden space 87424K,   0% used [0x00000000e0000000, 0x00000000e0000000, 0x00000000e5560000)
  from space 21824K,  11% used [0x00000000e5560000, 0x00000000e57eb030, 0x00000000e6ab0000)
  to   space 21824K,   0% used [0x00000000e6ab0000, 0x00000000e6ab0000, 0x00000000e8000000)
 concurrent mark-sweep generation total 393216K, used 30931K [0x00000000e8000000, 0x0000000100000000, 0x0000000100000000)
 Metaspace       used 45205K, capacity 46703K, committed 46948K, reserved 1091584K
  class space    used 5412K, capacity 5725K, committed 5732K, reserved 1048576K
}
2018-12-23T18:38:26.838+0300: 542176.874: Total time for which application threads were stopped: 0.0159193 seconds, Stopping threads took: 0.0000529 seconds
2018-12-23T18:38:26.859+0300: 542176.895: Total time for which application threads were stopped: 0.0001242 seconds, Stopping threads took: 0.0000265 seconds
2018-12-23T18:38:26.860+0300: 542176.897: Total time for which application threads were stopped: 0.0000973 seconds, Stopping threads took: 0.0000188 seconds
2018-12-23T18:38:26.861+0300: 542176.897: Total time for which application threads were stopped: 0.0000832 seconds, Stopping threads took: 0.0000166 seconds
2018-12-23T18:38:27.264+0300: 542177.300: Total time for which application threads were stopped: 0.0002628 seconds, Stopping threads took: 0.0000563 seconds
2018-12-23T18:38:27.266+0300: 542177.302: Total time for which application threads were stopped: 0.0003140 seconds, Stopping threads took: 0.0001353 seconds
2018-12-23T18:38:27.266+0300: 542177.303: Total time for which application threads were stopped: 0.0001933 seconds, Stopping threads took: 0.0000491 seconds
2018-12-23T18:38:27.266+0300: 542177.303: Total time for which application threads were stopped: 0.0004783 seconds, Stopping threads took: 0.0000768 seconds
2018-12-23T18:38:27.267+0300: 542177.304: Total time for which application threads were stopped: 0.0001719 seconds, Stopping threads took: 0.0000397 seconds
2018-12-23T18:38:27.267+0300: 542177.304: Total time for which application threads were stopped: 0.0002935 seconds, Stopping threads took: 0.0001634 seconds
2018-12-23T18:38:28.272+0300: 542178.308: Total time for which application threads were stopped: 0.0001664 seconds, Stopping threads took: 0.0000346 seconds
2018-12-23T18:38:37.264+0300: 542187.300: Total time for which application threads were stopped: 0.0001796 seconds, Stopping threads took: 0.0000375 seconds
2018-12-23T18:38:37.265+0300: 542187.301: Total time for which application threads were stopped: 0.0001647 seconds, Stopping threads took: 0.0000363 seconds
2018-12-23T18:38:38.265+0300: 542188.302: Total time for which application threads were stopped: 0.0002607 seconds, Stopping threads took: 0.0000640 seconds
2018-12-23T18:38:48.227+0300: 542198.262: Total time for which application threads were stopped: 0.0001822 seconds, Stopping threads took: 0.0000337 seconds
2018-12-23T18:38:48.227+0300: 542198.263: Total time for which application threads were stopped: 0.0001481 seconds, Stopping threads took: 0.0000277 seconds
2018-12-23T18:38:48.228+0300: 542198.264: Total time for which application threads were stopped: 0.0001301 seconds, Stopping threads took: 0.0000256 seconds
2018-12-23T18:38:48.228+0300: 542198.264: Total time for which application threads were stopped: 0.0001114 seconds, Stopping threads took: 0.0000183 seconds
2018-12-23T18:39:56.259+0300: 542266.295: Total time for which application threads were stopped: 0.0004745 seconds, Stopping threads took: 0.0001182 seconds
2018-12-23T18:41:08.292+0300: 542338.328: Total time for which application threads were stopped: 0.0001570 seconds, Stopping threads took: 0.0000405 seconds
2018-12-23T18:41:55.912+0300: 542385.949: Total time for which application threads were stopped: 0.0004117 seconds, Stopping threads took: 0.0000397 seconds
2018-12-23T18:41:56.088+0300: 542386.125: Total time for which application threads were stopped: 0.0183940 seconds, Stopping threads took: 0.0000533 seconds
2018-12-23T18:41:57.088+0300: 542387.125: Total time for which application threads were stopped: 0.0002799 seconds, Stopping threads took: 0.0000811 seconds
2018-12-23T18:46:31.695+0300: 542661.731: Total time for which application threads were stopped: 0.0001668 seconds, Stopping threads took: 0.0000414 seconds
{Heap before GC invocations=48 (full 2):
 par new generation   total 109248K, used 90028K [0x00000000e0000000, 0x00000000e8000000, 0x00000000e8000000)
  eden space 87424K, 100% used [0x00000000e0000000, 0x00000000e5560000, 0x00000000e5560000)
  from space 21824K,  11% used [0x00000000e5560000, 0x00000000e57eb030, 0x00000000e6ab0000)
  to   space 21824K,   0% used [0x00000000e6ab0000, 0x00000000e6ab0000, 0x00000000e8000000)
 concurrent mark-sweep generation total 393216K, used 30931K [0x00000000e8000000, 0x0000000100000000, 0x0000000100000000)
 Metaspace       used 45259K, capacity 46737K, committed 47076K, reserved 1091584K
  class space    used 5416K, capacity 5758K, committed 5860K, reserved 1048576K
2018-12-23T23:51:14.335+0300: 560986.390: [GC (Allocation Failure) 2018-12-23T23:51:14.351+0300: 560986.407: [ParNew
Desired survivor size 20112992 bytes, new threshold 8 (max 8)
- age   1:     411872 bytes,     411872 total
- age   2:     370976 bytes,     782848 total
- age   3:     507968 bytes,    1290816 total
- age   4:      35240 bytes,    1326056 total
- age   6:     588728 bytes,    1914784 total
- age   7:      60312 bytes,    1975096 total
: 90028K->2411K(109248K), 0.6426461 secs] 120959K->33343K(502464K), 0.6595898 secs] [Times: user=0.05 sys=0.02, real=0.66 secs] 
